<html>
<body>
<pre>
<h1>µVision Build Log</h1>
<h2>Project:</h2>
C:\Users\Jeehong\Desktop\FreeRTOS\Project\OS.uvproj
Project File Date:  04/06/2016

<h2>Output:</h2>
Build target 'FreeRTOS'
compiling main.c...
linking...
Program Size: Code=7992 RO-data=420 RW-data=124 ZI-data=18636  
".\OS.axf" - 0 Error(s), 0 Warning(s).
Load "C:\\Users\\Jeehong\\Desktop\\FreeRTOS\\Project\\OS.axf" 
Set JLink Project File to "C:\Users\Jeehong\Desktop\FreeRTOS\Project\JLinkSettings.ini"
* JLink Info: Device "STM32F205RG" selected (1024 KB flash, 128 KB RAM).
 
JLink info:
------------
DLL: V4.80g, compiled Feb 13 2014 20:50:02
Firmware: J-Link ARM V8 compiled Jan 31 2018 18:34:52
Hardware: V8.00
S/N : 20080643 
Feature(s) : RDI,FlashDL,FlashBP,JFlash,GDBFull 
 
* JLink Info: Found SWD-DP with ID 0x2BA01477
* JLink Info: Found SWD-DP with ID 0x2BA01477
* JLink Info: Found Cortex-M3 r2p0, Little endian.
* JLink Info: FPUnit: 6 code (BP) slots and 2 literal slots
* JLink Info: TPIU fitted.
* JLink Info: ETM fitted.
ROMTableAddr = 0xE00FF003
 
Target info:
------------
Device: STM32F205RG
VTarget = 3.351V
State of Pins: 
TCK: 0, TDI: 1, TDO: 1, TMS: 0, TRES: 1, TRST: 1
Hardware-Breakpoints: 6
Software-Breakpoints: 8192
Watchpoints:          4
JTAG speed: 2000 kHz
 
Erase Done.
Programming Done.
Verify OK.
Application running ...
</pre>
</body>
</html>
