Product: MDK-ARM Standard 5.10
Component: ARM Compiler 5.04 update 1 (build 49)
Tool: armlink [5040049]

==============================================================================

Section Cross References

    main.o(.text) refers to system_stm32f2xx.o(.text) for SystemInit
    main.o(.text) refers to app_led.o(.text) for BSP_LED_Init
    main.o(.text) refers to uarttest.o(.text) for vAltStartComTestTasks
    main.o(.text) refers to tasks.o(.text) for xTaskCreate
    serial.o(.text) refers to queue.o(.text) for xQueueGenericCreate
    serial.o(.text) refers to stm32f2xx_rcc.o(.text) for RCC_APB2PeriphClockCmd
    serial.o(.text) refers to stm32f2xx_gpio.o(.text) for GPIO_PinAFConfig
    serial.o(.text) refers to stm32f2xx_usart.o(.text) for USART_Init
    serial.o(.text) refers to misc.o(.text) for NVIC_Init
    serial.o(.text) refers to serial.o(.data) for xRxedChars
    app_led.o(.text) refers to stm32f2xx_rcc.o(.text) for RCC_AHB1PeriphClockCmd
    app_led.o(.text) refers to stm32f2xx_gpio.o(.text) for GPIO_Init
    app_led.o(.text) refers to tasks.o(.text) for vTaskDelay
    uarttest.o(.text) refers to serial.o(.text) for xSerialGetChar
    uarttest.o(.text) refers to tasks.o(.text) for vTaskDelay
    uarttest.o(.text) refers to uarttest.o(.data) for xPort
    stm32f2xx_gpio.o(.text) refers to stm32f2xx_rcc.o(.text) for RCC_AHB1PeriphResetCmd
    stm32f2xx_rcc.o(.text) refers to stm32f2xx_rcc.o(.data) for APBAHBPrescTable
    cstartup.o(RESET) refers to cstartup.o(STACK) for __initial_sp
    cstartup.o(RESET) refers to cstartup.o(.text) for Reset_Handler
    cstartup.o(RESET) refers to stm32f2xx_it.o(.text) for NMI_Handler
    cstartup.o(RESET) refers to port.o(.emb_text) for vPortSVCHandler
    cstartup.o(RESET) refers to port.o(.text) for xPortSysTickHandler
    cstartup.o(RESET) refers to serial.o(.text) for USART1_IRQHandler
    cstartup.o(.text) refers to entry.o(.ARM.Collect$$$$00000000) for __main
    system_stm32f2xx.o(.text) refers to system_stm32f2xx.o(.data) for SystemCoreClock
    stm32f2xx_usart.o(.text) refers to stm32f2xx_rcc.o(.text) for RCC_APB2PeriphResetCmd
    event_groups.o(.text) refers to heap_2.o(.text) for pvPortMalloc
    event_groups.o(.text) refers to list.o(.text) for vListInitialise
    event_groups.o(.text) refers to tasks.o(.text) for vTaskSuspendAll
    event_groups.o(.text) refers to port.o(.text) for vPortEnterCritical
    queue.o(.text) refers to port.o(.text) for vPortEnterCritical
    queue.o(.text) refers to tasks.o(.text) for xTaskRemoveFromEventList
    queue.o(.text) refers to list.o(.text) for vListInitialise
    queue.o(.text) refers to heap_2.o(.text) for pvPortMalloc
    queue.o(.text) refers to memcpya.o(.text) for __aeabi_memcpy
    tasks.o(.text) refers to list.o(.text) for vListInitialise
    tasks.o(.text) refers to port.o(.text) for vPortEnterCritical
    tasks.o(.text) refers to heap_2.o(.text) for pvPortMalloc
    tasks.o(.text) refers to tasks.o(.bss) for pxReadyTasksLists
    tasks.o(.text) refers to tasks.o(.data) for pxDelayedTaskList
    port.o(.emb_text) refers to tasks.o(.text) for vTaskSwitchContext
    port.o(.emb_text) refers to tasks.o(.data) for pxCurrentTCB
    port.o(.text) refers to port.o(.emb_text) for __asm___6_port_c_39a90d8d__prvStartFirstTask
    port.o(.text) refers to tasks.o(.text) for xTaskIncrementTick
    port.o(.text) refers to port.o(.data) for uxCriticalNesting
    heap_2.o(.text) refers to tasks.o(.text) for vTaskSuspendAll
    heap_2.o(.text) refers to heap_2.o(.bss) for ucHeap
    heap_2.o(.text) refers to heap_2.o(.data) for xStart
    entry.o(.ARM.Collect$$$$00000000) refers (Special) to entry10a.o(.ARM.Collect$$$$0000000D) for __rt_final_cpp
    entry.o(.ARM.Collect$$$$00000000) refers (Special) to entry11a.o(.ARM.Collect$$$$0000000F) for __rt_final_exit
    entry.o(.ARM.Collect$$$$00000000) refers (Special) to entry7b.o(.ARM.Collect$$$$00000008) for _main_clock
    entry.o(.ARM.Collect$$$$00000000) refers (Special) to entry8b.o(.ARM.Collect$$$$0000000A) for _main_cpp_init
    entry.o(.ARM.Collect$$$$00000000) refers (Special) to entry9a.o(.ARM.Collect$$$$0000000B) for _main_init
    entry.o(.ARM.Collect$$$$00000000) refers (Special) to entry5.o(.ARM.Collect$$$$00000004) for _main_scatterload
    entry.o(.ARM.Collect$$$$00000000) refers (Special) to entry2.o(.ARM.Collect$$$$00000001) for _main_stk
    entry2.o(.ARM.Collect$$$$00000001) refers to entry2.o(.ARM.Collect$$$$00002712) for __lit__00000000
    entry2.o(.ARM.Collect$$$$00002712) refers to cstartup.o(STACK) for __initial_sp
    entry2.o(__vectab_stack_and_reset_area) refers to cstartup.o(STACK) for __initial_sp
    entry2.o(__vectab_stack_and_reset_area) refers to entry.o(.ARM.Collect$$$$00000000) for __main
    entry5.o(.ARM.Collect$$$$00000004) refers to init.o(.text) for __scatterload
    entry9a.o(.ARM.Collect$$$$0000000B) refers to main.o(.text) for main
    entry9b.o(.ARM.Collect$$$$0000000C) refers to main.o(.text) for main
    init.o(.text) refers to entry5.o(.ARM.Collect$$$$00000004) for __main_after_scatterload


==============================================================================

Removing Unused input sections from the image.

    Removing main.o(.rev16_text), (4 bytes).
    Removing main.o(.revsh_text), (4 bytes).
    Removing serial.o(.rev16_text), (4 bytes).
    Removing serial.o(.revsh_text), (4 bytes).
    Removing app_led.o(.rev16_text), (4 bytes).
    Removing app_led.o(.revsh_text), (4 bytes).
    Removing misc.o(.rev16_text), (4 bytes).
    Removing misc.o(.revsh_text), (4 bytes).
    Removing stm32f2xx_gpio.o(.rev16_text), (4 bytes).
    Removing stm32f2xx_gpio.o(.revsh_text), (4 bytes).
    Removing stm32f2xx_it.o(.rev16_text), (4 bytes).
    Removing stm32f2xx_it.o(.revsh_text), (4 bytes).
    Removing stm32f2xx_rcc.o(.rev16_text), (4 bytes).
    Removing stm32f2xx_rcc.o(.revsh_text), (4 bytes).
    Removing cstartup.o(HEAP), (512 bytes).
    Removing system_stm32f2xx.o(.rev16_text), (4 bytes).
    Removing system_stm32f2xx.o(.revsh_text), (4 bytes).
    Removing stm32f2xx_usart.o(.rev16_text), (4 bytes).
    Removing stm32f2xx_usart.o(.revsh_text), (4 bytes).
    Removing event_groups.o(.text), (708 bytes).

20 unused section(s) (total 1292 bytes) removed from the image.

==============================================================================

Image Symbol Table

    Local Symbols

    Symbol Name                              Value     Ov Type        Size  Object(Section)

    ../clib/microlib/init/entry.s            0x00000000   Number         0  entry9a.o ABSOLUTE
    ../clib/microlib/init/entry.s            0x00000000   Number         0  entry.o ABSOLUTE
    ../clib/microlib/init/entry.s            0x00000000   Number         0  entry11b.o ABSOLUTE
    ../clib/microlib/init/entry.s            0x00000000   Number         0  entry8a.o ABSOLUTE
    ../clib/microlib/init/entry.s            0x00000000   Number         0  entry11a.o ABSOLUTE
    ../clib/microlib/init/entry.s            0x00000000   Number         0  entry10b.o ABSOLUTE
    ../clib/microlib/init/entry.s            0x00000000   Number         0  entry10a.o ABSOLUTE
    ../clib/microlib/init/entry.s            0x00000000   Number         0  entry9b.o ABSOLUTE
    ../clib/microlib/init/entry.s            0x00000000   Number         0  entry8b.o ABSOLUTE
    ../clib/microlib/init/entry.s            0x00000000   Number         0  entry7b.o ABSOLUTE
    ../clib/microlib/init/entry.s            0x00000000   Number         0  entry7a.o ABSOLUTE
    ../clib/microlib/init/entry.s            0x00000000   Number         0  entry5.o ABSOLUTE
    ../clib/microlib/init/entry.s            0x00000000   Number         0  entry2.o ABSOLUTE
    ../clib/microlib/string/memcpy.c         0x00000000   Number         0  memcpyb.o ABSOLUTE
    ../clib/microlib/string/memcpy.c         0x00000000   Number         0  memcpya.o ABSOLUTE
    ..\APP\app_led.c                         0x00000000   Number         0  app_led.o ABSOLUTE
    ..\APP\main.c                            0x00000000   Number         0  main.o ABSOLUTE
    ..\APP\serial.c                          0x00000000   Number         0  serial.o ABSOLUTE
    ..\APP\uarttest.c                        0x00000000   Number         0  uarttest.o ABSOLUTE
    ..\FreeRTOS\croutine.c                   0x00000000   Number         0  croutine.o ABSOLUTE
    ..\FreeRTOS\event_groups.c               0x00000000   Number         0  event_groups.o ABSOLUTE
    ..\FreeRTOS\list.c                       0x00000000   Number         0  list.o ABSOLUTE
    ..\FreeRTOS\portable\MemMang\heap_2.c    0x00000000   Number         0  heap_2.o ABSOLUTE
    ..\FreeRTOS\portable\RVDS\ARM_CM3\port.c 0x00000000   Number         0  port.o ABSOLUTE
    ..\FreeRTOS\queue.c                      0x00000000   Number         0  queue.o ABSOLUTE
    ..\FreeRTOS\tasks.c                      0x00000000   Number         0  tasks.o ABSOLUTE
    ..\FreeRTOS\timers.c                     0x00000000   Number         0  timers.o ABSOLUTE
    ..\STMLIB\src\misc.c                     0x00000000   Number         0  misc.o ABSOLUTE
    ..\STMLIB\src\stm32f2xx_gpio.c           0x00000000   Number         0  stm32f2xx_gpio.o ABSOLUTE
    ..\STMLIB\src\stm32f2xx_it.c             0x00000000   Number         0  stm32f2xx_it.o ABSOLUTE
    ..\STMLIB\src\stm32f2xx_rcc.c            0x00000000   Number         0  stm32f2xx_rcc.o ABSOLUTE
    ..\STMLIB\src\stm32f2xx_usart.c          0x00000000   Number         0  stm32f2xx_usart.o ABSOLUTE
    ..\STMLIB\src\system_stm32f2xx.c         0x00000000   Number         0  system_stm32f2xx.o ABSOLUTE
    ..\STMLIB\startup\cstartup.s             0x00000000   Number         0  cstartup.o ABSOLUTE
    ..\\APP\\app_led.c                       0x00000000   Number         0  app_led.o ABSOLUTE
    ..\\APP\\main.c                          0x00000000   Number         0  main.o ABSOLUTE
    ..\\APP\\serial.c                        0x00000000   Number         0  serial.o ABSOLUTE
    ..\\FreeRTOS\\portable\\RVDS\\ARM_CM3\\port.c 0x00000000   Number         0  port.o ABSOLUTE
    ..\\STMLIB\\src\\misc.c                  0x00000000   Number         0  misc.o ABSOLUTE
    ..\\STMLIB\\src\\stm32f2xx_gpio.c        0x00000000   Number         0  stm32f2xx_gpio.o ABSOLUTE
    ..\\STMLIB\\src\\stm32f2xx_it.c          0x00000000   Number         0  stm32f2xx_it.o ABSOLUTE
    ..\\STMLIB\\src\\stm32f2xx_rcc.c         0x00000000   Number         0  stm32f2xx_rcc.o ABSOLUTE
    ..\\STMLIB\\src\\stm32f2xx_usart.c       0x00000000   Number         0  stm32f2xx_usart.o ABSOLUTE
    ..\\STMLIB\\src\\system_stm32f2xx.c      0x00000000   Number         0  system_stm32f2xx.o ABSOLUTE
    dc.s                                     0x00000000   Number         0  dc.o ABSOLUTE
    handlers.s                               0x00000000   Number         0  handlers.o ABSOLUTE
    init.s                                   0x00000000   Number         0  init.o ABSOLUTE
    RESET                                    0x08000000   Section      388  cstartup.o(RESET)
    .ARM.Collect$$$$00000000                 0x08000184   Section        0  entry.o(.ARM.Collect$$$$00000000)
    .ARM.Collect$$$$00000001                 0x08000184   Section        4  entry2.o(.ARM.Collect$$$$00000001)
    .ARM.Collect$$$$00000004                 0x08000188   Section        4  entry5.o(.ARM.Collect$$$$00000004)
    .ARM.Collect$$$$00000008                 0x0800018c   Section        0  entry7b.o(.ARM.Collect$$$$00000008)
    .ARM.Collect$$$$0000000A                 0x0800018c   Section        0  entry8b.o(.ARM.Collect$$$$0000000A)
    .ARM.Collect$$$$0000000B                 0x0800018c   Section        8  entry9a.o(.ARM.Collect$$$$0000000B)
    .ARM.Collect$$$$0000000D                 0x08000194   Section        0  entry10a.o(.ARM.Collect$$$$0000000D)
    .ARM.Collect$$$$0000000F                 0x08000194   Section        0  entry11a.o(.ARM.Collect$$$$0000000F)
    .ARM.Collect$$$$00002712                 0x08000194   Section        4  entry2.o(.ARM.Collect$$$$00002712)
    __lit__00000000                          0x08000194   Data           4  entry2.o(.ARM.Collect$$$$00002712)
    .emb_text                                0x08000198   Section      150  port.o(.emb_text)
    .text                                    0x08000230   Section        0  main.o(.text)
    .text                                    0x080002cc   Section        0  serial.o(.text)
    .text                                    0x080004a8   Section        0  app_led.o(.text)
    .text                                    0x080005c8   Section        0  uarttest.o(.text)
    vComRxTask                               0x080005c9   Thumb Code    34  uarttest.o(.text)
    vComTxTask                               0x080005eb   Thumb Code    66  uarttest.o(.text)
    .text                                    0x08000698   Section        0  misc.o(.text)
    .text                                    0x08000778   Section        0  stm32f2xx_gpio.o(.text)
    .text                                    0x080009d4   Section        0  stm32f2xx_it.o(.text)
    .text                                    0x080009f0   Section        0  stm32f2xx_rcc.o(.text)
    .text                                    0x08000f78   Section       28  cstartup.o(.text)
    .text                                    0x08000f94   Section        0  system_stm32f2xx.o(.text)
    SetSysClock                              0x08000f95   Thumb Code   192  system_stm32f2xx.o(.text)
    .text                                    0x08001174   Section        0  stm32f2xx_usart.o(.text)
    .text                                    0x0800158e   Section        0  list.o(.text)
    .text                                    0x08001624   Section        0  queue.o(.text)
    prvInitialiseNewQueue                    0x0800169f   Thumb Code    38  queue.o(.text)
    prvUnlockQueue                           0x080016fd   Thumb Code   126  queue.o(.text)
    prvIsQueueFull                           0x0800177b   Thumb Code    30  queue.o(.text)
    prvCopyDataToQueue                       0x08001799   Thumb Code   106  queue.o(.text)
    prvInitialiseMutex                       0x08001917   Thumb Code    28  queue.o(.text)
    prvIsQueueEmpty                          0x08001a31   Thumb Code    26  queue.o(.text)
    prvCopyDataFromQueue                     0x08001a4b   Thumb Code    46  queue.o(.text)
    .text                                    0x08001ce0   Section        0  tasks.o(.text)
    prvInitialiseTaskLists                   0x08001ce1   Thumb Code    70  tasks.o(.text)
    prvAddNewTaskToReadyList                 0x08001d27   Thumb Code   150  tasks.o(.text)
    prvInitialiseNewTask                     0x08001dbd   Thumb Code   128  tasks.o(.text)
    prvResetNextTaskUnblockTime              0x08001e99   Thumb Code    42  tasks.o(.text)
    prvDeleteTCB                             0x08001ec3   Thumb Code    18  tasks.o(.text)
    prvAddCurrentTaskToDelayedList           0x0800218d   Thumb Code   124  tasks.o(.text)
    prvTaskIsTaskSuspended                   0x080024c3   Thumb Code    56  tasks.o(.text)
    prvCheckTasksWaitingTermination          0x08002627   Thumb Code    86  tasks.o(.text)
    prvIdleTask                              0x0800267d   Thumb Code    32  tasks.o(.text)
    .text                                    0x08002c84   Section        0  port.o(.text)
    prvTaskExitError                         0x08002c85   Thumb Code    22  port.o(.text)
    .text                                    0x08002d68   Section        0  heap_2.o(.text)
    prvHeapInit                              0x08002d69   Thumb Code    42  heap_2.o(.text)
    .text                                    0x08002e8c   Section        0  memcpya.o(.text)
    .text                                    0x08002eb0   Section       36  init.o(.text)
    i.__scatterload_copy                     0x08002ed4   Section       14  handlers.o(i.__scatterload_copy)
    i.__scatterload_null                     0x08002ee2   Section        2  handlers.o(i.__scatterload_null)
    i.__scatterload_zeroinit                 0x08002ee4   Section       14  handlers.o(i.__scatterload_zeroinit)
    .data                                    0x20000000   Section        8  serial.o(.data)
    xRxedChars                               0x20000000   Data           4  serial.o(.data)
    xCharsForTx                              0x20000004   Data           4  serial.o(.data)
    .data                                    0x20000008   Section        8  uarttest.o(.data)
    xPort                                    0x20000008   Data           4  uarttest.o(.data)
    uxRxLoops                                0x2000000c   Data           4  uarttest.o(.data)
    .data                                    0x20000010   Section       16  stm32f2xx_rcc.o(.data)
    APBAHBPrescTable                         0x20000010   Data          16  stm32f2xx_rcc.o(.data)
    .data                                    0x20000020   Section       20  system_stm32f2xx.o(.data)
    .data                                    0x20000034   Section       60  tasks.o(.data)
    pxDelayedTaskList                        0x20000038   Data           4  tasks.o(.data)
    pxOverflowDelayedTaskList                0x2000003c   Data           4  tasks.o(.data)
    uxDeletedTasksWaitingCleanUp             0x20000040   Data           4  tasks.o(.data)
    uxCurrentNumberOfTasks                   0x20000044   Data           4  tasks.o(.data)
    xTickCount                               0x20000048   Data           4  tasks.o(.data)
    uxTopReadyPriority                       0x2000004c   Data           4  tasks.o(.data)
    xSchedulerRunning                        0x20000050   Data           4  tasks.o(.data)
    uxPendedTicks                            0x20000054   Data           4  tasks.o(.data)
    xYieldPending                            0x20000058   Data           4  tasks.o(.data)
    xNumOfOverflows                          0x2000005c   Data           4  tasks.o(.data)
    uxTaskNumber                             0x20000060   Data           4  tasks.o(.data)
    xNextTaskUnblockTime                     0x20000064   Data           4  tasks.o(.data)
    xIdleTaskHandle                          0x20000068   Data           4  tasks.o(.data)
    uxSchedulerSuspended                     0x2000006c   Data           4  tasks.o(.data)
    .data                                    0x20000070   Section        4  port.o(.data)
    uxCriticalNesting                        0x20000070   Data           4  port.o(.data)
    .data                                    0x20000074   Section       24  heap_2.o(.data)
    xStart                                   0x20000074   Data           8  heap_2.o(.data)
    xEnd                                     0x2000007c   Data           8  heap_2.o(.data)
    xFreeBytesRemaining                      0x20000084   Data           4  heap_2.o(.data)
    xHeapHasBeenInitialised                  0x20000088   Data           4  heap_2.o(.data)
    .bss                                     0x2000008c   Section      200  tasks.o(.bss)
    pxReadyTasksLists                        0x2000008c   Data         100  tasks.o(.bss)
    xDelayedTaskList1                        0x200000f0   Data          20  tasks.o(.bss)
    xDelayedTaskList2                        0x20000104   Data          20  tasks.o(.bss)
    xPendingReadyList                        0x20000118   Data          20  tasks.o(.bss)
    xTasksWaitingTermination                 0x2000012c   Data          20  tasks.o(.bss)
    xSuspendedTaskList                       0x20000140   Data          20  tasks.o(.bss)
    .bss                                     0x20000154   Section    17408  heap_2.o(.bss)
    ucHeap                                   0x20000154   Data       17408  heap_2.o(.bss)
    STACK                                    0x20004558   Section     1024  cstartup.o(STACK)

    Global Symbols

    Symbol Name                              Value     Ov Type        Size  Object(Section)

    BuildAttributes$$THM_ISAv4$P$D$K$B$S$PE$A:L22UL41UL21$X:L11$S22US41US21$IEEE1$IW$USESV6$~STKCKD$USESV7$~SHL$OSPACE$EBA8$MICROLIB$REQ8$PRES8$EABIv2 0x00000000   Number         0  anon$$obj.o ABSOLUTE
    __ARM_use_no_argv                        0x00000000   Number         0  main.o ABSOLUTE
    __cpp_initialize__aeabi_                  - Undefined Weak Reference
    __cxa_finalize                            - Undefined Weak Reference
    __decompress                              - Undefined Weak Reference
    _clock_init                               - Undefined Weak Reference
    _microlib_exit                            - Undefined Weak Reference
    __Vectors_Size                           0x00000184   Number         0  cstartup.o ABSOLUTE
    __Vectors                                0x08000000   Data           4  cstartup.o(RESET)
    __Vectors_End                            0x08000184   Data           0  cstartup.o(RESET)
    __main                                   0x08000185   Thumb Code     0  entry.o(.ARM.Collect$$$$00000000)
    _main_stk                                0x08000185   Thumb Code     0  entry2.o(.ARM.Collect$$$$00000001)
    _main_scatterload                        0x08000189   Thumb Code     0  entry5.o(.ARM.Collect$$$$00000004)
    __main_after_scatterload                 0x0800018d   Thumb Code     0  entry5.o(.ARM.Collect$$$$00000004)
    _main_clock                              0x0800018d   Thumb Code     0  entry7b.o(.ARM.Collect$$$$00000008)
    _main_cpp_init                           0x0800018d   Thumb Code     0  entry8b.o(.ARM.Collect$$$$0000000A)
    _main_init                               0x0800018d   Thumb Code     0  entry9a.o(.ARM.Collect$$$$0000000B)
    __rt_final_cpp                           0x08000195   Thumb Code     0  entry10a.o(.ARM.Collect$$$$0000000D)
    __rt_final_exit                          0x08000195   Thumb Code     0  entry11a.o(.ARM.Collect$$$$0000000F)
    vPortSVCHandler                          0x08000199   Thumb Code    32  port.o(.emb_text)
    __asm___6_port_c_39a90d8d__prvStartFirstTask 0x080001bd   Thumb Code    28  port.o(.emb_text)
    xPortPendSVHandler                       0x080001dd   Thumb Code    72  port.o(.emb_text)
    vPortGetIPSR                             0x08000229   Thumb Code     6  port.o(.emb_text)
    main                                     0x08000231   Thumb Code   108  main.o(.text)
    xSerialPortInitMinimal                   0x080002cd   Thumb Code   218  serial.o(.text)
    xSerialGetChar                           0x080003a7   Thumb Code    32  serial.o(.text)
    xSerialPutChar                           0x080003c7   Thumb Code    46  serial.o(.text)
    vSerialPutString                         0x080003f5   Thumb Code    38  serial.o(.text)
    vSerialClose                             0x0800041b   Thumb Code     2  serial.o(.text)
    USART1_IRQHandler                        0x0800041d   Thumb Code   120  serial.o(.text)
    BSP_LED_Init                             0x080004a9   Thumb Code   130  app_led.o(.text)
    vLed1Task                                0x0800052b   Thumb Code    38  app_led.o(.text)
    vLed2Task                                0x08000551   Thumb Code    40  app_led.o(.text)
    vLed3Task                                0x08000579   Thumb Code    36  app_led.o(.text)
    vLed4Task                                0x0800059d   Thumb Code    36  app_led.o(.text)
    vAltStartComTestTasks                    0x0800062d   Thumb Code    54  uarttest.o(.text)
    xAreComTestTasksStillRunning             0x08000663   Thumb Code    20  uarttest.o(.text)
    NVIC_PriorityGroupConfig                 0x08000699   Thumb Code    10  misc.o(.text)
    NVIC_Init                                0x080006a3   Thumb Code   106  misc.o(.text)
    NVIC_SetVectorTable                      0x0800070d   Thumb Code    14  misc.o(.text)
    NVIC_SystemLPConfig                      0x0800071b   Thumb Code    34  misc.o(.text)
    SysTick_CLKSourceConfig                  0x0800073d   Thumb Code    40  misc.o(.text)
    GPIO_DeInit                              0x08000779   Thumb Code   220  stm32f2xx_gpio.o(.text)
    GPIO_Init                                0x08000855   Thumb Code   144  stm32f2xx_gpio.o(.text)
    GPIO_StructInit                          0x080008e5   Thumb Code    18  stm32f2xx_gpio.o(.text)
    GPIO_PinLockConfig                       0x080008f7   Thumb Code    34  stm32f2xx_gpio.o(.text)
    GPIO_ReadInputDataBit                    0x08000919   Thumb Code    18  stm32f2xx_gpio.o(.text)
    GPIO_ReadInputData                       0x0800092b   Thumb Code     8  stm32f2xx_gpio.o(.text)
    GPIO_ReadOutputDataBit                   0x08000933   Thumb Code    18  stm32f2xx_gpio.o(.text)
    GPIO_ReadOutputData                      0x08000945   Thumb Code     8  stm32f2xx_gpio.o(.text)
    GPIO_SetBits                             0x0800094d   Thumb Code     4  stm32f2xx_gpio.o(.text)
    GPIO_ResetBits                           0x08000951   Thumb Code     4  stm32f2xx_gpio.o(.text)
    GPIO_WriteBit                            0x08000955   Thumb Code    10  stm32f2xx_gpio.o(.text)
    GPIO_Write                               0x0800095f   Thumb Code     4  stm32f2xx_gpio.o(.text)
    GPIO_ToggleBits                          0x08000963   Thumb Code     8  stm32f2xx_gpio.o(.text)
    GPIO_PinAFConfig                         0x0800096b   Thumb Code    70  stm32f2xx_gpio.o(.text)
    NMI_Handler                              0x080009d5   Thumb Code     2  stm32f2xx_it.o(.text)
    HardFault_Handler                        0x080009d7   Thumb Code     4  stm32f2xx_it.o(.text)
    MemManage_Handler                        0x080009db   Thumb Code     4  stm32f2xx_it.o(.text)
    BusFault_Handler                         0x080009df   Thumb Code     4  stm32f2xx_it.o(.text)
    UsageFault_Handler                       0x080009e3   Thumb Code     4  stm32f2xx_it.o(.text)
    SVC_Handler                              0x080009e7   Thumb Code     2  stm32f2xx_it.o(.text)
    DebugMon_Handler                         0x080009e9   Thumb Code     2  stm32f2xx_it.o(.text)
    PendSV_Handler                           0x080009eb   Thumb Code     2  stm32f2xx_it.o(.text)
    SysTick_Handler                          0x080009ed   Thumb Code     2  stm32f2xx_it.o(.text)
    RCC_DeInit                               0x080009f1   Thumb Code    60  stm32f2xx_rcc.o(.text)
    RCC_HSEConfig                            0x08000a2d   Thumb Code    14  stm32f2xx_rcc.o(.text)
    RCC_GetFlagStatus                        0x08000a3b   Thumb Code    60  stm32f2xx_rcc.o(.text)
    RCC_WaitForHSEStartUp                    0x08000a77   Thumb Code    56  stm32f2xx_rcc.o(.text)
    RCC_AdjustHSICalibrationValue            0x08000aaf   Thumb Code    20  stm32f2xx_rcc.o(.text)
    RCC_HSICmd                               0x08000ac3   Thumb Code     6  stm32f2xx_rcc.o(.text)
    RCC_LSEConfig                            0x08000ac9   Thumb Code    46  stm32f2xx_rcc.o(.text)
    RCC_LSICmd                               0x08000af7   Thumb Code     6  stm32f2xx_rcc.o(.text)
    RCC_PLLConfig                            0x08000afd   Thumb Code    32  stm32f2xx_rcc.o(.text)
    RCC_PLLCmd                               0x08000b1d   Thumb Code     6  stm32f2xx_rcc.o(.text)
    RCC_PLLI2SConfig                         0x08000b23   Thumb Code    14  stm32f2xx_rcc.o(.text)
    RCC_PLLI2SCmd                            0x08000b31   Thumb Code     6  stm32f2xx_rcc.o(.text)
    RCC_ClockSecuritySystemCmd               0x08000b37   Thumb Code     6  stm32f2xx_rcc.o(.text)
    RCC_MCO1Config                           0x08000b3d   Thumb Code    28  stm32f2xx_rcc.o(.text)
    RCC_MCO2Config                           0x08000b59   Thumb Code    28  stm32f2xx_rcc.o(.text)
    RCC_SYSCLKConfig                         0x08000b75   Thumb Code    20  stm32f2xx_rcc.o(.text)
    RCC_GetSYSCLKSource                      0x08000b89   Thumb Code    12  stm32f2xx_rcc.o(.text)
    RCC_HCLKConfig                           0x08000b95   Thumb Code    20  stm32f2xx_rcc.o(.text)
    RCC_PCLK1Config                          0x08000ba9   Thumb Code    20  stm32f2xx_rcc.o(.text)
    RCC_PCLK2Config                          0x08000bbd   Thumb Code    22  stm32f2xx_rcc.o(.text)
    RCC_GetClocksFreq                        0x08000bd3   Thumb Code   222  stm32f2xx_rcc.o(.text)
    RCC_RTCCLKConfig                         0x08000cb1   Thumb Code    54  stm32f2xx_rcc.o(.text)
    RCC_RTCCLKCmd                            0x08000ce7   Thumb Code     8  stm32f2xx_rcc.o(.text)
    RCC_BackupResetCmd                       0x08000cef   Thumb Code     8  stm32f2xx_rcc.o(.text)
    RCC_I2SCLKConfig                         0x08000cf7   Thumb Code     6  stm32f2xx_rcc.o(.text)
    RCC_AHB1PeriphClockCmd                   0x08000cfd   Thumb Code    34  stm32f2xx_rcc.o(.text)
    RCC_AHB2PeriphClockCmd                   0x08000d1f   Thumb Code    34  stm32f2xx_rcc.o(.text)
    RCC_AHB3PeriphClockCmd                   0x08000d41   Thumb Code    34  stm32f2xx_rcc.o(.text)
    RCC_APB1PeriphClockCmd                   0x08000d63   Thumb Code    34  stm32f2xx_rcc.o(.text)
    RCC_APB2PeriphClockCmd                   0x08000d85   Thumb Code    34  stm32f2xx_rcc.o(.text)
    RCC_AHB1PeriphResetCmd                   0x08000da7   Thumb Code    34  stm32f2xx_rcc.o(.text)
    RCC_AHB2PeriphResetCmd                   0x08000dc9   Thumb Code    72  stm32f2xx_rcc.o(.text)
    RCC_AHB3PeriphResetCmd                   0x08000e11   Thumb Code    34  stm32f2xx_rcc.o(.text)
    RCC_APB1PeriphResetCmd                   0x08000e33   Thumb Code    34  stm32f2xx_rcc.o(.text)
    RCC_APB2PeriphResetCmd                   0x08000e55   Thumb Code    34  stm32f2xx_rcc.o(.text)
    RCC_AHB1PeriphClockLPModeCmd             0x08000e77   Thumb Code    34  stm32f2xx_rcc.o(.text)
    RCC_AHB2PeriphClockLPModeCmd             0x08000e99   Thumb Code    34  stm32f2xx_rcc.o(.text)
    RCC_AHB3PeriphClockLPModeCmd             0x08000ebb   Thumb Code    34  stm32f2xx_rcc.o(.text)
    RCC_APB1PeriphClockLPModeCmd             0x08000edd   Thumb Code    34  stm32f2xx_rcc.o(.text)
    RCC_APB2PeriphClockLPModeCmd             0x08000eff   Thumb Code    34  stm32f2xx_rcc.o(.text)
    RCC_ITConfig                             0x08000f21   Thumb Code    34  stm32f2xx_rcc.o(.text)
    RCC_ClearFlag                            0x08000f43   Thumb Code    18  stm32f2xx_rcc.o(.text)
    RCC_GetITStatus                          0x08000f55   Thumb Code    22  stm32f2xx_rcc.o(.text)
    RCC_ClearITPendingBit                    0x08000f6b   Thumb Code     8  stm32f2xx_rcc.o(.text)
    Reset_Handler                            0x08000f79   Thumb Code     4  cstartup.o(.text)
    ADC_IRQHandler                           0x08000f8f   Thumb Code     0  cstartup.o(.text)
    CAN1_RX0_IRQHandler                      0x08000f8f   Thumb Code     0  cstartup.o(.text)
    CAN1_RX1_IRQHandler                      0x08000f8f   Thumb Code     0  cstartup.o(.text)
    CAN1_SCE_IRQHandler                      0x08000f8f   Thumb Code     0  cstartup.o(.text)
    CAN1_TX_IRQHandler                       0x08000f8f   Thumb Code     0  cstartup.o(.text)
    CAN2_RX0_IRQHandler                      0x08000f8f   Thumb Code     0  cstartup.o(.text)
    CAN2_RX1_IRQHandler                      0x08000f8f   Thumb Code     0  cstartup.o(.text)
    CAN2_SCE_IRQHandler                      0x08000f8f   Thumb Code     0  cstartup.o(.text)
    CAN2_TX_IRQHandler                       0x08000f8f   Thumb Code     0  cstartup.o(.text)
    CRYP_IRQHandler                          0x08000f8f   Thumb Code     0  cstartup.o(.text)
    DCMI_IRQHandler                          0x08000f8f   Thumb Code     0  cstartup.o(.text)
    DMA1_Stream0_IRQHandler                  0x08000f8f   Thumb Code     0  cstartup.o(.text)
    DMA1_Stream1_IRQHandler                  0x08000f8f   Thumb Code     0  cstartup.o(.text)
    DMA1_Stream2_IRQHandler                  0x08000f8f   Thumb Code     0  cstartup.o(.text)
    DMA1_Stream3_IRQHandler                  0x08000f8f   Thumb Code     0  cstartup.o(.text)
    DMA1_Stream4_IRQHandler                  0x08000f8f   Thumb Code     0  cstartup.o(.text)
    DMA1_Stream5_IRQHandler                  0x08000f8f   Thumb Code     0  cstartup.o(.text)
    DMA1_Stream6_IRQHandler                  0x08000f8f   Thumb Code     0  cstartup.o(.text)
    DMA1_Stream7_IRQHandler                  0x08000f8f   Thumb Code     0  cstartup.o(.text)
    DMA2_Stream0_IRQHandler                  0x08000f8f   Thumb Code     0  cstartup.o(.text)
    DMA2_Stream1_IRQHandler                  0x08000f8f   Thumb Code     0  cstartup.o(.text)
    DMA2_Stream2_IRQHandler                  0x08000f8f   Thumb Code     0  cstartup.o(.text)
    DMA2_Stream3_IRQHandler                  0x08000f8f   Thumb Code     0  cstartup.o(.text)
    DMA2_Stream4_IRQHandler                  0x08000f8f   Thumb Code     0  cstartup.o(.text)
    DMA2_Stream5_IRQHandler                  0x08000f8f   Thumb Code     0  cstartup.o(.text)
    DMA2_Stream6_IRQHandler                  0x08000f8f   Thumb Code     0  cstartup.o(.text)
    DMA2_Stream7_IRQHandler                  0x08000f8f   Thumb Code     0  cstartup.o(.text)
    ETH_IRQHandler                           0x08000f8f   Thumb Code     0  cstartup.o(.text)
    ETH_WKUP_IRQHandler                      0x08000f8f   Thumb Code     0  cstartup.o(.text)
    EXTI0_IRQHandler                         0x08000f8f   Thumb Code     0  cstartup.o(.text)
    EXTI15_10_IRQHandler                     0x08000f8f   Thumb Code     0  cstartup.o(.text)
    EXTI1_IRQHandler                         0x08000f8f   Thumb Code     0  cstartup.o(.text)
    EXTI2_IRQHandler                         0x08000f8f   Thumb Code     0  cstartup.o(.text)
    EXTI3_IRQHandler                         0x08000f8f   Thumb Code     0  cstartup.o(.text)
    EXTI4_IRQHandler                         0x08000f8f   Thumb Code     0  cstartup.o(.text)
    EXTI9_5_IRQHandler                       0x08000f8f   Thumb Code     0  cstartup.o(.text)
    FLASH_IRQHandler                         0x08000f8f   Thumb Code     0  cstartup.o(.text)
    FSMC_IRQHandler                          0x08000f8f   Thumb Code     0  cstartup.o(.text)
    HASH_RNG_IRQHandler                      0x08000f8f   Thumb Code     0  cstartup.o(.text)
    I2C1_ER_IRQHandler                       0x08000f8f   Thumb Code     0  cstartup.o(.text)
    I2C1_EV_IRQHandler                       0x08000f8f   Thumb Code     0  cstartup.o(.text)
    I2C2_ER_IRQHandler                       0x08000f8f   Thumb Code     0  cstartup.o(.text)
    I2C2_EV_IRQHandler                       0x08000f8f   Thumb Code     0  cstartup.o(.text)
    I2C3_ER_IRQHandler                       0x08000f8f   Thumb Code     0  cstartup.o(.text)
    I2C3_EV_IRQHandler                       0x08000f8f   Thumb Code     0  cstartup.o(.text)
    OTG_FS_IRQHandler                        0x08000f8f   Thumb Code     0  cstartup.o(.text)
    OTG_FS_WKUP_IRQHandler                   0x08000f8f   Thumb Code     0  cstartup.o(.text)
    OTG_HS_EP1_IN_IRQHandler                 0x08000f8f   Thumb Code     0  cstartup.o(.text)
    OTG_HS_EP1_OUT_IRQHandler                0x08000f8f   Thumb Code     0  cstartup.o(.text)
    OTG_HS_IRQHandler                        0x08000f8f   Thumb Code     0  cstartup.o(.text)
    OTG_HS_WKUP_IRQHandler                   0x08000f8f   Thumb Code     0  cstartup.o(.text)
    PVD_IRQHandler                           0x08000f8f   Thumb Code     0  cstartup.o(.text)
    RCC_IRQHandler                           0x08000f8f   Thumb Code     0  cstartup.o(.text)
    RTC_Alarm_IRQHandler                     0x08000f8f   Thumb Code     0  cstartup.o(.text)
    RTC_WKUP_IRQHandler                      0x08000f8f   Thumb Code     0  cstartup.o(.text)
    SDIO_IRQHandler                          0x08000f8f   Thumb Code     0  cstartup.o(.text)
    SPI1_IRQHandler                          0x08000f8f   Thumb Code     0  cstartup.o(.text)
    SPI2_IRQHandler                          0x08000f8f   Thumb Code     0  cstartup.o(.text)
    SPI3_IRQHandler                          0x08000f8f   Thumb Code     0  cstartup.o(.text)
    TAMP_STAMP_IRQHandler                    0x08000f8f   Thumb Code     0  cstartup.o(.text)
    TIM1_BRK_TIM9_IRQHandler                 0x08000f8f   Thumb Code     0  cstartup.o(.text)
    TIM1_CC_IRQHandler                       0x08000f8f   Thumb Code     0  cstartup.o(.text)
    TIM1_TRG_COM_TIM11_IRQHandler            0x08000f8f   Thumb Code     0  cstartup.o(.text)
    TIM1_UP_TIM10_IRQHandler                 0x08000f8f   Thumb Code     0  cstartup.o(.text)
    TIM2_IRQHandler                          0x08000f8f   Thumb Code     0  cstartup.o(.text)
    TIM3_IRQHandler                          0x08000f8f   Thumb Code     0  cstartup.o(.text)
    TIM4_IRQHandler                          0x08000f8f   Thumb Code     0  cstartup.o(.text)
    TIM5_IRQHandler                          0x08000f8f   Thumb Code     0  cstartup.o(.text)
    TIM6_DAC_IRQHandler                      0x08000f8f   Thumb Code     0  cstartup.o(.text)
    TIM7_IRQHandler                          0x08000f8f   Thumb Code     0  cstartup.o(.text)
    TIM8_BRK_TIM12_IRQHandler                0x08000f8f   Thumb Code     0  cstartup.o(.text)
    TIM8_CC_IRQHandler                       0x08000f8f   Thumb Code     0  cstartup.o(.text)
    TIM8_TRG_COM_TIM14_IRQHandler            0x08000f8f   Thumb Code     0  cstartup.o(.text)
    TIM8_UP_TIM13_IRQHandler                 0x08000f8f   Thumb Code     0  cstartup.o(.text)
    UART4_IRQHandler                         0x08000f8f   Thumb Code     0  cstartup.o(.text)
    UART5_IRQHandler                         0x08000f8f   Thumb Code     0  cstartup.o(.text)
    USART2_IRQHandler                        0x08000f8f   Thumb Code     0  cstartup.o(.text)
    USART3_IRQHandler                        0x08000f8f   Thumb Code     0  cstartup.o(.text)
    USART6_IRQHandler                        0x08000f8f   Thumb Code     0  cstartup.o(.text)
    WWDG_IRQHandler                          0x08000f8f   Thumb Code     0  cstartup.o(.text)
    SystemInit                               0x08001055   Thumb Code    74  system_stm32f2xx.o(.text)
    SystemCoreClockUpdate                    0x0800109f   Thumb Code   174  system_stm32f2xx.o(.text)
    USART_DeInit                             0x08001175   Thumb Code   156  stm32f2xx_usart.o(.text)
    USART_Init                               0x08001211   Thumb Code   204  stm32f2xx_usart.o(.text)
    USART_StructInit                         0x080012dd   Thumb Code    24  stm32f2xx_usart.o(.text)
    USART_ClockInit                          0x080012f5   Thumb Code    32  stm32f2xx_usart.o(.text)
    USART_ClockStructInit                    0x08001315   Thumb Code    12  stm32f2xx_usart.o(.text)
    USART_Cmd                                0x08001321   Thumb Code    24  stm32f2xx_usart.o(.text)
    USART_SetPrescaler                       0x08001339   Thumb Code    16  stm32f2xx_usart.o(.text)
    USART_OverSampling8Cmd                   0x08001349   Thumb Code    22  stm32f2xx_usart.o(.text)
    USART_OneBitMethodCmd                    0x0800135f   Thumb Code    24  stm32f2xx_usart.o(.text)
    USART_SendData                           0x08001377   Thumb Code     8  stm32f2xx_usart.o(.text)
    USART_ReceiveData                        0x0800137f   Thumb Code    10  stm32f2xx_usart.o(.text)
    USART_SetAddress                         0x08001389   Thumb Code    18  stm32f2xx_usart.o(.text)
    USART_ReceiverWakeUpCmd                  0x0800139b   Thumb Code    24  stm32f2xx_usart.o(.text)
    USART_WakeUpConfig                       0x080013b3   Thumb Code    18  stm32f2xx_usart.o(.text)
    USART_LINBreakDetectLengthConfig         0x080013c5   Thumb Code    18  stm32f2xx_usart.o(.text)
    USART_LINCmd                             0x080013d7   Thumb Code    24  stm32f2xx_usart.o(.text)
    USART_SendBreak                          0x080013ef   Thumb Code    10  stm32f2xx_usart.o(.text)
    USART_HalfDuplexCmd                      0x080013f9   Thumb Code    24  stm32f2xx_usart.o(.text)
    USART_SetGuardTime                       0x08001411   Thumb Code    16  stm32f2xx_usart.o(.text)
    USART_SmartCardCmd                       0x08001421   Thumb Code    24  stm32f2xx_usart.o(.text)
    USART_SmartCardNACKCmd                   0x08001439   Thumb Code    24  stm32f2xx_usart.o(.text)
    USART_IrDAConfig                         0x08001451   Thumb Code    18  stm32f2xx_usart.o(.text)
    USART_IrDACmd                            0x08001463   Thumb Code    24  stm32f2xx_usart.o(.text)
    USART_DMACmd                             0x0800147b   Thumb Code    18  stm32f2xx_usart.o(.text)
    USART_ITConfig                           0x0800148d   Thumb Code    74  stm32f2xx_usart.o(.text)
    USART_GetFlagStatus                      0x080014d7   Thumb Code    26  stm32f2xx_usart.o(.text)
    USART_ClearFlag                          0x080014f1   Thumb Code    18  stm32f2xx_usart.o(.text)
    USART_GetITStatus                        0x08001503   Thumb Code   110  stm32f2xx_usart.o(.text)
    USART_ClearITPendingBit                  0x08001571   Thumb Code    30  stm32f2xx_usart.o(.text)
    vListInitialise                          0x0800158f   Thumb Code    26  list.o(.text)
    vListInitialiseItem                      0x080015a9   Thumb Code     6  list.o(.text)
    vListInsertEnd                           0x080015af   Thumb Code    24  list.o(.text)
    vListInsert                              0x080015c7   Thumb Code    52  list.o(.text)
    uxListRemove                             0x080015fb   Thumb Code    40  list.o(.text)
    xQueueGenericReset                       0x08001625   Thumb Code   122  queue.o(.text)
    xQueueGenericCreate                      0x080016c5   Thumb Code    56  queue.o(.text)
    xQueueGenericSend                        0x08001803   Thumb Code   276  queue.o(.text)
    xQueueGenericSendFromISR                 0x08001933   Thumb Code   134  queue.o(.text)
    xQueueGiveFromISR                        0x080019b9   Thumb Code   120  queue.o(.text)
    xQueueGenericReceive                     0x08001a79   Thumb Code   312  queue.o(.text)
    xQueueReceiveFromISR                     0x08001bb1   Thumb Code   130  queue.o(.text)
    xQueuePeekFromISR                        0x08001c33   Thumb Code    74  queue.o(.text)
    uxQueueMessagesWaiting                   0x08001c7d   Thumb Code    18  queue.o(.text)
    uxQueueSpacesAvailable                   0x08001c8f   Thumb Code    24  queue.o(.text)
    uxQueueMessagesWaitingFromISR            0x08001ca7   Thumb Code     6  queue.o(.text)
    vQueueDelete                             0x08001cad   Thumb Code    14  queue.o(.text)
    xQueueIsQueueEmptyFromISR                0x08001cbb   Thumb Code    14  queue.o(.text)
    xQueueIsQueueFullFromISR                 0x08001cc9   Thumb Code    18  queue.o(.text)
    xTaskCreate                              0x08001e3d   Thumb Code    92  tasks.o(.text)
    vTaskDelete                              0x08001ed5   Thumb Code   176  tasks.o(.text)
    xTaskIncrementTick                       0x08001f85   Thumb Code   238  tasks.o(.text)
    xTaskResumeAll                           0x08002073   Thumb Code   282  tasks.o(.text)
    vTaskSuspendAll                          0x08002209   Thumb Code    12  tasks.o(.text)
    vTaskDelayUntil                          0x08002215   Thumb Code   106  tasks.o(.text)
    vTaskDelay                               0x0800227f   Thumb Code    46  tasks.o(.text)
    uxTaskPriorityGet                        0x080022ad   Thumb Code    30  tasks.o(.text)
    uxTaskPriorityGetFromISR                 0x080022cb   Thumb Code    52  tasks.o(.text)
    vTaskPrioritySet                         0x080022ff   Thumb Code   216  tasks.o(.text)
    vTaskSwitchContext                       0x080023d7   Thumb Code    76  tasks.o(.text)
    vTaskSuspend                             0x08002423   Thumb Code   160  tasks.o(.text)
    vTaskResume                              0x080024fb   Thumb Code   170  tasks.o(.text)
    xTaskResumeFromISR                       0x080025a5   Thumb Code   130  tasks.o(.text)
    vTaskStartScheduler                      0x0800269d   Thumb Code    74  tasks.o(.text)
    vTaskEndScheduler                        0x080026e7   Thumb Code    32  tasks.o(.text)
    xTaskGetTickCount                        0x08002707   Thumb Code     6  tasks.o(.text)
    xTaskGetTickCountFromISR                 0x0800270d   Thumb Code     8  tasks.o(.text)
    uxTaskGetNumberOfTasks                   0x08002715   Thumb Code     6  tasks.o(.text)
    pcTaskGetName                            0x0800271b   Thumb Code    20  tasks.o(.text)
    vTaskPlaceOnEventList                    0x0800272f   Thumb Code    28  tasks.o(.text)
    vTaskPlaceOnUnorderedEventList           0x0800274b   Thumb Code    40  tasks.o(.text)
    xTaskRemoveFromEventList                 0x08002773   Thumb Code   104  tasks.o(.text)
    xTaskRemoveFromUnorderedEventList        0x080027db   Thumb Code    94  tasks.o(.text)
    vTaskSetTimeOutState                     0x08002839   Thumb Code    14  tasks.o(.text)
    xTaskCheckForTimeOut                     0x08002847   Thumb Code    84  tasks.o(.text)
    vTaskMissedYield                         0x0800289b   Thumb Code     8  tasks.o(.text)
    uxTaskResetEventItemValue                0x080028a3   Thumb Code    24  tasks.o(.text)
    ulTaskNotifyTake                         0x080028bb   Thumb Code   108  tasks.o(.text)
    xTaskNotifyWait                          0x08002927   Thumb Code   226  tasks.o(.text)
    xTaskGenericNotify                       0x08002a09   Thumb Code   178  tasks.o(.text)
    xTaskGenericNotifyFromISR                0x08002abb   Thumb Code   228  tasks.o(.text)
    vTaskNotifyGiveFromISR                   0x08002b9f   Thumb Code   154  tasks.o(.text)
    xTaskNotifyStateClear                    0x08002c39   Thumb Code    48  tasks.o(.text)
    pxPortInitialiseStack                    0x08002c9b   Thumb Code    26  port.o(.text)
    vPortSetupTimerInterrupt                 0x08002cb5   Thumb Code    14  port.o(.text)
    xPortStartScheduler                      0x08002cc3   Thumb Code    42  port.o(.text)
    vPortEndScheduler                        0x08002ced   Thumb Code     2  port.o(.text)
    vPortEnterCritical                       0x08002cef   Thumb Code    30  port.o(.text)
    vPortExitCritical                        0x08002d0d   Thumb Code    28  port.o(.text)
    xPortSysTickHandler                      0x08002d29   Thumb Code    48  port.o(.text)
    pvPortMalloc                             0x08002d93   Thumb Code   166  heap_2.o(.text)
    vPortFree                                0x08002e39   Thumb Code    56  heap_2.o(.text)
    xPortGetFreeHeapSize                     0x08002e71   Thumb Code     6  heap_2.o(.text)
    vPortInitialiseBlocks                    0x08002e77   Thumb Code     2  heap_2.o(.text)
    __aeabi_memcpy                           0x08002e8d   Thumb Code    36  memcpya.o(.text)
    __aeabi_memcpy4                          0x08002e8d   Thumb Code     0  memcpya.o(.text)
    __aeabi_memcpy8                          0x08002e8d   Thumb Code     0  memcpya.o(.text)
    __scatterload                            0x08002eb1   Thumb Code    28  init.o(.text)
    __scatterload_rt2                        0x08002eb1   Thumb Code     0  init.o(.text)
    __scatterload_copy                       0x08002ed5   Thumb Code    14  handlers.o(i.__scatterload_copy)
    __scatterload_null                       0x08002ee3   Thumb Code     2  handlers.o(i.__scatterload_null)
    __scatterload_zeroinit                   0x08002ee5   Thumb Code    14  handlers.o(i.__scatterload_zeroinit)
    Region$$Table$$Base                      0x08002ef4   Number         0  anon$$obj.o(Region$$Table)
    Region$$Table$$Limit                     0x08002f14   Number         0  anon$$obj.o(Region$$Table)
    SystemCoreClock                          0x20000020   Data           4  system_stm32f2xx.o(.data)
    AHBPrescTable                            0x20000024   Data          16  system_stm32f2xx.o(.data)
    pxCurrentTCB                             0x20000034   Data           4  tasks.o(.data)
    __initial_sp                             0x20004958   Data           0  cstartup.o(STACK)



==============================================================================

Memory Map of the image

  Image Entry point : 0x08000185

  Load Region LR_IROM1 (Base: 0x08000000, Size: 0x00002fa0, Max: 0x00100000, ABSOLUTE)

    Execution Region ER_IROM1 (Base: 0x08000000, Size: 0x00002f14, Max: 0x00100000, ABSOLUTE)

    Base Addr    Size         Type   Attr      Idx    E Section Name        Object

    0x08000000   0x00000184   Data   RO          332    RESET               cstartup.o
    0x08000184   0x00000000   Code   RO          531  * .ARM.Collect$$$$00000000  mc_w.l(entry.o)
    0x08000184   0x00000004   Code   RO          538    .ARM.Collect$$$$00000001  mc_w.l(entry2.o)
    0x08000188   0x00000004   Code   RO          541    .ARM.Collect$$$$00000004  mc_w.l(entry5.o)
    0x0800018c   0x00000000   Code   RO          543    .ARM.Collect$$$$00000008  mc_w.l(entry7b.o)
    0x0800018c   0x00000000   Code   RO          545    .ARM.Collect$$$$0000000A  mc_w.l(entry8b.o)
    0x0800018c   0x00000008   Code   RO          546    .ARM.Collect$$$$0000000B  mc_w.l(entry9a.o)
    0x08000194   0x00000000   Code   RO          548    .ARM.Collect$$$$0000000D  mc_w.l(entry10a.o)
    0x08000194   0x00000000   Code   RO          550    .ARM.Collect$$$$0000000F  mc_w.l(entry11a.o)
    0x08000194   0x00000004   Code   RO          539    .ARM.Collect$$$$00002712  mc_w.l(entry2.o)
    0x08000198   0x00000096   Code   RO          486    .emb_text           port.o
    0x0800022e   0x00000002   PAD
    0x08000230   0x0000009c   Code   RO            3    .text               main.o
    0x080002cc   0x000001dc   Code   RO          173    .text               serial.o
    0x080004a8   0x00000120   Code   RO          204    .text               app_led.o
    0x080005c8   0x000000d0   Code   RO          222    .text               uarttest.o
    0x08000698   0x000000e0   Code   RO          247    .text               misc.o
    0x08000778   0x0000025c   Code   RO          267    .text               stm32f2xx_gpio.o
    0x080009d4   0x0000001a   Code   RO          287    .text               stm32f2xx_it.o
    0x080009ee   0x00000002   PAD
    0x080009f0   0x00000588   Code   RO          310    .text               stm32f2xx_rcc.o
    0x08000f78   0x0000001c   Code   RO          333    .text               cstartup.o
    0x08000f94   0x000001e0   Code   RO          339    .text               system_stm32f2xx.o
    0x08001174   0x0000041a   Code   RO          365    .text               stm32f2xx_usart.o
    0x0800158e   0x00000094   Code   RO          422    .text               list.o
    0x08001622   0x00000002   PAD
    0x08001624   0x000006bc   Code   RO          434    .text               queue.o
    0x08001ce0   0x00000fa4   Code   RO          449    .text               tasks.o
    0x08002c84   0x000000e4   Code   RO          487    .text               port.o
    0x08002d68   0x00000124   Code   RO          516    .text               heap_2.o
    0x08002e8c   0x00000024   Code   RO          534    .text               mc_w.l(memcpya.o)
    0x08002eb0   0x00000024   Code   RO          552    .text               mc_w.l(init.o)
    0x08002ed4   0x0000000e   Code   RO          556    i.__scatterload_copy  mc_w.l(handlers.o)
    0x08002ee2   0x00000002   Code   RO          557    i.__scatterload_null  mc_w.l(handlers.o)
    0x08002ee4   0x0000000e   Code   RO          558    i.__scatterload_zeroinit  mc_w.l(handlers.o)
    0x08002ef2   0x00000002   PAD
    0x08002ef4   0x00000020   Data   RO          554    Region$$Table       anon$$obj.o


    Execution Region RW_IRAM1 (Base: 0x20000000, Size: 0x00004958, Max: 0x00020000, ABSOLUTE)

    Base Addr    Size         Type   Attr      Idx    E Section Name        Object

    0x20000000   0x00000008   Data   RW          174    .data               serial.o
    0x20000008   0x00000008   Data   RW          223    .data               uarttest.o
    0x20000010   0x00000010   Data   RW          311    .data               stm32f2xx_rcc.o
    0x20000020   0x00000014   Data   RW          340    .data               system_stm32f2xx.o
    0x20000034   0x0000003c   Data   RW          451    .data               tasks.o
    0x20000070   0x00000004   Data   RW          488    .data               port.o
    0x20000074   0x00000018   Data   RW          518    .data               heap_2.o
    0x2000008c   0x000000c8   Zero   RW          450    .bss                tasks.o
    0x20000154   0x00004400   Zero   RW          517    .bss                heap_2.o
    0x20004554   0x00000004   PAD
    0x20004558   0x00000400   Zero   RW          330    STACK               cstartup.o


==============================================================================

Image component sizes


      Code (inc. data)   RO Data    RW Data    ZI Data      Debug   Object Name

       288          8          0          0          0       1043   app_led.o
        28          4        388          0       1024        768   cstartup.o
         0          0          0          0          0       8064   event_groups.o
       292         20          0         24      17408       3084   heap_2.o
       148          0          0          0          0       1774   list.o
       156         48          0          0          0     247995   main.o
       224         20          0          0          0       1721   misc.o
       378         28          0          4          0       6900   port.o
      1724         10          0          0          0      10190   queue.o
       476         20          0          8          0       2331   serial.o
       604         36          0          0          0       3817   stm32f2xx_gpio.o
        26          0          0          0          0       1202   stm32f2xx_it.o
      1416         48          0         16          0      10747   stm32f2xx_rcc.o
      1050         26          0          0          0       7524   stm32f2xx_usart.o
       480         40          0         20          0       1679   system_stm32f2xx.o
      4004        256          0         60        200      25987   tasks.o
       208         34          0          8          0       3609   uarttest.o

    ----------------------------------------------------------------------
     11508        598        420        140      18636     338435   Object Totals
         0          0         32          0          0          0   (incl. Generated)
         6          0          0          0          4          0   (incl. Padding)

    ----------------------------------------------------------------------

      Code (inc. data)   RO Data    RW Data    ZI Data      Debug   Library Member Name

         0          0          0          0          0          0   entry.o
         0          0          0          0          0          0   entry10a.o
         0          0          0          0          0          0   entry11a.o
         8          4          0          0          0          0   entry2.o
         4          0          0          0          0          0   entry5.o
         0          0          0          0          0          0   entry7b.o
         0          0          0          0          0          0   entry8b.o
         8          4          0          0          0          0   entry9a.o
        30          0          0          0          0          0   handlers.o
        36          8          0          0          0         68   init.o
        36          0          0          0          0         68   memcpya.o

    ----------------------------------------------------------------------
       124         16          0          0          0        136   Library Totals
         2          0          0          0          0          0   (incl. Padding)

    ----------------------------------------------------------------------

      Code (inc. data)   RO Data    RW Data    ZI Data      Debug   Library Name

       122         16          0          0          0        136   mc_w.l

    ----------------------------------------------------------------------
       124         16          0          0          0        136   Library Totals

    ----------------------------------------------------------------------

==============================================================================


      Code (inc. data)   RO Data    RW Data    ZI Data      Debug   

     11632        614        420        140      18636     337111   Grand Totals
     11632        614        420        140      18636     337111   ELF Image Totals
     11632        614        420        140          0          0   ROM Totals

==============================================================================

    Total RO  Size (Code + RO Data)                12052 (  11.77kB)
    Total RW  Size (RW Data + ZI Data)             18776 (  18.34kB)
    Total ROM Size (Code + RO Data + RW Data)      12192 (  11.91kB)

==============================================================================

