Component: ARM Compiler 5.06 update 6 (build 750) Tool: armlink [4d35ed]

==============================================================================

Section Cross References

    main.o(.text) refers to memcpya.o(.text) for __aeabi_memcpy4
    main.o(.text) refers to system_stm32f2xx.o(.text) for SystemInit
    main.o(.text) refers to vfs.o(.text) for vfs_init
    main.o(.text) refers to vfs_i2c.o(.text) for vfs_i2c_opts
    main.o(.text) refers to vfs_register.o(.text) for aos_register_driver
    main.o(.text) refers to app_led.o(.text) for BSP_LED_Init
    main.o(.text) refers to serial.o(.text) for serial_task_init
    main.o(.text) refers to app_cli.o(.text) for app_cli_init
    main.o(.text) refers to tasks.o(.text) for xTaskCreate
    main.o(.text) refers to main.o(.constdata) for .constdata
    serial.o(.text) refers to queue.o(.text) for xQueueReceive
    serial.o(.text) refers to stm32f2xx_usart.o(.text) for USART_SendData
    serial.o(.text) refers to tasks.o(.text) for vTaskDelay
    serial.o(.text) refers to stm32f2xx_rcc.o(.text) for RCC_APB2PeriphClockCmd
    serial.o(.text) refers to stm32f2xx_gpio.o(.text) for GPIO_PinAFConfig
    serial.o(.text) refers to misc.o(.text) for NVIC_Init
    serial.o(.text) refers to printfa.o(i.__0vsprintf) for __c89vsprintf
    serial.o(.text) refers to strlen.o(.text) for strlen
    serial.o(.text) refers to serial.o(.data) for ser_rx_queue
    app_led.o(.text) refers to stm32f2xx_rcc.o(.text) for RCC_AHB1PeriphClockCmd
    app_led.o(.text) refers to stm32f2xx_gpio.o(.text) for GPIO_Init
    app_led.o(.text) refers to tasks.o(.text) for xTaskGetTickCount
    app_led.o(.text) refers to app_led.o(.data) for byte
    app_cli.o(.text) refers to strcat.o(.text) for strcat
    app_cli.o(.text) refers to strcpy.o(.text) for strcpy
    app_cli.o(.text) refers to hal_cli.o(.text) for hal_cli_data_switch_register
    app_cli.o(.text) refers to mid_cli.o(.text) for mid_cli_register
    app_cli.o(.text) refers to app_cli.o(.data) for dev_info
    app_cli.o(.text) refers to serial.o(.text) for serial_rx
    app_cli.o(.text) refers to app_cli.o(.constdata) for info
    app_cli.o(.constdata) refers to app_cli.o(.conststring) for .conststring
    app_cli.o(.constdata) refers to app_cli.o(.text) for info_main
    app_cli.o(.data) refers to app_cli.o(.conststring) for .conststring
    mid_cli.o(.text) refers to heap_2.o(.text) for pvPortMalloc
    mid_cli.o(.text) refers to port.o(.text) for vPortEnterCritical
    mid_cli.o(.text) refers to strlen.o(.text) for strlen
    mid_cli.o(.text) refers to strncmp.o(.text) for strncmp
    mid_cli.o(.text) refers to printf3.o(i.__0sprintf$3) for __2sprintf
    mid_cli.o(.text) refers to memseta.o(.text) for __aeabi_memclr
    mid_cli.o(.text) refers to hal_cli.o(.text) for hal_cli_data_rx
    mid_cli.o(.text) refers to strcmp.o(.text) for strcmp
    mid_cli.o(.text) refers to tasks.o(.text) for xTaskCreate
    mid_cli.o(.text) refers to strcat.o(.text) for strcat
    mid_cli.o(.text) refers to mid_cli.o(.data) for pxNewListItem
    mid_cli.o(.text) refers to mid_cli.o(.bss) for argv
    mid_cli.o(.text) refers to mid_cli.o(.constdata) for pcNewLine
    mid_cli.o(.text) refers to mid_cli.o(.conststring) for .conststring
    mid_cli.o(.constdata) refers to mid_cli.o(.conststring) for .conststring
    mid_cli.o(.constdata) refers to mid_cli.o(.text) for help_main
    mid_cli.o(.data) refers to mid_cli.o(.conststring) for .conststring
    mid_cli.o(.data) refers to mid_cli.o(.constdata) for help
    hal_cli.o(.text) refers to hal_cli.o(.data) for tx_data
    stm32f2xx_gpio.o(.text) refers to stm32f2xx_rcc.o(.text) for RCC_AHB1PeriphResetCmd
    stm32f2xx_rcc.o(.text) refers to stm32f2xx_rcc.o(.data) for APBAHBPrescTable
    cstartup.o(RESET) refers to cstartup.o(STACK) for __initial_sp
    cstartup.o(RESET) refers to cstartup.o(.text) for Reset_Handler
    cstartup.o(RESET) refers to stm32f2xx_it.o(.text) for NMI_Handler
    cstartup.o(RESET) refers to port.o(.emb_text) for vPortSVCHandler
    cstartup.o(RESET) refers to port.o(.text) for xPortSysTickHandler
    cstartup.o(RESET) refers to serial.o(.text) for USART1_IRQHandler
    cstartup.o(.text) refers to entry.o(.ARM.Collect$$$$00000000) for __main
    system_stm32f2xx.o(.text) refers to system_stm32f2xx.o(.data) for SystemCoreClock
    stm32f2xx_usart.o(.text) refers to stm32f2xx_rcc.o(.text) for RCC_APB2PeriphResetCmd
    stm32f2xx_i2c.o(.text) refers to stm32f2xx_rcc.o(.text) for RCC_APB1PeriphResetCmd
    event_groups.o(.text) refers to heap_2.o(.text) for pvPortMalloc
    event_groups.o(.text) refers to list.o(.text) for vListInitialise
    event_groups.o(.text) refers to tasks.o(.text) for vTaskSuspendAll
    event_groups.o(.text) refers to port.o(.text) for vPortEnterCritical
    queue.o(.text) refers to port.o(.text) for vPortEnterCritical
    queue.o(.text) refers to tasks.o(.text) for xTaskRemoveFromEventList
    queue.o(.text) refers to list.o(.text) for vListInitialise
[...]
    printf8.o(i.__0snprintf$8) refers to printf8.o(i._snputc) for _snputc
    printf8.o(i.__0sprintf$8) refers to printf8.o(i._printf_core) for _printf_core
    printf8.o(i.__0sprintf$8) refers to printf8.o(i._sputc) for _sputc
    printf8.o(i.__0vfprintf$8) refers to printf8.o(i._printf_core) for _printf_core
    printf8.o(i.__0vfprintf$8) refers to fputc.o(i.fputc) for fputc
    printf8.o(i.__0vprintf$8) refers to printf8.o(i._printf_core) for _printf_core
    printf8.o(i.__0vprintf$8) refers to fputc.o(i.fputc) for fputc
    printf8.o(i.__0vprintf$8) refers to stdout.o(.data) for __stdout
    printf8.o(i.__0vsnprintf$8) refers to printf8.o(i._printf_core) for _printf_core
    printf8.o(i.__0vsnprintf$8) refers to printf8.o(i._snputc) for _snputc
    printf8.o(i.__0vsprintf$8) refers to printf8.o(i._printf_core) for _printf_core
    printf8.o(i.__0vsprintf$8) refers to printf8.o(i._sputc) for _sputc
    printf8.o(i._printf_core) refers to printf8.o(i._printf_pre_padding) for _printf_pre_padding
    printf8.o(i._printf_core) refers to uldiv.o(.text) for __aeabi_uldivmod
    printf8.o(i._printf_core) refers to printf8.o(i._printf_post_padding) for _printf_post_padding
    printfa.o(i.__0fprintf) refers (Special) to iusefp.o(.text) for __I$use$fp
    printfa.o(i.__0fprintf) refers to printfa.o(i._printf_core) for _printf_core
    printfa.o(i.__0fprintf) refers to fputc.o(i.fputc) for fputc
    printfa.o(i.__0printf) refers (Special) to iusefp.o(.text) for __I$use$fp
    printfa.o(i.__0printf) refers to printfa.o(i._printf_core) for _printf_core
    printfa.o(i.__0printf) refers to fputc.o(i.fputc) for fputc
    printfa.o(i.__0printf) refers to stdout.o(.data) for __stdout
    printfa.o(i.__0snprintf) refers (Special) to iusefp.o(.text) for __I$use$fp
    printfa.o(i.__0snprintf) refers to printfa.o(i._printf_core) for _printf_core
    printfa.o(i.__0snprintf) refers to printfa.o(i._snputc) for _snputc
    printfa.o(i.__0sprintf) refers (Special) to iusefp.o(.text) for __I$use$fp
    printfa.o(i.__0sprintf) refers to printfa.o(i._printf_core) for _printf_core
    printfa.o(i.__0sprintf) refers to printfa.o(i._sputc) for _sputc
    printfa.o(i.__0vfprintf) refers (Special) to iusefp.o(.text) for __I$use$fp
    printfa.o(i.__0vfprintf) refers to printfa.o(i._printf_core) for _printf_core
    printfa.o(i.__0vfprintf) refers to fputc.o(i.fputc) for fputc
    printfa.o(i.__0vprintf) refers (Special) to iusefp.o(.text) for __I$use$fp
    printfa.o(i.__0vprintf) refers to printfa.o(i._printf_core) for _printf_core
    printfa.o(i.__0vprintf) refers to fputc.o(i.fputc) for fputc
    printfa.o(i.__0vprintf) refers to stdout.o(.data) for __stdout
    printfa.o(i.__0vsnprintf) refers (Special) to iusefp.o(.text) for __I$use$fp
    printfa.o(i.__0vsnprintf) refers to printfa.o(i._printf_core) for _printf_core
    printfa.o(i.__0vsnprintf) refers to printfa.o(i._snputc) for _snputc
    printfa.o(i.__0vsprintf) refers (Special) to iusefp.o(.text) for __I$use$fp
    printfa.o(i.__0vsprintf) refers to printfa.o(i._printf_core) for _printf_core
    printfa.o(i.__0vsprintf) refers to printfa.o(i._sputc) for _sputc
    printfa.o(i._fp_digits) refers (Special) to iusefp.o(.text) for __I$use$fp
    printfa.o(i._fp_digits) refers to dmul.o(.text) for __aeabi_dmul
    printfa.o(i._fp_digits) refers to ddiv.o(.text) for __aeabi_ddiv
    printfa.o(i._fp_digits) refers to cdrcmple.o(.text) for __aeabi_cdrcmple
    printfa.o(i._fp_digits) refers to dadd.o(.text) for __aeabi_dadd
    printfa.o(i._fp_digits) refers to dfixul.o(.text) for __aeabi_d2ulz
    printfa.o(i._fp_digits) refers to uldiv.o(.text) for __aeabi_uldivmod
    printfa.o(i._printf_core) refers (Special) to iusefp.o(.text) for __I$use$fp
    printfa.o(i._printf_core) refers to printfa.o(i._printf_pre_padding) for _printf_pre_padding
    printfa.o(i._printf_core) refers to uldiv.o(.text) for __aeabi_uldivmod
    printfa.o(i._printf_core) refers to printfa.o(i._printf_post_padding) for _printf_post_padding
    printfa.o(i._printf_core) refers to printfa.o(i._fp_digits) for _fp_digits
    printfa.o(i._printf_core) refers to uidiv.o(.text) for __aeabi_uidivmod
    printfa.o(i._printf_post_padding) refers (Special) to iusefp.o(.text) for __I$use$fp
    printfa.o(i._printf_pre_padding) refers (Special) to iusefp.o(.text) for __I$use$fp
    printfa.o(i._snputc) refers (Special) to iusefp.o(.text) for __I$use$fp
    printfa.o(i._sputc) refers (Special) to iusefp.o(.text) for __I$use$fp
    entry2.o(.ARM.Collect$$$$00000001) refers to entry2.o(.ARM.Collect$$$$00002712) for __lit__00000000
    entry2.o(.ARM.Collect$$$$00002712) refers to cstartup.o(STACK) for __initial_sp
    entry2.o(__vectab_stack_and_reset_area) refers to cstartup.o(STACK) for __initial_sp
    entry2.o(__vectab_stack_and_reset_area) refers to entry.o(.ARM.Collect$$$$00000000) for __main
    entry5.o(.ARM.Collect$$$$00000004) refers to init.o(.text) for __scatterload
    entry9a.o(.ARM.Collect$$$$0000000B) refers to main.o(.text) for main
    entry9b.o(.ARM.Collect$$$$0000000C) refers to main.o(.text) for main
    fputc.o(i.fputc) refers (Special) to iusesemip.o(.text) for __I$use$semihosting$fputc
    fputc.o(i.fputc) refers (Special) to semi.o(.text) for __semihosting_library_function
    uldiv.o(.text) refers to llushr.o(.text) for __aeabi_llsr
    uldiv.o(.text) refers to llshl.o(.text) for __aeabi_llsl
    dadd.o(.text) refers to llshl.o(.text) for __aeabi_llsl
    dadd.o(.text) refers to llsshr.o(.text) for __aeabi_lasr
    dadd.o(.text) refers to depilogue.o(.text) for _double_epilogue
    dmul.o(.text) refers to depilogue.o(.text) for _double_epilogue
    ddiv.o(.text) refers to depilogue.o(.text) for _double_round
    dfixul.o(.text) refers to llushr.o(.text) for __aeabi_llsr
    dfixul.o(.text) refers to llshl.o(.text) for __aeabi_llsl
    init.o(.text) refers to entry5.o(.ARM.Collect$$$$00000004) for __main_after_scatterload
    depilogue.o(.text) refers to llshl.o(.text) for __aeabi_llsl
    depilogue.o(.text) refers to llushr.o(.text) for __aeabi_llsr


==============================================================================

Removing Unused input sections from the image.

    Removing main.o(.rev16_text), (4 bytes).
    Removing main.o(.revsh_text), (4 bytes).
    Removing main.o(.rrx_text), (6 bytes).
    Removing serial.o(.rev16_text), (4 bytes).
    Removing serial.o(.revsh_text), (4 bytes).
    Removing serial.o(.rrx_text), (6 bytes).
    Removing app_led.o(.rev16_text), (4 bytes).
    Removing app_led.o(.revsh_text), (4 bytes).
    Removing app_led.o(.rrx_text), (6 bytes).
    Removing misc.o(.rev16_text), (4 bytes).
    Removing misc.o(.revsh_text), (4 bytes).
    Removing misc.o(.rrx_text), (6 bytes).
    Removing stm32f2xx_gpio.o(.rev16_text), (4 bytes).
    Removing stm32f2xx_gpio.o(.revsh_text), (4 bytes).
    Removing stm32f2xx_gpio.o(.rrx_text), (6 bytes).
    Removing stm32f2xx_it.o(.rev16_text), (4 bytes).
    Removing stm32f2xx_it.o(.revsh_text), (4 bytes).
    Removing stm32f2xx_it.o(.rrx_text), (6 bytes).
    Removing stm32f2xx_rcc.o(.rev16_text), (4 bytes).
    Removing stm32f2xx_rcc.o(.revsh_text), (4 bytes).
    Removing stm32f2xx_rcc.o(.rrx_text), (6 bytes).
    Removing cstartup.o(HEAP), (512 bytes).
    Removing system_stm32f2xx.o(.rev16_text), (4 bytes).
    Removing system_stm32f2xx.o(.revsh_text), (4 bytes).
    Removing system_stm32f2xx.o(.rrx_text), (6 bytes).
    Removing stm32f2xx_usart.o(.rev16_text), (4 bytes).
    Removing stm32f2xx_usart.o(.revsh_text), (4 bytes).
    Removing stm32f2xx_usart.o(.rrx_text), (6 bytes).
    Removing stm32f2xx_i2c.o(.rev16_text), (4 bytes).
    Removing stm32f2xx_i2c.o(.revsh_text), (4 bytes).
    Removing stm32f2xx_i2c.o(.rrx_text), (6 bytes).
    Removing stm32f2xx_i2c.o(.text), (1064 bytes).
    Removing stm32f2xx_dma.o(.rev16_text), (4 bytes).
    Removing stm32f2xx_dma.o(.revsh_text), (4 bytes).
    Removing stm32f2xx_dma.o(.rrx_text), (6 bytes).
    Removing stm32f2xx_dma.o(.text), (936 bytes).
    Removing event_groups.o(.text), (716 bytes).
    Removing vfs_i2c.o(.rev16_text), (4 bytes).
    Removing vfs_i2c.o(.revsh_text), (4 bytes).
    Removing vfs_i2c.o(.rrx_text), (6 bytes).
    Removing i2c_bus.o(.rev16_text), (4 bytes).
    Removing i2c_bus.o(.revsh_text), (4 bytes).
    Removing i2c_bus.o(.rrx_text), (6 bytes).

43 unused section(s) (total 3410 bytes) removed from the image.

==============================================================================

Image Symbol Table

    Local Symbols

    Symbol Name                              Value     Ov Type        Size  Object(Section)

    ../clib/microlib/division.c              0x00000000   Number         0  uidiv.o ABSOLUTE
    ../clib/microlib/division.c              0x00000000   Number         0  uldiv.o ABSOLUTE
    ../clib/microlib/init/entry.s            0x00000000   Number         0  entry11a.o ABSOLUTE
    ../clib/microlib/init/entry.s            0x00000000   Number         0  entry.o ABSOLUTE
    ../clib/microlib/init/entry.s            0x00000000   Number         0  entry7b.o ABSOLUTE
    ../clib/microlib/init/entry.s            0x00000000   Number         0  entry10b.o ABSOLUTE
    ../clib/microlib/init/entry.s            0x00000000   Number         0  entry11b.o ABSOLUTE
    ../clib/microlib/init/entry.s            0x00000000   Number         0  entry10a.o ABSOLUTE
    ../clib/microlib/init/entry.s            0x00000000   Number         0  entry9b.o ABSOLUTE
    ../clib/microlib/init/entry.s            0x00000000   Number         0  entry9a.o ABSOLUTE
    ../clib/microlib/init/entry.s            0x00000000   Number         0  entry8b.o ABSOLUTE
    ../clib/microlib/init/entry.s            0x00000000   Number         0  entry2.o ABSOLUTE
    ../clib/microlib/init/entry.s            0x00000000   Number         0  entry8a.o ABSOLUTE
    ../clib/microlib/init/entry.s            0x00000000   Number         0  entry5.o ABSOLUTE
    ../clib/microlib/init/entry.s            0x00000000   Number         0  entry7a.o ABSOLUTE
    ../clib/microlib/longlong.c              0x00000000   Number         0  llsshr.o ABSOLUTE
    ../clib/microlib/longlong.c              0x00000000   Number         0  llushr.o ABSOLUTE
    ../clib/microlib/longlong.c              0x00000000   Number         0  llshl.o ABSOLUTE
    ../clib/microlib/printf/printf.c         0x00000000   Number         0  printf5.o ABSOLUTE
    ../clib/microlib/printf/printf.c         0x00000000   Number         0  printf6.o ABSOLUTE
    ../clib/microlib/printf/printf.c         0x00000000   Number         0  printf7.o ABSOLUTE
    ../clib/microlib/printf/printf.c         0x00000000   Number         0  printf8.o ABSOLUTE
    ../clib/microlib/printf/printf.c         0x00000000   Number         0  printf4.o ABSOLUTE
    ../clib/microlib/printf/printf.c         0x00000000   Number         0  printfa.o ABSOLUTE
    ../clib/microlib/printf/printf.c         0x00000000   Number         0  printf2.o ABSOLUTE
    ../clib/microlib/printf/printf.c         0x00000000   Number         0  printf1.o ABSOLUTE
    ../clib/microlib/printf/printf.c         0x00000000   Number         0  printfb.o ABSOLUTE
    ../clib/microlib/printf/printf.c         0x00000000   Number         0  printf3.o ABSOLUTE
    ../clib/microlib/printf/printf.c         0x00000000   Number         0  printf0.o ABSOLUTE
    ../clib/microlib/printf/stubs.s          0x00000000   Number         0  stubs.o ABSOLUTE
    ../clib/microlib/stdio/fputc.c           0x00000000   Number         0  fputc.o ABSOLUTE
    ../clib/microlib/stdio/semi.s            0x00000000   Number         0  semi.o ABSOLUTE
    ../clib/microlib/stdio/streams.c         0x00000000   Number         0  stdout.o ABSOLUTE
    ../clib/microlib/string/memcpy.c         0x00000000   Number         0  memcpyb.o ABSOLUTE
    ../clib/microlib/string/memcpy.c         0x00000000   Number         0  memcpya.o ABSOLUTE
    ../clib/microlib/string/memset.c         0x00000000   Number         0  memseta.o ABSOLUTE
    ../clib/microlib/string/strcat.c         0x00000000   Number         0  strcat.o ABSOLUTE
    ../clib/microlib/string/strcmp.c         0x00000000   Number         0  strcmp.o ABSOLUTE
    ../clib/microlib/string/strcpy.c         0x00000000   Number         0  strcpy.o ABSOLUTE
    ../clib/microlib/string/strlen.c         0x00000000   Number         0  strlen.o ABSOLUTE
    ../clib/microlib/string/strncmp.c        0x00000000   Number         0  strncmp.o ABSOLUTE
    ../clib/microlib/stubs.s                 0x00000000   Number         0  iusefp.o ABSOLUTE
    ../clib/microlib/stubs.s                 0x00000000   Number         0  iusesemip.o ABSOLUTE
    ../fplib/microlib/fpadd.c                0x00000000   Number         0  dadd.o ABSOLUTE
    ../fplib/microlib/fpdiv.c                0x00000000   Number         0  ddiv.o ABSOLUTE
    ../fplib/microlib/fpepilogue.c           0x00000000   Number         0  depilogue.o ABSOLUTE
    ../fplib/microlib/fpfix.c                0x00000000   Number         0  dfixul.o ABSOLUTE
    ../fplib/microlib/fpmul.c                0x00000000   Number         0  dmul.o ABSOLUTE
    ..\APP\app_led.c                         0x00000000   Number         0  app_led.o ABSOLUTE
    ..\APP\cli\app_cli.c                     0x00000000   Number         0  app_cli.o ABSOLUTE
    ..\APP\cli\hal_cli.c                     0x00000000   Number         0  hal_cli.o ABSOLUTE
    ..\APP\cli\mid_cli.c                     0x00000000   Number         0  mid_cli.o ABSOLUTE
    ..\APP\main.c                            0x00000000   Number         0  main.o ABSOLUTE
    ..\APP\serial.c                          0x00000000   Number         0  serial.o ABSOLUTE
    ..\DRV\i2c_bus.c                         0x00000000   Number         0  i2c_bus.o ABSOLUTE
    ..\DRV\vfs_i2c.c                         0x00000000   Number         0  vfs_i2c.o ABSOLUTE
    ..\FreeRTOS\croutine.c                   0x00000000   Number         0  croutine.o ABSOLUTE
    ..\FreeRTOS\event_groups.c               0x00000000   Number         0  event_groups.o ABSOLUTE
    ..\FreeRTOS\list.c                       0x00000000   Number         0  list.o ABSOLUTE
    ..\FreeRTOS\portable\MemMang\heap_2.c    0x00000000   Number         0  heap_2.o ABSOLUTE
    ..\FreeRTOS\portable\RVDS\ARM_CM3\port.c 0x00000000   Number         0  port.o ABSOLUTE
    ..\FreeRTOS\queue.c                      0x00000000   Number         0  queue.o ABSOLUTE
    ..\FreeRTOS\tasks.c                      0x00000000   Number         0  tasks.o ABSOLUTE
    ..\FreeRTOS\timers.c                     0x00000000   Number         0  timers.o ABSOLUTE
    ..\LIB\vfs.c                             0x00000000   Number         0  vfs.o ABSOLUTE
    ..\LIB\vfs_file.c                        0x00000000   Number         0  vfs_file.o ABSOLUTE
    ..\LIB\vfs_inode.c                       0x00000000   Number         0  vfs_inode.o ABSOLUTE
    ..\LIB\vfs_register.c                    0x00000000   Number         0  vfs_register.o ABSOLUTE
    ..\STMLIB\src\misc.c                     0x00000000   Number         0  misc.o ABSOLUTE
    ..\STMLIB\src\stm32f2xx_dma.c            0x00000000   Number         0  stm32f2xx_dma.o ABSOLUTE
    ..\STMLIB\src\stm32f2xx_gpio.c           0x00000000   Number         0  stm32f2xx_gpio.o ABSOLUTE
    ..\STMLIB\src\stm32f2xx_i2c.c            0x00000000   Number         0  stm32f2xx_i2c.o ABSOLUTE
    ..\STMLIB\src\stm32f2xx_it.c             0x00000000   Number         0  stm32f2xx_it.o ABSOLUTE
    ..\STMLIB\src\stm32f2xx_rcc.c            0x00000000   Number         0  stm32f2xx_rcc.o ABSOLUTE
    ..\STMLIB\src\stm32f2xx_usart.c          0x00000000   Number         0  stm32f2xx_usart.o ABSOLUTE
    ..\STMLIB\src\system_stm32f2xx.c         0x00000000   Number         0  system_stm32f2xx.o ABSOLUTE
    ..\STMLIB\startup\cstartup.s             0x00000000   Number         0  cstartup.o ABSOLUTE
    ..\\APP\\app_led.c                       0x00000000   Number         0  app_led.o ABSOLUTE
    ..\\APP\\main.c                          0x00000000   Number         0  main.o ABSOLUTE
    ..\\APP\\serial.c                        0x00000000   Number         0  serial.o ABSOLUTE
    ..\\DRV\\i2c_bus.c                       0x00000000   Number         0  i2c_bus.o ABSOLUTE
    ..\\DRV\\vfs_i2c.c                       0x00000000   Number         0  vfs_i2c.o ABSOLUTE
    ..\\FreeRTOS\\portable\\RVDS\\ARM_CM3\\port.c 0x00000000   Number         0  port.o ABSOLUTE
    ..\\STMLIB\\src\\misc.c                  0x00000000   Number         0  misc.o ABSOLUTE
    ..\\STMLIB\\src\\stm32f2xx_dma.c         0x00000000   Number         0  stm32f2xx_dma.o ABSOLUTE
    ..\\STMLIB\\src\\stm32f2xx_gpio.c        0x00000000   Number         0  stm32f2xx_gpio.o ABSOLUTE
    ..\\STMLIB\\src\\stm32f2xx_i2c.c         0x00000000   Number         0  stm32f2xx_i2c.o ABSOLUTE
    ..\\STMLIB\\src\\stm32f2xx_it.c          0x00000000   Number         0  stm32f2xx_it.o ABSOLUTE
    ..\\STMLIB\\src\\stm32f2xx_rcc.c         0x00000000   Number         0  stm32f2xx_rcc.o ABSOLUTE
    ..\\STMLIB\\src\\stm32f2xx_usart.c       0x00000000   Number         0  stm32f2xx_usart.o ABSOLUTE
    ..\\STMLIB\\src\\system_stm32f2xx.c      0x00000000   Number         0  system_stm32f2xx.o ABSOLUTE
    cdrcmple.s                               0x00000000   Number         0  cdrcmple.o ABSOLUTE
    dc.s                                     0x00000000   Number         0  dc.o ABSOLUTE
    handlers.s                               0x00000000   Number         0  handlers.o ABSOLUTE
    init.s                                   0x00000000   Number         0  init.o ABSOLUTE
    RESET                                    0x08000000   Section      388  cstartup.o(RESET)
    .ARM.Collect$$$$00000000                 0x08000184   Section        0  entry.o(.ARM.Collect$$$$00000000)
    .ARM.Collect$$$$00000001                 0x08000184   Section        4  entry2.o(.ARM.Collect$$$$00000001)
    .ARM.Collect$$$$00000004                 0x08000188   Section        4  entry5.o(.ARM.Collect$$$$00000004)
    .ARM.Collect$$$$00000008                 0x0800018c   Section        0  entry7b.o(.ARM.Collect$$$$00000008)
    .ARM.Collect$$$$0000000A                 0x0800018c   Section        0  entry8b.o(.ARM.Collect$$$$0000000A)
    .ARM.Collect$$$$0000000B                 0x0800018c   Section        8  entry9a.o(.ARM.Collect$$$$0000000B)
    .ARM.Collect$$$$0000000D                 0x08000194   Section        0  entry10a.o(.ARM.Collect$$$$0000000D)
    .ARM.Collect$$$$0000000F                 0x08000194   Section        0  entry11a.o(.ARM.Collect$$$$0000000F)
    .ARM.Collect$$$$00002712                 0x08000194   Section        4  entry2.o(.ARM.Collect$$$$00002712)
    __lit__00000000                          0x08000194   Data           4  entry2.o(.ARM.Collect$$$$00002712)
    .emb_text                                0x08000198   Section      150  port.o(.emb_text)
    .text                                    0x08000230   Section        0  main.o(.text)
    .text                                    0x0800034c   Section        0  serial.o(.text)
    dataLinktask                             0x0800036b   Thumb Code    54  serial.o(.text)
    .text                                    0x08000620   Section        0  app_led.o(.text)
    .text                                    0x080007ac   Section        0  app_cli.o(.text)
    info_main                                0x080007ad   Thumb Code    44  app_cli.o(.text)
    clear_main                               0x080007d9   Thumb Code    22  app_cli.o(.text)
    app_cli_default_register                 0x080007ef   Thumb Code    24  app_cli.o(.text)
    .text                                    0x08000840   Section        0  mid_cli.o(.text)
    mid_cli_string_split                     0x08000885   Thumb Code    66  mid_cli.o(.text)
    mid_cli_parse_command                    0x080008c7   Thumb Code   226  mid_cli.o(.text)
    mid_cli_console_task                     0x080009a9   Thumb Code   370  mid_cli.o(.text)
    help_main                                0x08000b67   Thumb Code   112  mid_cli.o(.text)
    .text                                    0x08000c54   Section        0  hal_cli.o(.text)
    .text                                    0x08000c8c   Section        0  misc.o(.text)
    .text                                    0x08000d6c   Section        0  stm32f2xx_gpio.o(.text)
    .text                                    0x08000fc8   Section        0  stm32f2xx_it.o(.text)
    .text                                    0x08000fe4   Section        0  stm32f2xx_rcc.o(.text)
    .text                                    0x0800156c   Section       28  cstartup.o(.text)
    .text                                    0x08001588   Section        0  system_stm32f2xx.o(.text)
    SetSysClock                              0x08001589   Thumb Code   192  system_stm32f2xx.o(.text)
    .text                                    0x08001768   Section        0  stm32f2xx_usart.o(.text)
    .text                                    0x08001b82   Section        0  list.o(.text)
    .text                                    0x08001c18   Section        0  queue.o(.text)
    prvInitialiseNewQueue                    0x08001c93   Thumb Code    38  queue.o(.text)
    prvUnlockQueue                           0x08001cf1   Thumb Code   126  queue.o(.text)
    prvIsQueueFull                           0x08001d6f   Thumb Code    30  queue.o(.text)
    prvCopyDataToQueue                       0x08001d8d   Thumb Code   124  queue.o(.text)
    prvInitialiseMutex                       0x08001f1d   Thumb Code    28  queue.o(.text)
    prvIsQueueEmpty                          0x0800205d   Thumb Code    26  queue.o(.text)
    prvCopyDataFromQueue                     0x08002077   Thumb Code    42  queue.o(.text)
    prvGetDisinheritPriorityAfterTimeout     0x080021a1   Thumb Code    20  queue.o(.text)
    .text                                    0x08002514   Section        0  tasks.o(.text)
    prvInitialiseTaskLists                   0x08002515   Thumb Code    70  tasks.o(.text)
    prvAddNewTaskToReadyList                 0x0800255b   Thumb Code   150  tasks.o(.text)
    prvInitialiseNewTask                     0x080025f1   Thumb Code   134  tasks.o(.text)
    prvResetNextTaskUnblockTime              0x080026d7   Thumb Code    42  tasks.o(.text)
    prvDeleteTCB                             0x08002701   Thumb Code    18  tasks.o(.text)
    prvAddCurrentTaskToDelayedList           0x080029c1   Thumb Code   124  tasks.o(.text)
    prvTaskIsTaskSuspended                   0x08002d0f   Thumb Code    56  tasks.o(.text)
    prvCheckTasksWaitingTermination          0x08002e75   Thumb Code    60  tasks.o(.text)
    prvIdleTask                              0x08002eb1   Thumb Code    32  tasks.o(.text)
    .text                                    0x080036d4   Section        0  port.o(.text)
    prvTaskExitError                         0x080036d5   Thumb Code    22  port.o(.text)
    .text                                    0x080037c4   Section        0  heap_2.o(.text)
    prvHeapInit                              0x080037c5   Thumb Code    42  heap_2.o(.text)
    .text                                    0x080038e8   Section        0  vfs_i2c.o(.text)
    .text                                    0x08003a08   Section        0  i2c_bus.o(.text)
    i2c_bus_sda_dir                          0x08003abd   Thumb Code    86  i2c_bus.o(.text)
    delayus                                  0x08003b13   Thumb Code    26  i2c_bus.o(.text)
    i2c_bus_start                            0x08003b2d   Thumb Code   102  i2c_bus.o(.text)
    i2c_bus_stop                             0x08003b93   Thumb Code   102  i2c_bus.o(.text)
    I2C_BUS_SDA_STATE                        0x08003bf9   Thumb Code    40  i2c_bus.o(.text)
    i2c_bus_get_ack                          0x08003c21   Thumb Code    88  i2c_bus.o(.text)
    i2c_bus_send_ack                         0x08003e49   Thumb Code   136  i2c_bus.o(.text)
    .text                                    0x08003ed4   Section        0  vfs.o(.text)
    .text                                    0x080041b4   Section        0  vfs_file.o(.text)
    .text                                    0x08004238   Section        0  vfs_inode.o(.text)
    inode_set_name                           0x0800435f   Thumb Code    60  vfs_inode.o(.text)
    .text                                    0x08004430   Section        0  vfs_register.o(.text)
    .text                                    0x08004534   Section        0  memcpya.o(.text)
    .text                                    0x08004558   Section        0  memseta.o(.text)
    .text                                    0x0800457c   Section        0  strcat.o(.text)
    .text                                    0x08004594   Section        0  strlen.o(.text)
    .text                                    0x080045a2   Section        0  strcmp.o(.text)
    .text                                    0x080045be   Section        0  strcpy.o(.text)
    .text                                    0x080045d0   Section        0  strncmp.o(.text)
    .text                                    0x080045ee   Section        0  uidiv.o(.text)
    .text                                    0x0800461a   Section        0  uldiv.o(.text)
    .text                                    0x0800467c   Section        0  dadd.o(.text)
    .text                                    0x0800467c   Section        0  iusefp.o(.text)
    .text                                    0x080047ca   Section        0  dmul.o(.text)
    .text                                    0x080048ae   Section        0  ddiv.o(.text)
    .text                                    0x0800498c   Section        0  dfixul.o(.text)
    .text                                    0x080049bc   Section       48  cdrcmple.o(.text)
    .text                                    0x080049ec   Section       36  init.o(.text)
    .text                                    0x08004a10   Section        0  llshl.o(.text)
    .text                                    0x08004a2e   Section        0  llushr.o(.text)
    .text                                    0x08004a4e   Section        0  llsshr.o(.text)
    .text                                    0x08004a72   Section        0  depilogue.o(.text)
    i.__0sprintf$3                           0x08004b2c   Section        0  printf3.o(i.__0sprintf$3)
    i.__0vsprintf                            0x08004b54   Section        0  printfa.o(i.__0vsprintf)
    i.__scatterload_copy                     0x08004b78   Section       14  handlers.o(i.__scatterload_copy)
    i.__scatterload_null                     0x08004b86   Section        2  handlers.o(i.__scatterload_null)
    i.__scatterload_zeroinit                 0x08004b88   Section       14  handlers.o(i.__scatterload_zeroinit)
    i._fp_digits                             0x08004b98   Section        0  printfa.o(i._fp_digits)
    _fp_digits                               0x08004b99   Thumb Code   366  printfa.o(i._fp_digits)
    i._printf_core                           0x08004d1c   Section        0  printf3.o(i._printf_core)
    _printf_core                             0x08004d1d   Thumb Code   436  printf3.o(i._printf_core)
    i._printf_core                           0x08004ed4   Section        0  printfa.o(i._printf_core)
    _printf_core                             0x08004ed5   Thumb Code  1744  printfa.o(i._printf_core)
    i._printf_post_padding                   0x080055b0   Section        0  printfa.o(i._printf_post_padding)
    _printf_post_padding                     0x080055b1   Thumb Code    36  printfa.o(i._printf_post_padding)
    i._printf_pre_padding                    0x080055d4   Section        0  printfa.o(i._printf_pre_padding)
    _printf_pre_padding                      0x080055d5   Thumb Code    46  printfa.o(i._printf_pre_padding)
    i._sputc                                 0x08005602   Section        0  printf3.o(i._sputc)
    _sputc                                   0x08005603   Thumb Code    10  printf3.o(i._sputc)
    i._sputc                                 0x0800560c   Section        0  printfa.o(i._sputc)
    _sputc                                   0x0800560d   Thumb Code    10  printfa.o(i._sputc)
    .constdata                               0x08005618   Section       20  main.o(.constdata)
    .constdata                               0x0800562c   Section       32  app_cli.o(.constdata)
    info                                     0x0800562c   Data          16  app_cli.o(.constdata)
    clear                                    0x0800563c   Data          16  app_cli.o(.constdata)
    .constdata                               0x0800564c   Section       36  mid_cli.o(.constdata)
    passwd                                   0x0800564c   Data           4  mid_cli.o(.constdata)
    input_passwd_msg                         0x08005650   Data           4  mid_cli.o(.constdata)
    incorrect_passwd_msg                     0x08005654   Data           4  mid_cli.o(.constdata)
    pcNewLine                                0x08005658   Data           4  mid_cli.o(.constdata)
    backspace                                0x0800565c   Data           4  mid_cli.o(.constdata)
    help                                     0x08005660   Data          16  mid_cli.o(.constdata)
    .constdata                               0x08005670   Section       83  vfs_i2c.o(.constdata)
    i2c_ops                                  0x08005670   Data          20  vfs_i2c.o(.constdata)
    __func__                                 0x08005684   Data          13  vfs_i2c.o(.constdata)
    __func__                                 0x08005691   Data          14  vfs_i2c.o(.constdata)
    __func__                                 0x0800569f   Data          13  vfs_i2c.o(.constdata)
    __func__                                 0x080056ac   Data          14  vfs_i2c.o(.constdata)
    .conststring                             0x080056c4   Section      218  app_cli.o(.conststring)
    .conststring                             0x080057a0   Section      253  mid_cli.o(.conststring)
    .data                                    0x20000000   Section       12  serial.o(.data)
    ser_rx_queue                             0x20000000   Data           4  serial.o(.data)
    ser_tx_queue                             0x20000004   Data           4  serial.o(.data)
    xPort                                    0x20000008   Data           4  serial.o(.data)
    .data                                    0x2000000c   Section        1  app_led.o(.data)
    byte                                     0x2000000c   Data           1  app_led.o(.data)
    .data                                    0x20000010   Section       28  app_cli.o(.data)
    dev_info                                 0x20000010   Data          24  app_cli.o(.data)
    string                                   0x20000028   Data           4  app_cli.o(.data)
    .data                                    0x2000002c   Section       40  mid_cli.o(.data)
    def_prefix                               0x2000002c   Data           4  mid_cli.o(.data)
    prefix                                   0x20000030   Data           4  mid_cli.o(.data)
    err_remind                               0x20000034   Data           4  mid_cli.o(.data)
    cmd_list_head                            0x20000038   Data           8  mid_cli.o(.data)
    pxLastCommandInList                      0x20000040   Data           4  mid_cli.o(.data)
    pxNewListItem                            0x20000044   Data           4  mid_cli.o(.data)
    permission                               0x20000048   Data           1  mid_cli.o(.data)
    cmd                                      0x2000004c   Data           4  mid_cli.o(.data)
    cmd                                      0x20000050   Data           4  mid_cli.o(.data)
    .data                                    0x20000054   Section        8  hal_cli.o(.data)
    tx_data                                  0x20000054   Data           4  hal_cli.o(.data)
    rx_data                                  0x20000058   Data           4  hal_cli.o(.data)
    .data                                    0x2000005c   Section       16  stm32f2xx_rcc.o(.data)
    APBAHBPrescTable                         0x2000005c   Data          16  stm32f2xx_rcc.o(.data)
    .data                                    0x2000006c   Section       20  system_stm32f2xx.o(.data)
    .data                                    0x20000080   Section       60  tasks.o(.data)
    pxDelayedTaskList                        0x20000084   Data           4  tasks.o(.data)
    pxOverflowDelayedTaskList                0x20000088   Data           4  tasks.o(.data)
    uxDeletedTasksWaitingCleanUp             0x2000008c   Data           4  tasks.o(.data)
    uxCurrentNumberOfTasks                   0x20000090   Data           4  tasks.o(.data)
    xTickCount                               0x20000094   Data           4  tasks.o(.data)
    uxTopReadyPriority                       0x20000098   Data           4  tasks.o(.data)
    xSchedulerRunning                        0x2000009c   Data           4  tasks.o(.data)
    uxPendedTicks                            0x200000a0   Data           4  tasks.o(.data)
    xYieldPending                            0x200000a4   Data           4  tasks.o(.data)
    xNumOfOverflows                          0x200000a8   Data           4  tasks.o(.data)
    uxTaskNumber                             0x200000ac   Data           4  tasks.o(.data)
    xNextTaskUnblockTime                     0x200000b0   Data           4  tasks.o(.data)
    xIdleTaskHandle                          0x200000b4   Data           4  tasks.o(.data)
    uxSchedulerSuspended                     0x200000b8   Data           4  tasks.o(.data)
    .data                                    0x200000bc   Section        4  port.o(.data)
    uxCriticalNesting                        0x200000bc   Data           4  port.o(.data)
    .data                                    0x200000c0   Section       24  heap_2.o(.data)
    xStart                                   0x200000c0   Data           8  heap_2.o(.data)
    xEnd                                     0x200000c8   Data           8  heap_2.o(.data)
    xFreeBytesRemaining                      0x200000d0   Data           4  heap_2.o(.data)
    xHeapHasBeenInitialised                  0x200000d4   Data           4  heap_2.o(.data)
    .data                                    0x200000d8   Section        8  vfs.o(.data)
    g_vfs_init                               0x200000d8   Data           1  vfs.o(.data)
    .bss                                     0x200000e0   Section      752  mid_cli.o(.bss)
    vars                                     0x200000e0   Data         200  mid_cli.o(.bss)
    argv                                     0x200001a8   Data          40  mid_cli.o(.bss)
    cOutputString                            0x200001d0   Data         256  mid_cli.o(.bss)
    cInputString                             0x200002d0   Data         256  mid_cli.o(.bss)
    .bss                                     0x200003d0   Section      200  tasks.o(.bss)
    pxReadyTasksLists                        0x200003d0   Data         100  tasks.o(.bss)
    xDelayedTaskList1                        0x20000434   Data          20  tasks.o(.bss)
    xDelayedTaskList2                        0x20000448   Data          20  tasks.o(.bss)
    xPendingReadyList                        0x2000045c   Data          20  tasks.o(.bss)
    xTasksWaitingTermination                 0x20000470   Data          20  tasks.o(.bss)
    xSuspendedTaskList                       0x20000484   Data          20  tasks.o(.bss)
    .bss                                     0x20000498   Section    17408  heap_2.o(.bss)
    ucHeap                                   0x20000498   Data       17408  heap_2.o(.bss)
    .bss                                     0x20004898   Section       24  i2c_bus.o(.bss)
    i2c_bus                                  0x20004898   Data          24  i2c_bus.o(.bss)
    .bss                                     0x200048b0   Section      600  vfs_file.o(.bss)
    files                                    0x200048b0   Data         600  vfs_file.o(.bss)
    .bss                                     0x20004b08   Section      600  vfs_inode.o(.bss)
    g_vfs_dev_nodes                          0x20004b08   Data         600  vfs_inode.o(.bss)
    STACK                                    0x20004d60   Section     1024  cstartup.o(STACK)

    Global Symbols

    Symbol Name                              Value     Ov Type        Size  Object(Section)

    BuildAttributes$$THM_ISAv4$P$D$K$B$S$PE$A:L22UL41UL21$X:L11$S22US41US21$IEEE1$IW$USESV6$~STKCKD$USESV7$~SHL$OSPACE$ROPI$EBA8$MICROLIB$REQ8$PRES8$EABIv2 0x00000000   Number         0  anon$$obj.o ABSOLUTE
    __ARM_use_no_argv                        0x00000000   Number         0  main.o ABSOLUTE
    _printf_a                                0x00000000   Number         0  stubs.o ABSOLUTE
    _printf_c                                0x00000000   Number         0  stubs.o ABSOLUTE
    _printf_charcount                        0x00000000   Number         0  stubs.o ABSOLUTE
    _printf_d                                0x00000000   Number         0  stubs.o ABSOLUTE
    _printf_e                                0x00000000   Number         0  stubs.o ABSOLUTE
    _printf_f                                0x00000000   Number         0  stubs.o ABSOLUTE
    _printf_flags                            0x00000000   Number         0  stubs.o ABSOLUTE
    _printf_fp_dec                           0x00000000   Number         0  stubs.o ABSOLUTE
    _printf_fp_hex                           0x00000000   Number         0  stubs.o ABSOLUTE
    _printf_g                                0x00000000   Number         0  stubs.o ABSOLUTE
    _printf_i                                0x00000000   Number         0  stubs.o ABSOLUTE
    _printf_int_dec                          0x00000000   Number         0  stubs.o ABSOLUTE
    _printf_l                                0x00000000   Number         0  stubs.o ABSOLUTE
    _printf_lc                               0x00000000   Number         0  stubs.o ABSOLUTE
    _printf_ll                               0x00000000   Number         0  stubs.o ABSOLUTE
    _printf_lld                              0x00000000   Number         0  stubs.o ABSOLUTE
    _printf_lli                              0x00000000   Number         0  stubs.o ABSOLUTE
    _printf_llo                              0x00000000   Number         0  stubs.o ABSOLUTE
    _printf_llu                              0x00000000   Number         0  stubs.o ABSOLUTE
    _printf_llx                              0x00000000   Number         0  stubs.o ABSOLUTE
    _printf_longlong_dec                     0x00000000   Number         0  stubs.o ABSOLUTE
    _printf_longlong_hex                     0x00000000   Number         0  stubs.o ABSOLUTE
    _printf_longlong_oct                     0x00000000   Number         0  stubs.o ABSOLUTE
    _printf_ls                               0x00000000   Number         0  stubs.o ABSOLUTE
    _printf_mbtowc                           0x00000000   Number         0  stubs.o ABSOLUTE
    _printf_n                                0x00000000   Number         0  stubs.o ABSOLUTE
    _printf_o                                0x00000000   Number         0  stubs.o ABSOLUTE
    _printf_p                                0x00000000   Number         0  stubs.o ABSOLUTE
    _printf_percent                          0x00000000   Number         0  stubs.o ABSOLUTE
    _printf_pre_padding                      0x00000000   Number         0  stubs.o ABSOLUTE
    _printf_return_value                     0x00000000   Number         0  stubs.o ABSOLUTE
    _printf_s                                0x00000000   Number         0  stubs.o ABSOLUTE
    _printf_sizespec                         0x00000000   Number         0  stubs.o ABSOLUTE
    _printf_str                              0x00000000   Number         0  stubs.o ABSOLUTE
    _printf_truncate_signed                  0x00000000   Number         0  stubs.o ABSOLUTE
    _printf_truncate_unsigned                0x00000000   Number         0  stubs.o ABSOLUTE
    _printf_u                                0x00000000   Number         0  stubs.o ABSOLUTE
    _printf_wc                               0x00000000   Number         0  stubs.o ABSOLUTE
    _printf_wctomb                           0x00000000   Number         0  stubs.o ABSOLUTE
    _printf_widthprec                        0x00000000   Number         0  stubs.o ABSOLUTE
    _printf_x                                0x00000000   Number         0  stubs.o ABSOLUTE
    __cpp_initialize__aeabi_                  - Undefined Weak Reference
    __cxa_finalize                            - Undefined Weak Reference
    __decompress                              - Undefined Weak Reference
    _clock_init                               - Undefined Weak Reference
    _microlib_exit                            - Undefined Weak Reference
    __Vectors_Size                           0x00000184   Number         0  cstartup.o ABSOLUTE
    __Vectors                                0x08000000   Data           4  cstartup.o(RESET)
    __Vectors_End                            0x08000184   Data           0  cstartup.o(RESET)
    __main                                   0x08000185   Thumb Code     0  entry.o(.ARM.Collect$$$$00000000)
    _main_stk                                0x08000185   Thumb Code     0  entry2.o(.ARM.Collect$$$$00000001)
    _main_scatterload                        0x08000189   Thumb Code     0  entry5.o(.ARM.Collect$$$$00000004)
    __main_after_scatterload                 0x0800018d   Thumb Code     0  entry5.o(.ARM.Collect$$$$00000004)
    _main_clock                              0x0800018d   Thumb Code     0  entry7b.o(.ARM.Collect$$$$00000008)
    _main_cpp_init                           0x0800018d   Thumb Code     0  entry8b.o(.ARM.Collect$$$$0000000A)
    _main_init                               0x0800018d   Thumb Code     0  entry9a.o(.ARM.Collect$$$$0000000B)
    __rt_final_cpp                           0x08000195   Thumb Code     0  entry10a.o(.ARM.Collect$$$$0000000D)
    __rt_final_exit                          0x08000195   Thumb Code     0  entry11a.o(.ARM.Collect$$$$0000000F)
    vPortSVCHandler                          0x08000199   Thumb Code    32  port.o(.emb_text)
    __asm___6_port_c_39a90d8d__prvStartFirstTask 0x080001bd   Thumb Code    28  port.o(.emb_text)
    xPortPendSVHandler                       0x080001dd   Thumb Code    72  port.o(.emb_text)
    vPortGetIPSR                             0x08000229   Thumb Code     6  port.o(.emb_text)
    main                                     0x08000231   Thumb Code   208  main.o(.text)
    xSerialGetChar                           0x0800034d   Thumb Code    30  serial.o(.text)
    serial_bsp_init                          0x080003a1   Thumb Code   218  serial.o(.text)
    serial_task_init                         0x0800047b   Thumb Code    40  serial.o(.text)
    xSerialPutChar                           0x080004a3   Thumb Code    46  serial.o(.text)
    vSerialPutString                         0x080004d1   Thumb Code    38  serial.o(.text)
    dbg_string                               0x080004f7   Thumb Code    52  serial.o(.text)
    serial_tx                                0x0800052b   Thumb Code    22  serial.o(.text)
    serial_rx                                0x08000541   Thumb Code    30  serial.o(.text)
    vSerialClose                             0x0800055f   Thumb Code     2  serial.o(.text)
    USART1_IRQHandler                        0x08000561   Thumb Code   154  serial.o(.text)
    BSP_LED_Init                             0x08000621   Thumb Code   130  app_led.o(.text)
    vByteTask                                0x080006a3   Thumb Code    54  app_led.o(.text)
    vLed1Task                                0x080006d9   Thumb Code    52  app_led.o(.text)
    vLed2Task                                0x0800070d   Thumb Code    52  app_led.o(.text)
    vLed3Task                                0x08000741   Thumb Code    48  app_led.o(.text)
    vLed4Task                                0x08000771   Thumb Code    48  app_led.o(.text)
    app_cli_init                             0x08000807   Thumb Code    22  app_cli.o(.text)
    mid_cli_register                         0x08000841   Thumb Code    68  mid_cli.o(.text)
    mid_cli_init                             0x08000b1b   Thumb Code    76  mid_cli.o(.text)
    hal_cli_data_switch_register             0x08000c55   Thumb Code    10  hal_cli.o(.text)
    hal_cli_data_tx                          0x08000c5f   Thumb Code    18  hal_cli.o(.text)
    hal_cli_data_rx                          0x08000c71   Thumb Code    18  hal_cli.o(.text)
    NVIC_PriorityGroupConfig                 0x08000c8d   Thumb Code    10  misc.o(.text)
    NVIC_Init                                0x08000c97   Thumb Code   106  misc.o(.text)
    NVIC_SetVectorTable                      0x08000d01   Thumb Code    14  misc.o(.text)
    NVIC_SystemLPConfig                      0x08000d0f   Thumb Code    34  misc.o(.text)
    SysTick_CLKSourceConfig                  0x08000d31   Thumb Code    40  misc.o(.text)
    GPIO_DeInit                              0x08000d6d   Thumb Code   220  stm32f2xx_gpio.o(.text)
    GPIO_Init                                0x08000e49   Thumb Code   144  stm32f2xx_gpio.o(.text)
    GPIO_StructInit                          0x08000ed9   Thumb Code    18  stm32f2xx_gpio.o(.text)
    GPIO_PinLockConfig                       0x08000eeb   Thumb Code    34  stm32f2xx_gpio.o(.text)
    GPIO_ReadInputDataBit                    0x08000f0d   Thumb Code    18  stm32f2xx_gpio.o(.text)
    GPIO_ReadInputData                       0x08000f1f   Thumb Code     8  stm32f2xx_gpio.o(.text)
    GPIO_ReadOutputDataBit                   0x08000f27   Thumb Code    18  stm32f2xx_gpio.o(.text)
    GPIO_ReadOutputData                      0x08000f39   Thumb Code     8  stm32f2xx_gpio.o(.text)
    GPIO_SetBits                             0x08000f41   Thumb Code     4  stm32f2xx_gpio.o(.text)
    GPIO_ResetBits                           0x08000f45   Thumb Code     4  stm32f2xx_gpio.o(.text)
    GPIO_WriteBit                            0x08000f49   Thumb Code    10  stm32f2xx_gpio.o(.text)
    GPIO_Write                               0x08000f53   Thumb Code     4  stm32f2xx_gpio.o(.text)
    GPIO_ToggleBits                          0x08000f57   Thumb Code     8  stm32f2xx_gpio.o(.text)
    GPIO_PinAFConfig                         0x08000f5f   Thumb Code    70  stm32f2xx_gpio.o(.text)
    NMI_Handler                              0x08000fc9   Thumb Code     2  stm32f2xx_it.o(.text)
    HardFault_Handler                        0x08000fcb   Thumb Code     4  stm32f2xx_it.o(.text)
    MemManage_Handler                        0x08000fcf   Thumb Code     4  stm32f2xx_it.o(.text)
    BusFault_Handler                         0x08000fd3   Thumb Code     4  stm32f2xx_it.o(.text)
    UsageFault_Handler                       0x08000fd7   Thumb Code     4  stm32f2xx_it.o(.text)
    SVC_Handler                              0x08000fdb   Thumb Code     2  stm32f2xx_it.o(.text)
    DebugMon_Handler                         0x08000fdd   Thumb Code     2  stm32f2xx_it.o(.text)
    PendSV_Handler                           0x08000fdf   Thumb Code     2  stm32f2xx_it.o(.text)
    SysTick_Handler                          0x08000fe1   Thumb Code     2  stm32f2xx_it.o(.text)
    RCC_DeInit                               0x08000fe5   Thumb Code    60  stm32f2xx_rcc.o(.text)
    RCC_HSEConfig                            0x08001021   Thumb Code    14  stm32f2xx_rcc.o(.text)
    RCC_GetFlagStatus                        0x0800102f   Thumb Code    60  stm32f2xx_rcc.o(.text)
    RCC_WaitForHSEStartUp                    0x0800106b   Thumb Code    56  stm32f2xx_rcc.o(.text)
    RCC_AdjustHSICalibrationValue            0x080010a3   Thumb Code    20  stm32f2xx_rcc.o(.text)
    RCC_HSICmd                               0x080010b7   Thumb Code     6  stm32f2xx_rcc.o(.text)
    RCC_LSEConfig                            0x080010bd   Thumb Code    46  stm32f2xx_rcc.o(.text)
    RCC_LSICmd                               0x080010eb   Thumb Code     6  stm32f2xx_rcc.o(.text)
    RCC_PLLConfig                            0x080010f1   Thumb Code    32  stm32f2xx_rcc.o(.text)
    RCC_PLLCmd                               0x08001111   Thumb Code     6  stm32f2xx_rcc.o(.text)
    RCC_PLLI2SConfig                         0x08001117   Thumb Code    14  stm32f2xx_rcc.o(.text)
    RCC_PLLI2SCmd                            0x08001125   Thumb Code     6  stm32f2xx_rcc.o(.text)
    RCC_ClockSecuritySystemCmd               0x0800112b   Thumb Code     6  stm32f2xx_rcc.o(.text)
    RCC_MCO1Config                           0x08001131   Thumb Code    28  stm32f2xx_rcc.o(.text)
    RCC_MCO2Config                           0x0800114d   Thumb Code    28  stm32f2xx_rcc.o(.text)
    RCC_SYSCLKConfig                         0x08001169   Thumb Code    20  stm32f2xx_rcc.o(.text)
    RCC_GetSYSCLKSource                      0x0800117d   Thumb Code    12  stm32f2xx_rcc.o(.text)
    RCC_HCLKConfig                           0x08001189   Thumb Code    20  stm32f2xx_rcc.o(.text)
    RCC_PCLK1Config                          0x0800119d   Thumb Code    20  stm32f2xx_rcc.o(.text)
    RCC_PCLK2Config                          0x080011b1   Thumb Code    22  stm32f2xx_rcc.o(.text)
    RCC_GetClocksFreq                        0x080011c7   Thumb Code   222  stm32f2xx_rcc.o(.text)
    RCC_RTCCLKConfig                         0x080012a5   Thumb Code    54  stm32f2xx_rcc.o(.text)
    RCC_RTCCLKCmd                            0x080012db   Thumb Code     8  stm32f2xx_rcc.o(.text)
    RCC_BackupResetCmd                       0x080012e3   Thumb Code     8  stm32f2xx_rcc.o(.text)
    RCC_I2SCLKConfig                         0x080012eb   Thumb Code     6  stm32f2xx_rcc.o(.text)
    RCC_AHB1PeriphClockCmd                   0x080012f1   Thumb Code    34  stm32f2xx_rcc.o(.text)
    RCC_AHB2PeriphClockCmd                   0x08001313   Thumb Code    34  stm32f2xx_rcc.o(.text)
    RCC_AHB3PeriphClockCmd                   0x08001335   Thumb Code    34  stm32f2xx_rcc.o(.text)
    RCC_APB1PeriphClockCmd                   0x08001357   Thumb Code    34  stm32f2xx_rcc.o(.text)
    RCC_APB2PeriphClockCmd                   0x08001379   Thumb Code    34  stm32f2xx_rcc.o(.text)
    RCC_AHB1PeriphResetCmd                   0x0800139b   Thumb Code    34  stm32f2xx_rcc.o(.text)
    RCC_AHB2PeriphResetCmd                   0x080013bd   Thumb Code    72  stm32f2xx_rcc.o(.text)
    RCC_AHB3PeriphResetCmd                   0x08001405   Thumb Code    34  stm32f2xx_rcc.o(.text)
    RCC_APB1PeriphResetCmd                   0x08001427   Thumb Code    34  stm32f2xx_rcc.o(.text)
    RCC_APB2PeriphResetCmd                   0x08001449   Thumb Code    34  stm32f2xx_rcc.o(.text)
    RCC_AHB1PeriphClockLPModeCmd             0x0800146b   Thumb Code    34  stm32f2xx_rcc.o(.text)
    RCC_AHB2PeriphClockLPModeCmd             0x0800148d   Thumb Code    34  stm32f2xx_rcc.o(.text)
    RCC_AHB3PeriphClockLPModeCmd             0x080014af   Thumb Code    34  stm32f2xx_rcc.o(.text)
    RCC_APB1PeriphClockLPModeCmd             0x080014d1   Thumb Code    34  stm32f2xx_rcc.o(.text)
    RCC_APB2PeriphClockLPModeCmd             0x080014f3   Thumb Code    34  stm32f2xx_rcc.o(.text)
    RCC_ITConfig                             0x08001515   Thumb Code    34  stm32f2xx_rcc.o(.text)
    RCC_ClearFlag                            0x08001537   Thumb Code    18  stm32f2xx_rcc.o(.text)
    RCC_GetITStatus                          0x08001549   Thumb Code    22  stm32f2xx_rcc.o(.text)
    RCC_ClearITPendingBit                    0x0800155f   Thumb Code     8  stm32f2xx_rcc.o(.text)
    Reset_Handler                            0x0800156d   Thumb Code     4  cstartup.o(.text)
    ADC_IRQHandler                           0x08001583   Thumb Code     0  cstartup.o(.text)
    CAN1_RX0_IRQHandler                      0x08001583   Thumb Code     0  cstartup.o(.text)
    CAN1_RX1_IRQHandler                      0x08001583   Thumb Code     0  cstartup.o(.text)
    CAN1_SCE_IRQHandler                      0x08001583   Thumb Code     0  cstartup.o(.text)
    CAN1_TX_IRQHandler                       0x08001583   Thumb Code     0  cstartup.o(.text)
    CAN2_RX0_IRQHandler                      0x08001583   Thumb Code     0  cstartup.o(.text)
    CAN2_RX1_IRQHandler                      0x08001583   Thumb Code     0  cstartup.o(.text)
    CAN2_SCE_IRQHandler                      0x08001583   Thumb Code     0  cstartup.o(.text)
    CAN2_TX_IRQHandler                       0x08001583   Thumb Code     0  cstartup.o(.text)
    CRYP_IRQHandler                          0x08001583   Thumb Code     0  cstartup.o(.text)
    DCMI_IRQHandler                          0x08001583   Thumb Code     0  cstartup.o(.text)
    DMA1_Stream0_IRQHandler                  0x08001583   Thumb Code     0  cstartup.o(.text)
    DMA1_Stream1_IRQHandler                  0x08001583   Thumb Code     0  cstartup.o(.text)
    DMA1_Stream2_IRQHandler                  0x08001583   Thumb Code     0  cstartup.o(.text)
    DMA1_Stream3_IRQHandler                  0x08001583   Thumb Code     0  cstartup.o(.text)
    DMA1_Stream4_IRQHandler                  0x08001583   Thumb Code     0  cstartup.o(.text)
    DMA1_Stream5_IRQHandler                  0x08001583   Thumb Code     0  cstartup.o(.text)
    DMA1_Stream6_IRQHandler                  0x08001583   Thumb Code     0  cstartup.o(.text)
    DMA1_Stream7_IRQHandler                  0x08001583   Thumb Code     0  cstartup.o(.text)
    DMA2_Stream0_IRQHandler                  0x08001583   Thumb Code     0  cstartup.o(.text)
    DMA2_Stream1_IRQHandler                  0x08001583   Thumb Code     0  cstartup.o(.text)
    DMA2_Stream2_IRQHandler                  0x08001583   Thumb Code     0  cstartup.o(.text)
    DMA2_Stream3_IRQHandler                  0x08001583   Thumb Code     0  cstartup.o(.text)
    DMA2_Stream4_IRQHandler                  0x08001583   Thumb Code     0  cstartup.o(.text)
    DMA2_Stream5_IRQHandler                  0x08001583   Thumb Code     0  cstartup.o(.text)
    DMA2_Stream6_IRQHandler                  0x08001583   Thumb Code     0  cstartup.o(.text)
    DMA2_Stream7_IRQHandler                  0x08001583   Thumb Code     0  cstartup.o(.text)
    ETH_IRQHandler                           0x08001583   Thumb Code     0  cstartup.o(.text)
    ETH_WKUP_IRQHandler                      0x08001583   Thumb Code     0  cstartup.o(.text)
    EXTI0_IRQHandler                         0x08001583   Thumb Code     0  cstartup.o(.text)
    EXTI15_10_IRQHandler                     0x08001583   Thumb Code     0  cstartup.o(.text)
    EXTI1_IRQHandler                         0x08001583   Thumb Code     0  cstartup.o(.text)
    EXTI2_IRQHandler                         0x08001583   Thumb Code     0  cstartup.o(.text)
    EXTI3_IRQHandler                         0x08001583   Thumb Code     0  cstartup.o(.text)
    EXTI4_IRQHandler                         0x08001583   Thumb Code     0  cstartup.o(.text)
    EXTI9_5_IRQHandler                       0x08001583   Thumb Code     0  cstartup.o(.text)
    FLASH_IRQHandler                         0x08001583   Thumb Code     0  cstartup.o(.text)
    FSMC_IRQHandler                          0x08001583   Thumb Code     0  cstartup.o(.text)
    HASH_RNG_IRQHandler                      0x08001583   Thumb Code     0  cstartup.o(.text)
    I2C1_ER_IRQHandler                       0x08001583   Thumb Code     0  cstartup.o(.text)
    I2C1_EV_IRQHandler                       0x08001583   Thumb Code     0  cstartup.o(.text)
    I2C2_ER_IRQHandler                       0x08001583   Thumb Code     0  cstartup.o(.text)
    I2C2_EV_IRQHandler                       0x08001583   Thumb Code     0  cstartup.o(.text)
    I2C3_ER_IRQHandler                       0x08001583   Thumb Code     0  cstartup.o(.text)
    I2C3_EV_IRQHandler                       0x08001583   Thumb Code     0  cstartup.o(.text)
    OTG_FS_IRQHandler                        0x08001583   Thumb Code     0  cstartup.o(.text)
    OTG_FS_WKUP_IRQHandler                   0x08001583   Thumb Code     0  cstartup.o(.text)
    OTG_HS_EP1_IN_IRQHandler                 0x08001583   Thumb Code     0  cstartup.o(.text)
    OTG_HS_EP1_OUT_IRQHandler                0x08001583   Thumb Code     0  cstartup.o(.text)
    OTG_HS_IRQHandler                        0x08001583   Thumb Code     0  cstartup.o(.text)
    OTG_HS_WKUP_IRQHandler                   0x08001583   Thumb Code     0  cstartup.o(.text)
    PVD_IRQHandler                           0x08001583   Thumb Code     0  cstartup.o(.text)
    RCC_IRQHandler                           0x08001583   Thumb Code     0  cstartup.o(.text)
    RTC_Alarm_IRQHandler                     0x08001583   Thumb Code     0  cstartup.o(.text)
    RTC_WKUP_IRQHandler                      0x08001583   Thumb Code     0  cstartup.o(.text)
    SDIO_IRQHandler                          0x08001583   Thumb Code     0  cstartup.o(.text)
    SPI1_IRQHandler                          0x08001583   Thumb Code     0  cstartup.o(.text)
    SPI2_IRQHandler                          0x08001583   Thumb Code     0  cstartup.o(.text)
    SPI3_IRQHandler                          0x08001583   Thumb Code     0  cstartup.o(.text)
    TAMP_STAMP_IRQHandler                    0x08001583   Thumb Code     0  cstartup.o(.text)
    TIM1_BRK_TIM9_IRQHandler                 0x08001583   Thumb Code     0  cstartup.o(.text)
    TIM1_CC_IRQHandler                       0x08001583   Thumb Code     0  cstartup.o(.text)
    TIM1_TRG_COM_TIM11_IRQHandler            0x08001583   Thumb Code     0  cstartup.o(.text)
    TIM1_UP_TIM10_IRQHandler                 0x08001583   Thumb Code     0  cstartup.o(.text)
    TIM2_IRQHandler                          0x08001583   Thumb Code     0  cstartup.o(.text)
    TIM3_IRQHandler                          0x08001583   Thumb Code     0  cstartup.o(.text)
    TIM4_IRQHandler                          0x08001583   Thumb Code     0  cstartup.o(.text)
    TIM5_IRQHandler                          0x08001583   Thumb Code     0  cstartup.o(.text)
    TIM6_DAC_IRQHandler                      0x08001583   Thumb Code     0  cstartup.o(.text)
    TIM7_IRQHandler                          0x08001583   Thumb Code     0  cstartup.o(.text)
    TIM8_BRK_TIM12_IRQHandler                0x08001583   Thumb Code     0  cstartup.o(.text)
    TIM8_CC_IRQHandler                       0x08001583   Thumb Code     0  cstartup.o(.text)
    TIM8_TRG_COM_TIM14_IRQHandler            0x08001583   Thumb Code     0  cstartup.o(.text)
    TIM8_UP_TIM13_IRQHandler                 0x08001583   Thumb Code     0  cstartup.o(.text)
    UART4_IRQHandler                         0x08001583   Thumb Code     0  cstartup.o(.text)
    UART5_IRQHandler                         0x08001583   Thumb Code     0  cstartup.o(.text)
    USART2_IRQHandler                        0x08001583   Thumb Code     0  cstartup.o(.text)
    USART3_IRQHandler                        0x08001583   Thumb Code     0  cstartup.o(.text)
    USART6_IRQHandler                        0x08001583   Thumb Code     0  cstartup.o(.text)
    WWDG_IRQHandler                          0x08001583   Thumb Code     0  cstartup.o(.text)
    SystemInit                               0x08001649   Thumb Code    74  system_stm32f2xx.o(.text)
    SystemCoreClockUpdate                    0x08001693   Thumb Code   174  system_stm32f2xx.o(.text)
    USART_DeInit                             0x08001769   Thumb Code   156  stm32f2xx_usart.o(.text)
    USART_Init                               0x08001805   Thumb Code   204  stm32f2xx_usart.o(.text)
    USART_StructInit                         0x080018d1   Thumb Code    24  stm32f2xx_usart.o(.text)
    USART_ClockInit                          0x080018e9   Thumb Code    32  stm32f2xx_usart.o(.text)
    USART_ClockStructInit                    0x08001909   Thumb Code    12  stm32f2xx_usart.o(.text)
    USART_Cmd                                0x08001915   Thumb Code    24  stm32f2xx_usart.o(.text)
    USART_SetPrescaler                       0x0800192d   Thumb Code    16  stm32f2xx_usart.o(.text)
    USART_OverSampling8Cmd                   0x0800193d   Thumb Code    22  stm32f2xx_usart.o(.text)
    USART_OneBitMethodCmd                    0x08001953   Thumb Code    24  stm32f2xx_usart.o(.text)
    USART_SendData                           0x0800196b   Thumb Code     8  stm32f2xx_usart.o(.text)
    USART_ReceiveData                        0x08001973   Thumb Code    10  stm32f2xx_usart.o(.text)
    USART_SetAddress                         0x0800197d   Thumb Code    18  stm32f2xx_usart.o(.text)
    USART_ReceiverWakeUpCmd                  0x0800198f   Thumb Code    24  stm32f2xx_usart.o(.text)
    USART_WakeUpConfig                       0x080019a7   Thumb Code    18  stm32f2xx_usart.o(.text)
    USART_LINBreakDetectLengthConfig         0x080019b9   Thumb Code    18  stm32f2xx_usart.o(.text)
    USART_LINCmd                             0x080019cb   Thumb Code    24  stm32f2xx_usart.o(.text)
    USART_SendBreak                          0x080019e3   Thumb Code    10  stm32f2xx_usart.o(.text)
    USART_HalfDuplexCmd                      0x080019ed   Thumb Code    24  stm32f2xx_usart.o(.text)
    USART_SetGuardTime                       0x08001a05   Thumb Code    16  stm32f2xx_usart.o(.text)
    USART_SmartCardCmd                       0x08001a15   Thumb Code    24  stm32f2xx_usart.o(.text)
    USART_SmartCardNACKCmd                   0x08001a2d   Thumb Code    24  stm32f2xx_usart.o(.text)
    USART_IrDAConfig                         0x08001a45   Thumb Code    18  stm32f2xx_usart.o(.text)
    USART_IrDACmd                            0x08001a57   Thumb Code    24  stm32f2xx_usart.o(.text)
    USART_DMACmd                             0x08001a6f   Thumb Code    18  stm32f2xx_usart.o(.text)
    USART_ITConfig                           0x08001a81   Thumb Code    74  stm32f2xx_usart.o(.text)
    USART_GetFlagStatus                      0x08001acb   Thumb Code    26  stm32f2xx_usart.o(.text)
    USART_ClearFlag                          0x08001ae5   Thumb Code    18  stm32f2xx_usart.o(.text)
    USART_GetITStatus                        0x08001af7   Thumb Code   110  stm32f2xx_usart.o(.text)
    USART_ClearITPendingBit                  0x08001b65   Thumb Code    30  stm32f2xx_usart.o(.text)
    vListInitialise                          0x08001b83   Thumb Code    26  list.o(.text)
    vListInitialiseItem                      0x08001b9d   Thumb Code     6  list.o(.text)
    vListInsertEnd                           0x08001ba3   Thumb Code    24  list.o(.text)
    vListInsert                              0x08001bbb   Thumb Code    52  list.o(.text)
    uxListRemove                             0x08001bef   Thumb Code    40  list.o(.text)
    xQueueGenericReset                       0x08001c19   Thumb Code   122  queue.o(.text)
    xQueueGenericCreate                      0x08001cb9   Thumb Code    56  queue.o(.text)
    xQueueGenericSend                        0x08001e09   Thumb Code   276  queue.o(.text)
    xQueueCreateMutex                        0x08001f39   Thumb Code    34  queue.o(.text)
    xQueueGenericSendFromISR                 0x08001f5b   Thumb Code   134  queue.o(.text)
    xQueueGiveFromISR                        0x08001fe1   Thumb Code   124  queue.o(.text)
    xQueueReceive                            0x080020a1   Thumb Code   256  queue.o(.text)
    xQueueSemaphoreTake                      0x080021b5   Thumb Code   300  queue.o(.text)
    xQueuePeek                               0x080022e1   Thumb Code   262  queue.o(.text)
    xQueueReceiveFromISR                     0x080023e7   Thumb Code   130  queue.o(.text)
    xQueuePeekFromISR                        0x08002469   Thumb Code    74  queue.o(.text)
    uxQueueMessagesWaiting                   0x080024b3   Thumb Code    22  queue.o(.text)
    uxQueueSpacesAvailable                   0x080024c9   Thumb Code    24  queue.o(.text)
    uxQueueMessagesWaitingFromISR            0x080024e1   Thumb Code     6  queue.o(.text)
    vQueueDelete                             0x080024e7   Thumb Code    14  queue.o(.text)
    xQueueIsQueueEmptyFromISR                0x080024f5   Thumb Code    14  queue.o(.text)
    xQueueIsQueueFullFromISR                 0x08002503   Thumb Code    18  queue.o(.text)
    xTaskCreate                              0x08002677   Thumb Code    96  tasks.o(.text)
    vTaskDelete                              0x08002713   Thumb Code   166  tasks.o(.text)
    xTaskIncrementTick                       0x080027b9   Thumb Code   238  tasks.o(.text)
    xTaskResumeAll                           0x080028a7   Thumb Code   282  tasks.o(.text)
    vTaskSuspendAll                          0x08002a3d   Thumb Code    12  tasks.o(.text)
    vTaskDelayUntil                          0x08002a49   Thumb Code   106  tasks.o(.text)
    vTaskDelay                               0x08002ab3   Thumb Code    46  tasks.o(.text)
    uxTaskPriorityGet                        0x08002ae1   Thumb Code    30  tasks.o(.text)
    uxTaskPriorityGetFromISR                 0x08002aff   Thumb Code    52  tasks.o(.text)
    vTaskPrioritySet                         0x08002b33   Thumb Code   226  tasks.o(.text)
    vTaskSwitchContext                       0x08002c15   Thumb Code    76  tasks.o(.text)
    vTaskSuspend                             0x08002c61   Thumb Code   174  tasks.o(.text)
    vTaskResume                              0x08002d47   Thumb Code   172  tasks.o(.text)
    xTaskResumeFromISR                       0x08002df3   Thumb Code   130  tasks.o(.text)
    vTaskStartScheduler                      0x08002ed1   Thumb Code    72  tasks.o(.text)
    vTaskEndScheduler                        0x08002f19   Thumb Code    32  tasks.o(.text)
    xTaskGetTickCount                        0x08002f39   Thumb Code     6  tasks.o(.text)
    xTaskGetTickCountFromISR                 0x08002f3f   Thumb Code     8  tasks.o(.text)
    uxTaskGetNumberOfTasks                   0x08002f47   Thumb Code     6  tasks.o(.text)
    pcTaskGetName                            0x08002f4d   Thumb Code    20  tasks.o(.text)
    vTaskPlaceOnEventList                    0x08002f61   Thumb Code    28  tasks.o(.text)
    vTaskPlaceOnUnorderedEventList           0x08002f7d   Thumb Code    40  tasks.o(.text)
    xTaskRemoveFromEventList                 0x08002fa5   Thumb Code   104  tasks.o(.text)
    vTaskRemoveFromUnorderedEventList        0x0800300d   Thumb Code    82  tasks.o(.text)
    vTaskSetTimeOutState                     0x0800305f   Thumb Code    26  tasks.o(.text)
    vTaskInternalSetTimeOutState             0x08003079   Thumb Code    14  tasks.o(.text)
    xTaskCheckForTimeOut                     0x08003087   Thumb Code    84  tasks.o(.text)
    vTaskMissedYield                         0x080030db   Thumb Code     8  tasks.o(.text)
    xTaskGetCurrentTaskHandle                0x080030e3   Thumb Code     6  tasks.o(.text)
    xTaskPriorityInherit                     0x080030e9   Thumb Code   260  tasks.o(.text)
    xTaskPriorityDisinherit                  0x080031ed   Thumb Code   122  tasks.o(.text)
    vTaskPriorityDisinheritAfterTimeout      0x08003267   Thumb Code   166  tasks.o(.text)
    uxTaskResetEventItemValue                0x0800330d   Thumb Code    24  tasks.o(.text)
    pvTaskIncrementMutexHeldCount            0x08003325   Thumb Code    26  tasks.o(.text)
    ulTaskNotifyTake                         0x0800333f   Thumb Code   108  tasks.o(.text)
    xTaskNotifyWait                          0x080033ab   Thumb Code   150  tasks.o(.text)
    xTaskGenericNotify                       0x08003441   Thumb Code   178  tasks.o(.text)
    xTaskGenericNotifyFromISR                0x080034f3   Thumb Code   254  tasks.o(.text)
    vTaskNotifyGiveFromISR                   0x080035f1   Thumb Code   154  tasks.o(.text)
    xTaskNotifyStateClear                    0x0800368b   Thumb Code    48  tasks.o(.text)
    pxPortInitialiseStack                    0x080036eb   Thumb Code    30  port.o(.text)
    vPortSetupTimerInterrupt                 0x08003709   Thumb Code    20  port.o(.text)
    xPortStartScheduler                      0x0800371d   Thumb Code    42  port.o(.text)
    vPortEndScheduler                        0x08003747   Thumb Code     2  port.o(.text)
    vPortEnterCritical                       0x08003749   Thumb Code    30  port.o(.text)
    vPortExitCritical                        0x08003767   Thumb Code    28  port.o(.text)
    xPortSysTickHandler                      0x08003783   Thumb Code    48  port.o(.text)
    pvPortMalloc                             0x080037ef   Thumb Code   166  heap_2.o(.text)
    vPortFree                                0x08003895   Thumb Code    56  heap_2.o(.text)
    xPortGetFreeHeapSize                     0x080038cd   Thumb Code     6  heap_2.o(.text)
    vPortInitialiseBlocks                    0x080038d3   Thumb Code     2  heap_2.o(.text)
    vfs_i2c_opts                             0x080038e9   Thumb Code     4  vfs_i2c.o(.text)
    vfs_i2c_open                             0x080038ed   Thumb Code    26  vfs_i2c.o(.text)
    vfs_i2c_close                            0x08003907   Thumb Code    20  vfs_i2c.o(.text)
    vfs_i2c_read                             0x0800391b   Thumb Code    98  vfs_i2c.o(.text)
    vfs_i2c_write                            0x0800397d   Thumb Code    56  vfs_i2c.o(.text)
    i2c_bus_init                             0x08003a09   Thumb Code   180  i2c_bus.o(.text)
    i2c_bus_write_byte                       0x08003c79   Thumb Code   180  i2c_bus.o(.text)
    i2c_bus_read_byte                        0x08003d2d   Thumb Code   124  i2c_bus.o(.text)
    i2c_bus_write_rx8025                     0x08003da9   Thumb Code    80  i2c_bus.o(.text)
    i2c_bus_read_rx8025                      0x08003df9   Thumb Code    80  i2c_bus.o(.text)
    vfs_init                                 0x08003ed5   Thumb Code    64  vfs.o(.text)
    aos_open                                 0x08003f15   Thumb Code   254  vfs.o(.text)
    aos_close                                0x08004013   Thumb Code   142  vfs.o(.text)
    aos_read                                 0x080040a1   Thumb Code    86  vfs.o(.text)
    aos_write                                0x080040f7   Thumb Code    86  vfs.o(.text)
    aos_ioctl                                0x0800414d   Thumb Code    96  vfs.o(.text)
    new_file                                 0x080041b5   Thumb Code    52  vfs_file.o(.text)
    del_file                                 0x080041e9   Thumb Code    16  vfs_file.o(.text)
    get_fd                                   0x080041f9   Thumb Code    16  vfs_file.o(.text)
    get_file                                 0x08004209   Thumb Code    42  vfs_file.o(.text)
    inode_init                               0x08004239   Thumb Code    16  vfs_inode.o(.text)
    inode_alloc                              0x08004249   Thumb Code    34  vfs_inode.o(.text)
    inode_del                                0x0800426b   Thumb Code    44  vfs_inode.o(.text)
    inode_open                               0x08004297   Thumb Code   100  vfs_inode.o(.text)
    inode_ptr_get                            0x080042fb   Thumb Code    32  vfs_inode.o(.text)
    inode_ref                                0x0800431b   Thumb Code     8  vfs_inode.o(.text)
    inode_unref                              0x08004323   Thumb Code    14  vfs_inode.o(.text)
    inode_busy                               0x08004331   Thumb Code    16  vfs_inode.o(.text)
    inode_avail_count                        0x08004341   Thumb Code    30  vfs_inode.o(.text)
    inode_reserve                            0x0800439b   Thumb Code    92  vfs_inode.o(.text)
    inode_release                            0x080043f7   Thumb Code    52  vfs_inode.o(.text)
    aos_register_driver                      0x08004431   Thumb Code   170  vfs_register.o(.text)
    aos_unregister_driver                    0x080044db   Thumb Code    86  vfs_register.o(.text)
    __aeabi_memcpy                           0x08004535   Thumb Code    36  memcpya.o(.text)
    __aeabi_memcpy4                          0x08004535   Thumb Code     0  memcpya.o(.text)
    __aeabi_memcpy8                          0x08004535   Thumb Code     0  memcpya.o(.text)
    __aeabi_memset                           0x08004559   Thumb Code    14  memseta.o(.text)
    __aeabi_memset4                          0x08004559   Thumb Code     0  memseta.o(.text)
    __aeabi_memset8                          0x08004559   Thumb Code     0  memseta.o(.text)
    __aeabi_memclr                           0x08004567   Thumb Code     4  memseta.o(.text)
    __aeabi_memclr4                          0x08004567   Thumb Code     0  memseta.o(.text)
    __aeabi_memclr8                          0x08004567   Thumb Code     0  memseta.o(.text)
    _memset$wrapper                          0x0800456b   Thumb Code    18  memseta.o(.text)
    strcat                                   0x0800457d   Thumb Code    24  strcat.o(.text)
    strlen                                   0x08004595   Thumb Code    14  strlen.o(.text)
    strcmp                                   0x080045a3   Thumb Code    28  strcmp.o(.text)
    strcpy                                   0x080045bf   Thumb Code    18  strcpy.o(.text)
    strncmp                                  0x080045d1   Thumb Code    30  strncmp.o(.text)
    __aeabi_uidiv                            0x080045ef   Thumb Code     0  uidiv.o(.text)
    __aeabi_uidivmod                         0x080045ef   Thumb Code    44  uidiv.o(.text)
    __aeabi_uldivmod                         0x0800461b   Thumb Code    98  uldiv.o(.text)
    __I$use$fp                               0x0800467d   Thumb Code     0  iusefp.o(.text)
    __aeabi_dadd                             0x0800467d   Thumb Code   322  dadd.o(.text)
    __aeabi_dsub                             0x080047bf   Thumb Code     6  dadd.o(.text)
    __aeabi_drsub                            0x080047c5   Thumb Code     6  dadd.o(.text)
    __aeabi_dmul                             0x080047cb   Thumb Code   228  dmul.o(.text)
    __aeabi_ddiv                             0x080048af   Thumb Code   222  ddiv.o(.text)
    __aeabi_d2ulz                            0x0800498d   Thumb Code    48  dfixul.o(.text)
    __aeabi_cdrcmple                         0x080049bd   Thumb Code    48  cdrcmple.o(.text)
    __scatterload                            0x080049ed   Thumb Code    28  init.o(.text)
    __scatterload_rt2                        0x080049ed   Thumb Code     0  init.o(.text)
    __aeabi_llsl                             0x08004a11   Thumb Code    30  llshl.o(.text)
    _ll_shift_l                              0x08004a11   Thumb Code     0  llshl.o(.text)
    __aeabi_llsr                             0x08004a2f   Thumb Code    32  llushr.o(.text)
    _ll_ushift_r                             0x08004a2f   Thumb Code     0  llushr.o(.text)
    __aeabi_lasr                             0x08004a4f   Thumb Code    36  llsshr.o(.text)
    _ll_sshift_r                             0x08004a4f   Thumb Code     0  llsshr.o(.text)
    _double_round                            0x08004a73   Thumb Code    30  depilogue.o(.text)
    _double_epilogue                         0x08004a91   Thumb Code   156  depilogue.o(.text)
    __0sprintf$3                             0x08004b2d   Thumb Code    34  printf3.o(i.__0sprintf$3)
    __1sprintf$3                             0x08004b2d   Thumb Code     0  printf3.o(i.__0sprintf$3)
    __2sprintf                               0x08004b2d   Thumb Code     0  printf3.o(i.__0sprintf$3)
    __0vsprintf                              0x08004b55   Thumb Code    30  printfa.o(i.__0vsprintf)
    __1vsprintf                              0x08004b55   Thumb Code     0  printfa.o(i.__0vsprintf)
    __2vsprintf                              0x08004b55   Thumb Code     0  printfa.o(i.__0vsprintf)
    __c89vsprintf                            0x08004b55   Thumb Code     0  printfa.o(i.__0vsprintf)
    vsprintf                                 0x08004b55   Thumb Code     0  printfa.o(i.__0vsprintf)
    __scatterload_copy                       0x08004b79   Thumb Code    14  handlers.o(i.__scatterload_copy)
    __scatterload_null                       0x08004b87   Thumb Code     2  handlers.o(i.__scatterload_null)
    __scatterload_zeroinit                   0x08004b89   Thumb Code    14  handlers.o(i.__scatterload_zeroinit)
    Region$$Table$$Base                      0x080058a0   Number         0  anon$$obj.o(Region$$Table)
    Region$$Table$$Limit                     0x080058c0   Number         0  anon$$obj.o(Region$$Table)
    SystemCoreClock                          0x2000006c   Data           4  system_stm32f2xx.o(.data)
    AHBPrescTable                            0x20000070   Data          16  system_stm32f2xx.o(.data)
    pxCurrentTCB                             0x20000080   Data           4  tasks.o(.data)
    g_vfs_mutex                              0x200000dc   Data           4  vfs.o(.data)
    __initial_sp                             0x20005160   Data           0  cstartup.o(STACK)



==============================================================================

Memory Map of the image

  Image Entry point : 0x08000185

  Load Region LR_IROM1 (Base: 0x08000000, Size: 0x000059a0, Max: 0x00100000, ABSOLUTE)

    Execution Region ER_IROM1 (Exec base: 0x08000000, Load base: 0x08000000, Size: 0x000058c0, Max: 0x00100000, ABSOLUTE)

    Exec Addr    Load Addr    Size         Type   Attr      Idx    E Section Name        Object

    0x08000000   0x08000000   0x00000184   Data   RO          482    RESET               cstartup.o
    0x08000184   0x08000184   0x00000000   Code   RO          974  * .ARM.Collect$$$$00000000  mc_w.l(entry.o)
    0x08000184   0x08000184   0x00000004   Code   RO         1254    .ARM.Collect$$$$00000001  mc_w.l(entry2.o)
    0x08000188   0x08000188   0x00000004   Code   RO         1257    .ARM.Collect$$$$00000004  mc_w.l(entry5.o)
    0x0800018c   0x0800018c   0x00000000   Code   RO         1259    .ARM.Collect$$$$00000008  mc_w.l(entry7b.o)
    0x0800018c   0x0800018c   0x00000000   Code   RO         1261    .ARM.Collect$$$$0000000A  mc_w.l(entry8b.o)
    0x0800018c   0x0800018c   0x00000008   Code   RO         1262    .ARM.Collect$$$$0000000B  mc_w.l(entry9a.o)
    0x08000194   0x08000194   0x00000000   Code   RO         1264    .ARM.Collect$$$$0000000D  mc_w.l(entry10a.o)
    0x08000194   0x08000194   0x00000000   Code   RO         1266    .ARM.Collect$$$$0000000F  mc_w.l(entry11a.o)
    0x08000194   0x08000194   0x00000004   Code   RO         1255    .ARM.Collect$$$$00002712  mc_w.l(entry2.o)
    0x08000198   0x08000198   0x00000096   Code   RO          686    .emb_text           port.o
    0x0800022e   0x0800022e   0x00000002   PAD
    0x08000230   0x08000230   0x0000011c   Code   RO            4    .text               main.o
    0x0800034c   0x0800034c   0x000002d4   Code   RO          218    .text               serial.o
    0x08000620   0x08000620   0x0000018c   Code   RO          266    .text               app_led.o
    0x080007ac   0x080007ac   0x00000094   Code   RO          298    .text               app_cli.o
    0x08000840   0x08000840   0x00000414   Code   RO          339    .text               mid_cli.o
    0x08000c54   0x08000c54   0x00000038   Code   RO          365    .text               hal_cli.o
    0x08000c8c   0x08000c8c   0x000000e0   Code   RO          382    .text               misc.o
    0x08000d6c   0x08000d6c   0x0000025c   Code   RO          406    .text               stm32f2xx_gpio.o
    0x08000fc8   0x08000fc8   0x0000001a   Code   RO          430    .text               stm32f2xx_it.o
    0x08000fe2   0x08000fe2   0x00000002   PAD
    0x08000fe4   0x08000fe4   0x00000588   Code   RO          457    .text               stm32f2xx_rcc.o
    0x0800156c   0x0800156c   0x0000001c   Code   RO          483    .text               cstartup.o
    0x08001588   0x08001588   0x000001e0   Code   RO          490    .text               system_stm32f2xx.o
    0x08001768   0x08001768   0x0000041a   Code   RO          520    .text               stm32f2xx_usart.o
    0x08001b82   0x08001b82   0x00000094   Code   RO          625    .text               list.o
    0x08001c16   0x08001c16   0x00000002   PAD
    0x08001c18   0x08001c18   0x000008fc   Code   RO          637    .text               queue.o
    0x08002514   0x08002514   0x000011c0   Code   RO          649    .text               tasks.o
    0x080036d4   0x080036d4   0x000000f0   Code   RO          687    .text               port.o
    0x080037c4   0x080037c4   0x00000124   Code   RO          716    .text               heap_2.o
    0x080038e8   0x080038e8   0x00000120   Code   RO          734    .text               vfs_i2c.o
    0x08003a08   0x08003a08   0x000004cc   Code   RO          864    .text               i2c_bus.o
    0x08003ed4   0x08003ed4   0x000002e0   Code   RO          890    .text               vfs.o
    0x080041b4   0x080041b4   0x00000084   Code   RO          921    .text               vfs_file.o
    0x08004238   0x08004238   0x000001f8   Code   RO          935    .text               vfs_inode.o
    0x08004430   0x08004430   0x00000104   Code   RO          961    .text               vfs_register.o
    0x08004534   0x08004534   0x00000024   Code   RO          977    .text               mc_w.l(memcpya.o)
    0x08004558   0x08004558   0x00000024   Code   RO          979    .text               mc_w.l(memseta.o)
    0x0800457c   0x0800457c   0x00000018   Code   RO          981    .text               mc_w.l(strcat.o)
    0x08004594   0x08004594   0x0000000e   Code   RO          983    .text               mc_w.l(strlen.o)
    0x080045a2   0x080045a2   0x0000001c   Code   RO          985    .text               mc_w.l(strcmp.o)
    0x080045be   0x080045be   0x00000012   Code   RO          987    .text               mc_w.l(strcpy.o)
    0x080045d0   0x080045d0   0x0000001e   Code   RO          989    .text               mc_w.l(strncmp.o)
    0x080045ee   0x080045ee   0x0000002c   Code   RO         1271    .text               mc_w.l(uidiv.o)
    0x0800461a   0x0800461a   0x00000062   Code   RO         1273    .text               mc_w.l(uldiv.o)
    0x0800467c   0x0800467c   0x00000000   Code   RO         1275    .text               mc_w.l(iusefp.o)
    0x0800467c   0x0800467c   0x0000014e   Code   RO         1276    .text               mf_w.l(dadd.o)
    0x080047ca   0x080047ca   0x000000e4   Code   RO         1278    .text               mf_w.l(dmul.o)
    0x080048ae   0x080048ae   0x000000de   Code   RO         1280    .text               mf_w.l(ddiv.o)
    0x0800498c   0x0800498c   0x00000030   Code   RO         1282    .text               mf_w.l(dfixul.o)
    0x080049bc   0x080049bc   0x00000030   Code   RO         1284    .text               mf_w.l(cdrcmple.o)
    0x080049ec   0x080049ec   0x00000024   Code   RO         1286    .text               mc_w.l(init.o)
    0x08004a10   0x08004a10   0x0000001e   Code   RO         1289    .text               mc_w.l(llshl.o)
    0x08004a2e   0x08004a2e   0x00000020   Code   RO         1291    .text               mc_w.l(llushr.o)
    0x08004a4e   0x08004a4e   0x00000024   Code   RO         1293    .text               mc_w.l(llsshr.o)
    0x08004a72   0x08004a72   0x000000ba   Code   RO         1296    .text               mf_w.l(depilogue.o)
    0x08004b2c   0x08004b2c   0x00000028   Code   RO         1084    i.__0sprintf$3      mc_w.l(printf3.o)
    0x08004b54   0x08004b54   0x00000024   Code   RO         1232    i.__0vsprintf       mc_w.l(printfa.o)
    0x08004b78   0x08004b78   0x0000000e   Code   RO         1300    i.__scatterload_copy  mc_w.l(handlers.o)
    0x08004b86   0x08004b86   0x00000002   Code   RO         1301    i.__scatterload_null  mc_w.l(handlers.o)
    0x08004b88   0x08004b88   0x0000000e   Code   RO         1302    i.__scatterload_zeroinit  mc_w.l(handlers.o)
    0x08004b96   0x08004b96   0x00000002   PAD
    0x08004b98   0x08004b98   0x00000184   Code   RO         1233    i._fp_digits        mc_w.l(printfa.o)
    0x08004d1c   0x08004d1c   0x000001b8   Code   RO         1089    i._printf_core      mc_w.l(printf3.o)
    0x08004ed4   0x08004ed4   0x000006dc   Code   RO         1234    i._printf_core      mc_w.l(printfa.o)
    0x080055b0   0x080055b0   0x00000024   Code   RO         1235    i._printf_post_padding  mc_w.l(printfa.o)
    0x080055d4   0x080055d4   0x0000002e   Code   RO         1236    i._printf_pre_padding  mc_w.l(printfa.o)
    0x08005602   0x08005602   0x0000000a   Code   RO         1091    i._sputc            mc_w.l(printf3.o)
    0x0800560c   0x0800560c   0x0000000a   Code   RO         1238    i._sputc            mc_w.l(printfa.o)
    0x08005616   0x08005616   0x00000002   PAD
    0x08005618   0x08005618   0x00000014   Data   RO            5    .constdata          main.o
    0x0800562c   0x0800562c   0x00000020   Data   RO          299    .constdata          app_cli.o
    0x0800564c   0x0800564c   0x00000024   Data   RO          341    .constdata          mid_cli.o
    0x08005670   0x08005670   0x00000053   Data   RO          735    .constdata          vfs_i2c.o
    0x080056c3   0x080056c3   0x00000001   PAD
    0x080056c4   0x080056c4   0x000000da   Data   RO          300    .conststring        app_cli.o
    0x0800579e   0x0800579e   0x00000002   PAD
    0x080057a0   0x080057a0   0x000000fd   Data   RO          342    .conststring        mid_cli.o
    0x0800589d   0x0800589d   0x00000003   PAD
    0x080058a0   0x080058a0   0x00000020   Data   RO         1298    Region$$Table       anon$$obj.o


    Execution Region RW_IRAM1 (Exec base: 0x20000000, Load base: 0x080058c0, Size: 0x00005160, Max: 0x00020000, ABSOLUTE)

    Exec Addr    Load Addr    Size         Type   Attr      Idx    E Section Name        Object

    0x20000000   0x080058c0   0x0000000c   Data   RW          219    .data               serial.o
    0x2000000c   0x080058cc   0x00000001   Data   RW          267    .data               app_led.o
    0x2000000d   0x080058cd   0x00000003   PAD
    0x20000010   0x080058d0   0x0000001c   Data   RW          301    .data               app_cli.o
    0x2000002c   0x080058ec   0x00000028   Data   RW          343    .data               mid_cli.o
    0x20000054   0x08005914   0x00000008   Data   RW          366    .data               hal_cli.o
    0x2000005c   0x0800591c   0x00000010   Data   RW          458    .data               stm32f2xx_rcc.o
    0x2000006c   0x0800592c   0x00000014   Data   RW          491    .data               system_stm32f2xx.o
    0x20000080   0x08005940   0x0000003c   Data   RW          651    .data               tasks.o
    0x200000bc   0x0800597c   0x00000004   Data   RW          688    .data               port.o
    0x200000c0   0x08005980   0x00000018   Data   RW          718    .data               heap_2.o
    0x200000d8   0x08005998   0x00000008   Data   RW          891    .data               vfs.o
    0x200000e0        -       0x000002f0   Zero   RW          340    .bss                mid_cli.o
    0x200003d0        -       0x000000c8   Zero   RW          650    .bss                tasks.o
    0x20000498        -       0x00004400   Zero   RW          717    .bss                heap_2.o
    0x20004898        -       0x00000018   Zero   RW          865    .bss                i2c_bus.o
    0x200048b0        -       0x00000258   Zero   RW          922    .bss                vfs_file.o
    0x20004b08        -       0x00000258   Zero   RW          936    .bss                vfs_inode.o
    0x20004d60        -       0x00000400   Zero   RW          480    STACK               cstartup.o


==============================================================================

Image component sizes


      Code (inc. data)   RO Data    RW Data    ZI Data      Debug   Object Name

       148         36        250         28          0       3103   app_cli.o
       396         12          0          1          0       1717   app_led.o
        28          4        388          0       1024        764   cstartup.o
         0          0          0          0          0       7836   event_groups.o
        56         10          0          8          0       1251   hal_cli.o
       292         20          0         24      17408       3092   heap_2.o
      1228         12          0          0         24       4957   i2c_bus.o
       148          0          0          0          0       1790   list.o
       284         76         20          0          0     252679   main.o
      1044        126        289         40        752       5264   mid_cli.o
       224         20          0          0          0       1709   misc.o
       390         30          0          4          0       6972   port.o
      2300          8          0          0          0      12676   queue.o
       724         38          0         12          0       5624   serial.o
       604         36          0          0          0       3873   stm32f2xx_gpio.o
        26          0          0          0          0       1194   stm32f2xx_it.o
      1416         48          0         16          0      10827   stm32f2xx_rcc.o
      1050         26          0          0          0       7604   stm32f2xx_usart.o
       480         40          0         20          0       1667   system_stm32f2xx.o
      4544        280          0         60        200      28561   tasks.o
       736          8          0          8          0       5541   vfs.o
       132          6          0          0        600       1788   vfs_file.o
       288         84         83          0          0       5245   vfs_i2c.o
       504          6          0          0        600       6363   vfs_inode.o
       260          4          0          0          0       1168   vfs_register.o

    ----------------------------------------------------------------------
     17308        930       1068        224      20608     383265   Object Totals
         0          0         32          0          0          0   (incl. Generated)
         6          0          6          3          0          0   (incl. Padding)

    ----------------------------------------------------------------------

      Code (inc. data)   RO Data    RW Data    ZI Data      Debug   Library Member Name

         0          0          0          0          0          0   entry.o
         0          0          0          0          0          0   entry10a.o
         0          0          0          0          0          0   entry11a.o
         8          4          0          0          0          0   entry2.o
         4          0          0          0          0          0   entry5.o
         0          0          0          0          0          0   entry7b.o
         0          0          0          0          0          0   entry8b.o
         8          4          0          0          0          0   entry9a.o
        30          0          0          0          0          0   handlers.o
        36          8          0          0          0         68   init.o
         0          0          0          0          0          0   iusefp.o
        30          0          0          0          0         68   llshl.o
        36          0          0          0          0         68   llsshr.o
        32          0          0          0          0         68   llushr.o
        36          0          0          0          0         68   memcpya.o
        36          0          0          0          0        108   memseta.o
       490         10          0          0          0        252   printf3.o
      2272         86          0          0          0        516   printfa.o
        24          0          0          0          0         68   strcat.o
        28          0          0          0          0         76   strcmp.o
        18          0          0          0          0         68   strcpy.o
        14          0          0          0          0         68   strlen.o
        30          0          0          0          0         80   strncmp.o
        44          0          0          0          0         80   uidiv.o
        98          0          0          0          0         92   uldiv.o
        48          0          0          0          0         68   cdrcmple.o
       334          0          0          0          0        148   dadd.o
       222          0          0          0          0        100   ddiv.o
       186          0          0          0          0        176   depilogue.o
        48          0          0          0          0         68   dfixul.o
       228          0          0          0          0         96   dmul.o

    ----------------------------------------------------------------------
      4344        112          0          0          0       2404   Library Totals
         4          0          0          0          0          0   (incl. Padding)

    ----------------------------------------------------------------------

      Code (inc. data)   RO Data    RW Data    ZI Data      Debug   Library Name

      3274        112          0          0          0       1748   mc_w.l
      1066          0          0          0          0        656   mf_w.l

    ----------------------------------------------------------------------
      4344        112          0          0          0       2404   Library Totals

    ----------------------------------------------------------------------

==============================================================================


      Code (inc. data)   RO Data    RW Data    ZI Data      Debug   

     21652       1042       1068        224      20608     382233   Grand Totals
     21652       1042       1068        224      20608     382233   ELF Image Totals
     21652       1042       1068        224          0          0   ROM Totals

==============================================================================

    Total RO  Size (Code + RO Data)                22720 (  22.19kB)
    Total RW  Size (RW Data + ZI Data)             20832 (  20.34kB)
    Total ROM Size (Code + RO Data + RW Data)      22944 (  22.41kB)

==============================================================================

