Product: MDK-ARM Standard 5.10
Component: ARM Compiler 5.04 update 1 (build 49)
Tool: armlink [5040049]

==============================================================================

Section Cross References

    main.o(.text) refers to system_stm32f2xx.o(.text) for SystemInit
    main.o(.text) refers to app_led.o(.text) for BSP_LED_Init
    main.o(.text) refers to serial.o(.text) for serial_task_init
    main.o(.text) refers to app_cli.o(.text) for app_cli_init
    main.o(.text) refers to tasks.o(.text) for xTaskCreate
    serial.o(.text) refers to queue.o(.text) for xQueueGenericReceive
    serial.o(.text) refers to stm32f2xx_usart.o(.text) for USART_SendData
    serial.o(.text) refers to tasks.o(.text) for vTaskDelay
    serial.o(.text) refers to stm32f2xx_rcc.o(.text) for RCC_APB2PeriphClockCmd
    serial.o(.text) refers to stm32f2xx_gpio.o(.text) for GPIO_PinAFConfig
    serial.o(.text) refers to misc.o(.text) for NVIC_Init
    serial.o(.text) refers to printfa.o(i.__0vsprintf) for __c89vsprintf
    serial.o(.text) refers to strlen.o(.text) for strlen
    serial.o(.text) refers to serial.o(.data) for ser_rx_queue
    app_led.o(.text) refers to stm32f2xx_rcc.o(.text) for RCC_AHB1PeriphClockCmd
    app_led.o(.text) refers to stm32f2xx_gpio.o(.text) for GPIO_Init
    app_led.o(.text) refers to tasks.o(.text) for xTaskGetTickCount
    app_cli.o(.text) refers to serial.o(.text) for dbg_string
    app_cli.o(.text) refers to printf2.o(i.__0sprintf$2) for __2sprintf
    app_cli.o(.text) refers to strcat.o(.text) for strcat
    app_cli.o(.text) refers to strcpy.o(.text) for strcpy
    app_cli.o(.text) refers to hal_cli.o(.text) for hal_cli_data_switch_register
    app_cli.o(.text) refers to mid_cli.o(.text) for mid_cli_module_register
    app_cli.o(.text) refers to app_cli.o(.data) for dev_info
    app_cli.o(.text) refers to app_cli.o(.constdata) for insmod
    app_cli.o(.constdata) refers to app_cli.o(.conststring) for .conststring
    app_cli.o(.constdata) refers to app_cli.o(.text) for insmod_handle
    app_cli.o(.data) refers to app_cli.o(.conststring) for .conststring
    mid_cli.o(.text) refers to heap_2.o(.text) for pvPortMalloc
    mid_cli.o(.text) refers to port.o(.text) for vPortEnterCritical
    mid_cli.o(.text) refers to strlen.o(.text) for strlen
    mid_cli.o(.text) refers to strncmp.o(.text) for strncmp
    mid_cli.o(.text) refers to strcpy.o(.text) for strcpy
    mid_cli.o(.text) refers to memseta.o(.text) for __aeabi_memclr
    mid_cli.o(.text) refers to printf2.o(i.__0sprintf$2) for __2sprintf
    mid_cli.o(.text) refers to serial.o(.text) for xSerialGetChar
    mid_cli.o(.text) refers to queue.o(.text) for xQueueGenericReceive
    mid_cli.o(.text) refers to hal_cli.o(.text) for hal_cli_data_tx
    mid_cli.o(.text) refers to strcmp.o(.text) for strcmp
    mid_cli.o(.text) refers to tasks.o(.text) for xTaskCreate
    mid_cli.o(.text) refers to strcat.o(.text) for strcat
    mid_cli.o(.text) refers to mid_cli.o(.data) for pxNewListItem
    mid_cli.o(.text) refers to mid_cli.o(.constdata) for log1
    mid_cli.o(.text) refers to mid_cli.o(.bss) for out_buffer
    mid_cli.o(.constdata) refers to mid_cli.o(.conststring) for .conststring
    mid_cli.o(.constdata) refers to mid_cli.o(.text) for help_handle
    mid_cli.o(.data) refers to mid_cli.o(.constdata) for help
    hal_cli.o(.text) refers to hal_cli.o(.data) for tx_data
    stm32f2xx_gpio.o(.text) refers to stm32f2xx_rcc.o(.text) for RCC_AHB1PeriphResetCmd
    stm32f2xx_rcc.o(.text) refers to stm32f2xx_rcc.o(.data) for APBAHBPrescTable
    cstartup.o(RESET) refers to cstartup.o(STACK) for __initial_sp
    cstartup.o(RESET) refers to cstartup.o(.text) for Reset_Handler
    cstartup.o(RESET) refers to stm32f2xx_it.o(.text) for NMI_Handler
    cstartup.o(RESET) refers to port.o(.emb_text) for vPortSVCHandler
    cstartup.o(RESET) refers to port.o(.text) for xPortSysTickHandler
    cstartup.o(RESET) refers to serial.o(.text) for USART1_IRQHandler
    cstartup.o(.text) refers to entry.o(.ARM.Collect$$$$00000000) for __main
    system_stm32f2xx.o(.text) refers to system_stm32f2xx.o(.data) for SystemCoreClock
    stm32f2xx_usart.o(.text) refers to stm32f2xx_rcc.o(.text) for RCC_APB2PeriphResetCmd
    stm32f2xx_i2c.o(.text) refers to stm32f2xx_rcc.o(.text) for RCC_APB1PeriphResetCmd
    event_groups.o(.text) refers to heap_2.o(.text) for pvPortMalloc
    event_groups.o(.text) refers to list.o(.text) for vListInitialise
    event_groups.o(.text) refers to tasks.o(.text) for vTaskSuspendAll
    event_groups.o(.text) refers to port.o(.text) for vPortEnterCritical
    queue.o(.text) refers to port.o(.text) for vPortEnterCritical
    queue.o(.text) refers to tasks.o(.text) for xTaskRemoveFromEventList
    queue.o(.text) refers to list.o(.text) for vListInitialise
    queue.o(.text) refers to heap_2.o(.text) for pvPortMalloc
    queue.o(.text) refers to memcpya.o(.text) for __aeabi_memcpy
    tasks.o(.text) refers to list.o(.text) for vListInitialise
[...]
    printf1.o(i.__0fprintf$1) refers to fputc.o(i.fputc) for fputc
    printf1.o(i.__0printf$1) refers to printf1.o(i._printf_core) for _printf_core
    printf1.o(i.__0printf$1) refers to fputc.o(i.fputc) for fputc
    printf1.o(i.__0printf$1) refers to stdout.o(.data) for __stdout
    printf1.o(i.__0snprintf$1) refers to printf1.o(i._printf_core) for _printf_core
    printf1.o(i.__0snprintf$1) refers to printf1.o(i._snputc) for _snputc
    printf1.o(i.__0sprintf$1) refers to printf1.o(i._printf_core) for _printf_core
    printf1.o(i.__0sprintf$1) refers to printf1.o(i._sputc) for _sputc
    printf1.o(i.__0vfprintf$1) refers to printf1.o(i._printf_core) for _printf_core
    printf1.o(i.__0vfprintf$1) refers to fputc.o(i.fputc) for fputc
    printf1.o(i.__0vprintf$1) refers to printf1.o(i._printf_core) for _printf_core
    printf1.o(i.__0vprintf$1) refers to fputc.o(i.fputc) for fputc
    printf1.o(i.__0vprintf$1) refers to stdout.o(.data) for __stdout
    printf1.o(i.__0vsnprintf$1) refers to printf1.o(i._printf_core) for _printf_core
    printf1.o(i.__0vsnprintf$1) refers to printf1.o(i._snputc) for _snputc
    printf1.o(i.__0vsprintf$1) refers to printf1.o(i._printf_core) for _printf_core
    printf1.o(i.__0vsprintf$1) refers to printf1.o(i._sputc) for _sputc
    printf1.o(i._printf_core) refers to uidiv.o(.text) for __aeabi_uidivmod
    printf2.o(i.__0fprintf$2) refers to printf2.o(i._printf_core) for _printf_core
    printf2.o(i.__0fprintf$2) refers to fputc.o(i.fputc) for fputc
    printf2.o(i.__0printf$2) refers to printf2.o(i._printf_core) for _printf_core
    printf2.o(i.__0printf$2) refers to fputc.o(i.fputc) for fputc
    printf2.o(i.__0printf$2) refers to stdout.o(.data) for __stdout
    printf2.o(i.__0snprintf$2) refers to printf2.o(i._printf_core) for _printf_core
    printf2.o(i.__0snprintf$2) refers to printf2.o(i._snputc) for _snputc
    printf2.o(i.__0sprintf$2) refers to printf2.o(i._printf_core) for _printf_core
    printf2.o(i.__0sprintf$2) refers to printf2.o(i._sputc) for _sputc
    printf2.o(i.__0vfprintf$2) refers to printf2.o(i._printf_core) for _printf_core
    printf2.o(i.__0vfprintf$2) refers to fputc.o(i.fputc) for fputc
    printf2.o(i.__0vprintf$2) refers to printf2.o(i._printf_core) for _printf_core
    printf2.o(i.__0vprintf$2) refers to fputc.o(i.fputc) for fputc
    printf2.o(i.__0vprintf$2) refers to stdout.o(.data) for __stdout
    printf2.o(i.__0vsnprintf$2) refers to printf2.o(i._printf_core) for _printf_core
    printf2.o(i.__0vsnprintf$2) refers to printf2.o(i._snputc) for _snputc
    printf2.o(i.__0vsprintf$2) refers to printf2.o(i._printf_core) for _printf_core
    printf2.o(i.__0vsprintf$2) refers to printf2.o(i._sputc) for _sputc
    printf3.o(i.__0fprintf$3) refers to printf3.o(i._printf_core) for _printf_core
    printf3.o(i.__0fprintf$3) refers to fputc.o(i.fputc) for fputc
    printf3.o(i.__0printf$3) refers to printf3.o(i._printf_core) for _printf_core
    printf3.o(i.__0printf$3) refers to fputc.o(i.fputc) for fputc
    printf3.o(i.__0printf$3) refers to stdout.o(.data) for __stdout
    printf3.o(i.__0snprintf$3) refers to printf3.o(i._printf_core) for _printf_core
    printf3.o(i.__0snprintf$3) refers to printf3.o(i._snputc) for _snputc
    printf3.o(i.__0sprintf$3) refers to printf3.o(i._printf_core) for _printf_core
    printf3.o(i.__0sprintf$3) refers to printf3.o(i._sputc) for _sputc
    printf3.o(i.__0vfprintf$3) refers to printf3.o(i._printf_core) for _printf_core
    printf3.o(i.__0vfprintf$3) refers to fputc.o(i.fputc) for fputc
    printf3.o(i.__0vprintf$3) refers to printf3.o(i._printf_core) for _printf_core
    printf3.o(i.__0vprintf$3) refers to fputc.o(i.fputc) for fputc
    printf3.o(i.__0vprintf$3) refers to stdout.o(.data) for __stdout
    printf3.o(i.__0vsnprintf$3) refers to printf3.o(i._printf_core) for _printf_core
    printf3.o(i.__0vsnprintf$3) refers to printf3.o(i._snputc) for _snputc
    printf3.o(i.__0vsprintf$3) refers to printf3.o(i._printf_core) for _printf_core
    printf3.o(i.__0vsprintf$3) refers to printf3.o(i._sputc) for _sputc
    printf3.o(i._printf_core) refers to uidiv.o(.text) for __aeabi_uidivmod
    printf4.o(i.__0fprintf$4) refers to printf4.o(i._printf_core) for _printf_core
    printf4.o(i.__0fprintf$4) refers to fputc.o(i.fputc) for fputc
    printf4.o(i.__0printf$4) refers to printf4.o(i._printf_core) for _printf_core
    printf4.o(i.__0printf$4) refers to fputc.o(i.fputc) for fputc
    printf4.o(i.__0printf$4) refers to stdout.o(.data) for __stdout
    printf4.o(i.__0snprintf$4) refers to printf4.o(i._printf_core) for _printf_core
    printf4.o(i.__0snprintf$4) refers to printf4.o(i._snputc) for _snputc
    printf4.o(i.__0sprintf$4) refers to printf4.o(i._printf_core) for _printf_core
    printf4.o(i.__0sprintf$4) refers to printf4.o(i._sputc) for _sputc
    printf4.o(i.__0vfprintf$4) refers to printf4.o(i._printf_core) for _printf_core
    printf4.o(i.__0vfprintf$4) refers to fputc.o(i.fputc) for fputc
    printf4.o(i.__0vprintf$4) refers to printf4.o(i._printf_core) for _printf_core
    printf4.o(i.__0vprintf$4) refers to fputc.o(i.fputc) for fputc
    printf4.o(i.__0vprintf$4) refers to stdout.o(.data) for __stdout
    printf4.o(i.__0vsnprintf$4) refers to printf4.o(i._printf_core) for _printf_core
    printf4.o(i.__0vsnprintf$4) refers to printf4.o(i._snputc) for _snputc
    printf4.o(i.__0vsprintf$4) refers to printf4.o(i._printf_core) for _printf_core
    printf4.o(i.__0vsprintf$4) refers to printf4.o(i._sputc) for _sputc
    printf4.o(i._printf_core) refers to uldiv.o(.text) for __aeabi_uldivmod
    printf5.o(i.__0fprintf$5) refers to printf5.o(i._printf_core) for _printf_core
    printf5.o(i.__0fprintf$5) refers to fputc.o(i.fputc) for fputc
    printf5.o(i.__0printf$5) refers to printf5.o(i._printf_core) for _printf_core
    printf5.o(i.__0printf$5) refers to fputc.o(i.fputc) for fputc
    printf5.o(i.__0printf$5) refers to stdout.o(.data) for __stdout
    printf5.o(i.__0snprintf$5) refers to printf5.o(i._printf_core) for _printf_core
    printf5.o(i.__0snprintf$5) refers to printf5.o(i._snputc) for _snputc
    printf5.o(i.__0sprintf$5) refers to printf5.o(i._printf_core) for _printf_core
    printf5.o(i.__0sprintf$5) refers to printf5.o(i._sputc) for _sputc
    printf5.o(i.__0vfprintf$5) refers to printf5.o(i._printf_core) for _printf_core
    printf5.o(i.__0vfprintf$5) refers to fputc.o(i.fputc) for fputc
    printf5.o(i.__0vprintf$5) refers to printf5.o(i._printf_core) for _printf_core
    printf5.o(i.__0vprintf$5) refers to fputc.o(i.fputc) for fputc
    printf5.o(i.__0vprintf$5) refers to stdout.o(.data) for __stdout
    printf5.o(i.__0vsnprintf$5) refers to printf5.o(i._printf_core) for _printf_core
    printf5.o(i.__0vsnprintf$5) refers to printf5.o(i._snputc) for _snputc
    printf5.o(i.__0vsprintf$5) refers to printf5.o(i._printf_core) for _printf_core
    printf5.o(i.__0vsprintf$5) refers to printf5.o(i._sputc) for _sputc
    printf5.o(i._printf_core) refers to uldiv.o(.text) for __aeabi_uldivmod
    printf6.o(i.__0fprintf$6) refers to printf6.o(i._printf_core) for _printf_core
    printf6.o(i.__0fprintf$6) refers to fputc.o(i.fputc) for fputc
    printf6.o(i.__0printf$6) refers to printf6.o(i._printf_core) for _printf_core
    printf6.o(i.__0printf$6) refers to fputc.o(i.fputc) for fputc
    printf6.o(i.__0printf$6) refers to stdout.o(.data) for __stdout
    printf6.o(i.__0snprintf$6) refers to printf6.o(i._printf_core) for _printf_core
    printf6.o(i.__0snprintf$6) refers to printf6.o(i._snputc) for _snputc
    printf6.o(i.__0sprintf$6) refers to printf6.o(i._printf_core) for _printf_core
    printf6.o(i.__0sprintf$6) refers to printf6.o(i._sputc) for _sputc
    printf6.o(i.__0vfprintf$6) refers to printf6.o(i._printf_core) for _printf_core
    printf6.o(i.__0vfprintf$6) refers to fputc.o(i.fputc) for fputc
    printf6.o(i.__0vprintf$6) refers to printf6.o(i._printf_core) for _printf_core
    printf6.o(i.__0vprintf$6) refers to fputc.o(i.fputc) for fputc
    printf6.o(i.__0vprintf$6) refers to stdout.o(.data) for __stdout
    printf6.o(i.__0vsnprintf$6) refers to printf6.o(i._printf_core) for _printf_core
    printf6.o(i.__0vsnprintf$6) refers to printf6.o(i._snputc) for _snputc
    printf6.o(i.__0vsprintf$6) refers to printf6.o(i._printf_core) for _printf_core
    printf6.o(i.__0vsprintf$6) refers to printf6.o(i._sputc) for _sputc
    printf6.o(i._printf_core) refers to printf6.o(i._printf_pre_padding) for _printf_pre_padding
    printf6.o(i._printf_core) refers to uidiv.o(.text) for __aeabi_uidivmod
    printf6.o(i._printf_core) refers to printf6.o(i._printf_post_padding) for _printf_post_padding
    printf7.o(i.__0fprintf$7) refers to printf7.o(i._printf_core) for _printf_core
    printf7.o(i.__0fprintf$7) refers to fputc.o(i.fputc) for fputc
    printf7.o(i.__0printf$7) refers to printf7.o(i._printf_core) for _printf_core
    printf7.o(i.__0printf$7) refers to fputc.o(i.fputc) for fputc
    printf7.o(i.__0printf$7) refers to stdout.o(.data) for __stdout
    printf7.o(i.__0snprintf$7) refers to printf7.o(i._printf_core) for _printf_core
    printf7.o(i.__0snprintf$7) refers to printf7.o(i._snputc) for _snputc
    printf7.o(i.__0sprintf$7) refers to printf7.o(i._printf_core) for _printf_core
    printf7.o(i.__0sprintf$7) refers to printf7.o(i._sputc) for _sputc
    printf7.o(i.__0vfprintf$7) refers to printf7.o(i._printf_core) for _printf_core
    printf7.o(i.__0vfprintf$7) refers to fputc.o(i.fputc) for fputc
    printf7.o(i.__0vprintf$7) refers to printf7.o(i._printf_core) for _printf_core
    printf7.o(i.__0vprintf$7) refers to fputc.o(i.fputc) for fputc
    printf7.o(i.__0vprintf$7) refers to stdout.o(.data) for __stdout
    printf7.o(i.__0vsnprintf$7) refers to printf7.o(i._printf_core) for _printf_core
    printf7.o(i.__0vsnprintf$7) refers to printf7.o(i._snputc) for _snputc
    printf7.o(i.__0vsprintf$7) refers to printf7.o(i._printf_core) for _printf_core
    printf7.o(i.__0vsprintf$7) refers to printf7.o(i._sputc) for _sputc
    printf7.o(i._printf_core) refers to printf7.o(i._printf_pre_padding) for _printf_pre_padding
    printf7.o(i._printf_core) refers to uldiv.o(.text) for __aeabi_uldivmod
    printf7.o(i._printf_core) refers to printf7.o(i._printf_post_padding) for _printf_post_padding
    printf8.o(i.__0fprintf$8) refers to printf8.o(i._printf_core) for _printf_core
    printf8.o(i.__0fprintf$8) refers to fputc.o(i.fputc) for fputc
    printf8.o(i.__0printf$8) refers to printf8.o(i._printf_core) for _printf_core
    printf8.o(i.__0printf$8) refers to fputc.o(i.fputc) for fputc
    printf8.o(i.__0printf$8) refers to stdout.o(.data) for __stdout
    printf8.o(i.__0snprintf$8) refers to printf8.o(i._printf_core) for _printf_core
    printf8.o(i.__0snprintf$8) refers to printf8.o(i._snputc) for _snputc
    printf8.o(i.__0sprintf$8) refers to printf8.o(i._printf_core) for _printf_core
    printf8.o(i.__0sprintf$8) refers to printf8.o(i._sputc) for _sputc
    printf8.o(i.__0vfprintf$8) refers to printf8.o(i._printf_core) for _printf_core
    printf8.o(i.__0vfprintf$8) refers to fputc.o(i.fputc) for fputc
    printf8.o(i.__0vprintf$8) refers to printf8.o(i._printf_core) for _printf_core
    printf8.o(i.__0vprintf$8) refers to fputc.o(i.fputc) for fputc
    printf8.o(i.__0vprintf$8) refers to stdout.o(.data) for __stdout
    printf8.o(i.__0vsnprintf$8) refers to printf8.o(i._printf_core) for _printf_core
    printf8.o(i.__0vsnprintf$8) refers to printf8.o(i._snputc) for _snputc
    printf8.o(i.__0vsprintf$8) refers to printf8.o(i._printf_core) for _printf_core
    printf8.o(i.__0vsprintf$8) refers to printf8.o(i._sputc) for _sputc
    printf8.o(i._printf_core) refers to printf8.o(i._printf_pre_padding) for _printf_pre_padding
    printf8.o(i._printf_core) refers to uldiv.o(.text) for __aeabi_uldivmod
    printf8.o(i._printf_core) refers to printf8.o(i._printf_post_padding) for _printf_post_padding
    printfa.o(i.__0fprintf) refers (Special) to iusefp.o(.text) for __I$use$fp
    printfa.o(i.__0fprintf) refers to printfa.o(i._printf_core) for _printf_core
    printfa.o(i.__0fprintf) refers to fputc.o(i.fputc) for fputc
    printfa.o(i.__0printf) refers (Special) to iusefp.o(.text) for __I$use$fp
    printfa.o(i.__0printf) refers to printfa.o(i._printf_core) for _printf_core
    printfa.o(i.__0printf) refers to fputc.o(i.fputc) for fputc
    printfa.o(i.__0printf) refers to stdout.o(.data) for __stdout
    printfa.o(i.__0snprintf) refers (Special) to iusefp.o(.text) for __I$use$fp
    printfa.o(i.__0snprintf) refers to printfa.o(i._printf_core) for _printf_core
    printfa.o(i.__0snprintf) refers to printfa.o(i._snputc) for _snputc
    printfa.o(i.__0sprintf) refers (Special) to iusefp.o(.text) for __I$use$fp
    printfa.o(i.__0sprintf) refers to printfa.o(i._printf_core) for _printf_core
    printfa.o(i.__0sprintf) refers to printfa.o(i._sputc) for _sputc
    printfa.o(i.__0vfprintf) refers (Special) to iusefp.o(.text) for __I$use$fp
    printfa.o(i.__0vfprintf) refers to printfa.o(i._printf_core) for _printf_core
    printfa.o(i.__0vfprintf) refers to fputc.o(i.fputc) for fputc
    printfa.o(i.__0vprintf) refers (Special) to iusefp.o(.text) for __I$use$fp
    printfa.o(i.__0vprintf) refers to printfa.o(i._printf_core) for _printf_core
    printfa.o(i.__0vprintf) refers to fputc.o(i.fputc) for fputc
    printfa.o(i.__0vprintf) refers to stdout.o(.data) for __stdout
    printfa.o(i.__0vsnprintf) refers (Special) to iusefp.o(.text) for __I$use$fp
    printfa.o(i.__0vsnprintf) refers to printfa.o(i._printf_core) for _printf_core
    printfa.o(i.__0vsnprintf) refers to printfa.o(i._snputc) for _snputc
    printfa.o(i.__0vsprintf) refers (Special) to iusefp.o(.text) for __I$use$fp
    printfa.o(i.__0vsprintf) refers to printfa.o(i._printf_core) for _printf_core
    printfa.o(i.__0vsprintf) refers to printfa.o(i._sputc) for _sputc
    printfa.o(i._fp_digits) refers (Special) to iusefp.o(.text) for __I$use$fp
    printfa.o(i._fp_digits) refers to dmul.o(.text) for __aeabi_dmul
    printfa.o(i._fp_digits) refers to ddiv.o(.text) for __aeabi_ddiv
    printfa.o(i._fp_digits) refers to cdrcmple.o(.text) for __aeabi_cdrcmple
    printfa.o(i._fp_digits) refers to dadd.o(.text) for __aeabi_dadd
    printfa.o(i._fp_digits) refers to dfixul.o(.text) for __aeabi_d2ulz
    printfa.o(i._fp_digits) refers to uldiv.o(.text) for __aeabi_uldivmod
    printfa.o(i._printf_core) refers (Special) to iusefp.o(.text) for __I$use$fp
    printfa.o(i._printf_core) refers to printfa.o(i._printf_pre_padding) for _printf_pre_padding
    printfa.o(i._printf_core) refers to uldiv.o(.text) for __aeabi_uldivmod
    printfa.o(i._printf_core) refers to printfa.o(i._printf_post_padding) for _printf_post_padding
    printfa.o(i._printf_core) refers to printfa.o(i._fp_digits) for _fp_digits
    printfa.o(i._printf_core) refers to uidiv.o(.text) for __aeabi_uidivmod
    printfa.o(i._printf_post_padding) refers (Special) to iusefp.o(.text) for __I$use$fp
    printfa.o(i._printf_pre_padding) refers (Special) to iusefp.o(.text) for __I$use$fp
    printfa.o(i._snputc) refers (Special) to iusefp.o(.text) for __I$use$fp
    printfa.o(i._sputc) refers (Special) to iusefp.o(.text) for __I$use$fp
    entry2.o(.ARM.Collect$$$$00000001) refers to entry2.o(.ARM.Collect$$$$00002712) for __lit__00000000
    entry2.o(.ARM.Collect$$$$00002712) refers to cstartup.o(STACK) for __initial_sp
    entry2.o(__vectab_stack_and_reset_area) refers to cstartup.o(STACK) for __initial_sp
    entry2.o(__vectab_stack_and_reset_area) refers to entry.o(.ARM.Collect$$$$00000000) for __main
    entry5.o(.ARM.Collect$$$$00000004) refers to init.o(.text) for __scatterload
    entry9a.o(.ARM.Collect$$$$0000000B) refers to main.o(.text) for main
    entry9b.o(.ARM.Collect$$$$0000000C) refers to main.o(.text) for main
    fputc.o(i.fputc) refers (Special) to iusesemip.o(.text) for __I$use$semihosting$fputc
    fputc.o(i.fputc) refers (Special) to semi.o(.text) for __semihosting_library_function
    uldiv.o(.text) refers to llushr.o(.text) for __aeabi_llsr
    uldiv.o(.text) refers to llshl.o(.text) for __aeabi_llsl
    dadd.o(.text) refers to llshl.o(.text) for __aeabi_llsl
    dadd.o(.text) refers to llsshr.o(.text) for __aeabi_lasr
    dadd.o(.text) refers to depilogue.o(.text) for _double_epilogue
    dmul.o(.text) refers to depilogue.o(.text) for _double_epilogue
    ddiv.o(.text) refers to depilogue.o(.text) for _double_round
    dfixul.o(.text) refers to llushr.o(.text) for __aeabi_llsr
    dfixul.o(.text) refers to llshl.o(.text) for __aeabi_llsl
    init.o(.text) refers to entry5.o(.ARM.Collect$$$$00000004) for __main_after_scatterload
    depilogue.o(.text) refers to llshl.o(.text) for __aeabi_llsl
    depilogue.o(.text) refers to llushr.o(.text) for __aeabi_llsr


==============================================================================

Removing Unused input sections from the image.

    Removing main.o(.rev16_text), (4 bytes).
    Removing main.o(.revsh_text), (4 bytes).
    Removing serial.o(.rev16_text), (4 bytes).
    Removing serial.o(.revsh_text), (4 bytes).
    Removing app_led.o(.rev16_text), (4 bytes).
    Removing app_led.o(.revsh_text), (4 bytes).
    Removing misc.o(.rev16_text), (4 bytes).
    Removing misc.o(.revsh_text), (4 bytes).
    Removing stm32f2xx_gpio.o(.rev16_text), (4 bytes).
    Removing stm32f2xx_gpio.o(.revsh_text), (4 bytes).
    Removing stm32f2xx_it.o(.rev16_text), (4 bytes).
    Removing stm32f2xx_it.o(.revsh_text), (4 bytes).
    Removing stm32f2xx_rcc.o(.rev16_text), (4 bytes).
    Removing stm32f2xx_rcc.o(.revsh_text), (4 bytes).
    Removing cstartup.o(HEAP), (512 bytes).
    Removing system_stm32f2xx.o(.rev16_text), (4 bytes).
    Removing system_stm32f2xx.o(.revsh_text), (4 bytes).
    Removing stm32f2xx_usart.o(.rev16_text), (4 bytes).
    Removing stm32f2xx_usart.o(.revsh_text), (4 bytes).
    Removing stm32f2xx_i2c.o(.rev16_text), (4 bytes).
    Removing stm32f2xx_i2c.o(.revsh_text), (4 bytes).
    Removing stm32f2xx_i2c.o(.text), (1064 bytes).
    Removing stm32f2xx_dma.o(.rev16_text), (4 bytes).
    Removing stm32f2xx_dma.o(.revsh_text), (4 bytes).
    Removing stm32f2xx_dma.o(.text), (936 bytes).
    Removing event_groups.o(.text), (708 bytes).
    Removing bsp_i2c.o(.rev16_text), (4 bytes).
    Removing bsp_i2c.o(.revsh_text), (4 bytes).

28 unused section(s) (total 3316 bytes) removed from the image.

==============================================================================

Image Symbol Table

    Local Symbols

    Symbol Name                              Value     Ov Type        Size  Object(Section)

    ../clib/microlib/division.c              0x00000000   Number         0  uldiv.o ABSOLUTE
    ../clib/microlib/division.c              0x00000000   Number         0  uidiv.o ABSOLUTE
    ../clib/microlib/init/entry.s            0x00000000   Number         0  entry8b.o ABSOLUTE
    ../clib/microlib/init/entry.s            0x00000000   Number         0  entry5.o ABSOLUTE
    ../clib/microlib/init/entry.s            0x00000000   Number         0  entry8a.o ABSOLUTE
    ../clib/microlib/init/entry.s            0x00000000   Number         0  entry7b.o ABSOLUTE
    ../clib/microlib/init/entry.s            0x00000000   Number         0  entry7a.o ABSOLUTE
    ../clib/microlib/init/entry.s            0x00000000   Number         0  entry11b.o ABSOLUTE
    ../clib/microlib/init/entry.s            0x00000000   Number         0  entry.o ABSOLUTE
    ../clib/microlib/init/entry.s            0x00000000   Number         0  entry11a.o ABSOLUTE
    ../clib/microlib/init/entry.s            0x00000000   Number         0  entry10a.o ABSOLUTE
    ../clib/microlib/init/entry.s            0x00000000   Number         0  entry9b.o ABSOLUTE
    ../clib/microlib/init/entry.s            0x00000000   Number         0  entry10b.o ABSOLUTE
    ../clib/microlib/init/entry.s            0x00000000   Number         0  entry2.o ABSOLUTE
    ../clib/microlib/init/entry.s            0x00000000   Number         0  entry9a.o ABSOLUTE
    ../clib/microlib/longlong.c              0x00000000   Number         0  llsshr.o ABSOLUTE
    ../clib/microlib/longlong.c              0x00000000   Number         0  llushr.o ABSOLUTE
    ../clib/microlib/longlong.c              0x00000000   Number         0  llshl.o ABSOLUTE
    ../clib/microlib/printf/printf.c         0x00000000   Number         0  printf4.o ABSOLUTE
    ../clib/microlib/printf/printf.c         0x00000000   Number         0  printf1.o ABSOLUTE
    ../clib/microlib/printf/printf.c         0x00000000   Number         0  printf3.o ABSOLUTE
    ../clib/microlib/printf/printf.c         0x00000000   Number         0  printf0.o ABSOLUTE
    ../clib/microlib/printf/printf.c         0x00000000   Number         0  printfb.o ABSOLUTE
    ../clib/microlib/printf/printf.c         0x00000000   Number         0  printf2.o ABSOLUTE
    ../clib/microlib/printf/printf.c         0x00000000   Number         0  printfa.o ABSOLUTE
    ../clib/microlib/printf/printf.c         0x00000000   Number         0  printf8.o ABSOLUTE
    ../clib/microlib/printf/printf.c         0x00000000   Number         0  printf7.o ABSOLUTE
    ../clib/microlib/printf/printf.c         0x00000000   Number         0  printf6.o ABSOLUTE
    ../clib/microlib/printf/printf.c         0x00000000   Number         0  printf5.o ABSOLUTE
    ../clib/microlib/printf/stubs.s          0x00000000   Number         0  stubs.o ABSOLUTE
    ../clib/microlib/stdio/fputc.c           0x00000000   Number         0  fputc.o ABSOLUTE
    ../clib/microlib/stdio/semi.s            0x00000000   Number         0  semi.o ABSOLUTE
    ../clib/microlib/stdio/streams.c         0x00000000   Number         0  stdout.o ABSOLUTE
    ../clib/microlib/string/memcpy.c         0x00000000   Number         0  memcpyb.o ABSOLUTE
    ../clib/microlib/string/memcpy.c         0x00000000   Number         0  memcpya.o ABSOLUTE
    ../clib/microlib/string/memset.c         0x00000000   Number         0  memseta.o ABSOLUTE
    ../clib/microlib/string/strcat.c         0x00000000   Number         0  strcat.o ABSOLUTE
    ../clib/microlib/string/strcmp.c         0x00000000   Number         0  strcmp.o ABSOLUTE
    ../clib/microlib/string/strcpy.c         0x00000000   Number         0  strcpy.o ABSOLUTE
    ../clib/microlib/string/strlen.c         0x00000000   Number         0  strlen.o ABSOLUTE
    ../clib/microlib/string/strncmp.c        0x00000000   Number         0  strncmp.o ABSOLUTE
    ../clib/microlib/stubs.s                 0x00000000   Number         0  iusefp.o ABSOLUTE
    ../clib/microlib/stubs.s                 0x00000000   Number         0  iusesemip.o ABSOLUTE
    ../fplib/microlib/fpadd.c                0x00000000   Number         0  dadd.o ABSOLUTE
    ../fplib/microlib/fpdiv.c                0x00000000   Number         0  ddiv.o ABSOLUTE
    ../fplib/microlib/fpepilogue.c           0x00000000   Number         0  depilogue.o ABSOLUTE
    ../fplib/microlib/fpfix.c                0x00000000   Number         0  dfixul.o ABSOLUTE
    ../fplib/microlib/fpmul.c                0x00000000   Number         0  dmul.o ABSOLUTE
    ..\APP\app_led.c                         0x00000000   Number         0  app_led.o ABSOLUTE
    ..\APP\cli\app_cli.c                     0x00000000   Number         0  app_cli.o ABSOLUTE
    ..\APP\cli\hal_cli.c                     0x00000000   Number         0  hal_cli.o ABSOLUTE
    ..\APP\cli\mid_cli.c                     0x00000000   Number         0  mid_cli.o ABSOLUTE
    ..\APP\main.c                            0x00000000   Number         0  main.o ABSOLUTE
    ..\APP\serial.c                          0x00000000   Number         0  serial.o ABSOLUTE
    ..\BSP\bsp_i2c.c                         0x00000000   Number         0  bsp_i2c.o ABSOLUTE
    ..\FreeRTOS\croutine.c                   0x00000000   Number         0  croutine.o ABSOLUTE
    ..\FreeRTOS\event_groups.c               0x00000000   Number         0  event_groups.o ABSOLUTE
    ..\FreeRTOS\list.c                       0x00000000   Number         0  list.o ABSOLUTE
    ..\FreeRTOS\portable\MemMang\heap_2.c    0x00000000   Number         0  heap_2.o ABSOLUTE
    ..\FreeRTOS\portable\RVDS\ARM_CM3\port.c 0x00000000   Number         0  port.o ABSOLUTE
    ..\FreeRTOS\queue.c                      0x00000000   Number         0  queue.o ABSOLUTE
    ..\FreeRTOS\tasks.c                      0x00000000   Number         0  tasks.o ABSOLUTE
    ..\FreeRTOS\timers.c                     0x00000000   Number         0  timers.o ABSOLUTE
    ..\STMLIB\src\misc.c                     0x00000000   Number         0  misc.o ABSOLUTE
    ..\STMLIB\src\stm32f2xx_dma.c            0x00000000   Number         0  stm32f2xx_dma.o ABSOLUTE
    ..\STMLIB\src\stm32f2xx_gpio.c           0x00000000   Number         0  stm32f2xx_gpio.o ABSOLUTE
    ..\STMLIB\src\stm32f2xx_i2c.c            0x00000000   Number         0  stm32f2xx_i2c.o ABSOLUTE
    ..\STMLIB\src\stm32f2xx_it.c             0x00000000   Number         0  stm32f2xx_it.o ABSOLUTE
    ..\STMLIB\src\stm32f2xx_rcc.c            0x00000000   Number         0  stm32f2xx_rcc.o ABSOLUTE
    ..\STMLIB\src\stm32f2xx_usart.c          0x00000000   Number         0  stm32f2xx_usart.o ABSOLUTE
    ..\STMLIB\src\system_stm32f2xx.c         0x00000000   Number         0  system_stm32f2xx.o ABSOLUTE
    ..\STMLIB\startup\cstartup.s             0x00000000   Number         0  cstartup.o ABSOLUTE
    ..\\APP\\app_led.c                       0x00000000   Number         0  app_led.o ABSOLUTE
    ..\\APP\\main.c                          0x00000000   Number         0  main.o ABSOLUTE
    ..\\APP\\serial.c                        0x00000000   Number         0  serial.o ABSOLUTE
    ..\\BSP\\bsp_i2c.c                       0x00000000   Number         0  bsp_i2c.o ABSOLUTE
    ..\\FreeRTOS\\portable\\RVDS\\ARM_CM3\\port.c 0x00000000   Number         0  port.o ABSOLUTE
    ..\\STMLIB\\src\\misc.c                  0x00000000   Number         0  misc.o ABSOLUTE
    ..\\STMLIB\\src\\stm32f2xx_dma.c         0x00000000   Number         0  stm32f2xx_dma.o ABSOLUTE
    ..\\STMLIB\\src\\stm32f2xx_gpio.c        0x00000000   Number         0  stm32f2xx_gpio.o ABSOLUTE
    ..\\STMLIB\\src\\stm32f2xx_i2c.c         0x00000000   Number         0  stm32f2xx_i2c.o ABSOLUTE
    ..\\STMLIB\\src\\stm32f2xx_it.c          0x00000000   Number         0  stm32f2xx_it.o ABSOLUTE
    ..\\STMLIB\\src\\stm32f2xx_rcc.c         0x00000000   Number         0  stm32f2xx_rcc.o ABSOLUTE
    ..\\STMLIB\\src\\stm32f2xx_usart.c       0x00000000   Number         0  stm32f2xx_usart.o ABSOLUTE
    ..\\STMLIB\\src\\system_stm32f2xx.c      0x00000000   Number         0  system_stm32f2xx.o ABSOLUTE
    cdrcmple.s                               0x00000000   Number         0  cdrcmple.o ABSOLUTE
    dc.s                                     0x00000000   Number         0  dc.o ABSOLUTE
    handlers.s                               0x00000000   Number         0  handlers.o ABSOLUTE
    init.s                                   0x00000000   Number         0  init.o ABSOLUTE
    RESET                                    0x08000000   Section      388  cstartup.o(RESET)
    .ARM.Collect$$$$00000000                 0x08000184   Section        0  entry.o(.ARM.Collect$$$$00000000)
    .ARM.Collect$$$$00000001                 0x08000184   Section        4  entry2.o(.ARM.Collect$$$$00000001)
    .ARM.Collect$$$$00000004                 0x08000188   Section        4  entry5.o(.ARM.Collect$$$$00000004)
    .ARM.Collect$$$$00000008                 0x0800018c   Section        0  entry7b.o(.ARM.Collect$$$$00000008)
    .ARM.Collect$$$$0000000A                 0x0800018c   Section        0  entry8b.o(.ARM.Collect$$$$0000000A)
    .ARM.Collect$$$$0000000B                 0x0800018c   Section        8  entry9a.o(.ARM.Collect$$$$0000000B)
    .ARM.Collect$$$$0000000D                 0x08000194   Section        0  entry10a.o(.ARM.Collect$$$$0000000D)
    .ARM.Collect$$$$0000000F                 0x08000194   Section        0  entry11a.o(.ARM.Collect$$$$0000000F)
    .ARM.Collect$$$$00002712                 0x08000194   Section        4  entry2.o(.ARM.Collect$$$$00002712)
    __lit__00000000                          0x08000194   Data           4  entry2.o(.ARM.Collect$$$$00002712)
    .emb_text                                0x08000198   Section      150  port.o(.emb_text)
    .text                                    0x08000230   Section        0  main.o(.text)
    .text                                    0x080002cc   Section        0  serial.o(.text)
    dataLinktask                             0x080002ed   Thumb Code    56  serial.o(.text)
    .text                                    0x0800058c   Section        0  app_led.o(.text)
    .text                                    0x080006dc   Section        0  app_cli.o(.text)
    insmod_handle                            0x080006dd   Thumb Code    18  app_cli.o(.text)
    rmmod_handle                             0x080006ef   Thumb Code    18  app_cli.o(.text)
    hi_handle                                0x08000701   Thumb Code    22  app_cli.o(.text)
    info_handle                              0x08000717   Thumb Code    54  app_cli.o(.text)
    clear_handle                             0x0800074d   Thumb Code    22  app_cli.o(.text)
    app_cli_default_register                 0x08000763   Thumb Code    24  app_cli.o(.text)
    .text                                    0x080007d0   Section        0  mid_cli.o(.text)
    get_num_of_parame                        0x08000815   Thumb Code    46  mid_cli.o(.text)
    mid_cli_console_task                     0x0800091b   Thumb Code   322  mid_cli.o(.text)
    help_handle                              0x08000b17   Thumb Code    78  mid_cli.o(.text)
    .text                                    0x08000bcc   Section        0  hal_cli.o(.text)
    .text                                    0x08000c04   Section        0  misc.o(.text)
    .text                                    0x08000ce4   Section        0  stm32f2xx_gpio.o(.text)
    .text                                    0x08000f40   Section        0  stm32f2xx_it.o(.text)
    .text                                    0x08000f5c   Section        0  stm32f2xx_rcc.o(.text)
    .text                                    0x080014e4   Section       28  cstartup.o(.text)
    .text                                    0x08001500   Section        0  system_stm32f2xx.o(.text)
    SetSysClock                              0x08001501   Thumb Code   192  system_stm32f2xx.o(.text)
    .text                                    0x080016e0   Section        0  stm32f2xx_usart.o(.text)
    .text                                    0x08001afa   Section        0  list.o(.text)
    .text                                    0x08001b90   Section        0  queue.o(.text)
    prvInitialiseNewQueue                    0x08001c0b   Thumb Code    38  queue.o(.text)
    prvUnlockQueue                           0x08001c69   Thumb Code   126  queue.o(.text)
    prvIsQueueFull                           0x08001ce7   Thumb Code    30  queue.o(.text)
    prvCopyDataToQueue                       0x08001d05   Thumb Code   124  queue.o(.text)
    prvInitialiseMutex                       0x08001e95   Thumb Code    28  queue.o(.text)
    prvIsQueueEmpty                          0x08001fd5   Thumb Code    26  queue.o(.text)
    prvCopyDataFromQueue                     0x08001fef   Thumb Code    42  queue.o(.text)
    .text                                    0x0800229c   Section        0  tasks.o(.text)
    prvInitialiseTaskLists                   0x0800229d   Thumb Code    70  tasks.o(.text)
    prvAddNewTaskToReadyList                 0x080022e3   Thumb Code   150  tasks.o(.text)
    prvInitialiseNewTask                     0x08002379   Thumb Code   134  tasks.o(.text)
    prvResetNextTaskUnblockTime              0x0800245b   Thumb Code    42  tasks.o(.text)
    prvDeleteTCB                             0x08002485   Thumb Code    18  tasks.o(.text)
    prvAddCurrentTaskToDelayedList           0x0800274f   Thumb Code   124  tasks.o(.text)
    prvTaskIsTaskSuspended                   0x08002a8f   Thumb Code    56  tasks.o(.text)
    prvCheckTasksWaitingTermination          0x08002bf5   Thumb Code    86  tasks.o(.text)
    prvIdleTask                              0x08002c4b   Thumb Code    32  tasks.o(.text)
    .text                                    0x08003394   Section        0  port.o(.text)
    prvTaskExitError                         0x08003395   Thumb Code    22  port.o(.text)
    .text                                    0x08003478   Section        0  heap_2.o(.text)
    prvHeapInit                              0x08003479   Thumb Code    42  heap_2.o(.text)
    .text                                    0x0800359c   Section        0  memcpya.o(.text)
    .text                                    0x080035c0   Section        0  memseta.o(.text)
    .text                                    0x080035e4   Section        0  strcat.o(.text)
    .text                                    0x080035fc   Section        0  strlen.o(.text)
    .text                                    0x0800360a   Section        0  strcmp.o(.text)
    .text                                    0x08003626   Section        0  strcpy.o(.text)
    .text                                    0x08003638   Section        0  strncmp.o(.text)
    .text                                    0x08003656   Section        0  uidiv.o(.text)
    .text                                    0x08003682   Section        0  uldiv.o(.text)
    .text                                    0x080036e4   Section        0  dadd.o(.text)
    .text                                    0x080036e4   Section        0  iusefp.o(.text)
    .text                                    0x08003832   Section        0  dmul.o(.text)
    .text                                    0x08003916   Section        0  ddiv.o(.text)
    .text                                    0x080039f4   Section        0  dfixul.o(.text)
    .text                                    0x08003a24   Section       40  cdrcmple.o(.text)
    .text                                    0x08003a4c   Section       36  init.o(.text)
    .text                                    0x08003a70   Section        0  llshl.o(.text)
    .text                                    0x08003a8e   Section        0  llushr.o(.text)
    .text                                    0x08003aae   Section        0  llsshr.o(.text)
    .text                                    0x08003ad2   Section        0  depilogue.o(.text)
    i.__0sprintf$2                           0x08003b88   Section        0  printf2.o(i.__0sprintf$2)
    i.__0vsprintf                            0x08003bb0   Section        0  printfa.o(i.__0vsprintf)
    i.__scatterload_copy                     0x08003bd4   Section       14  handlers.o(i.__scatterload_copy)
    i.__scatterload_null                     0x08003be2   Section        2  handlers.o(i.__scatterload_null)
    i.__scatterload_zeroinit                 0x08003be4   Section       14  handlers.o(i.__scatterload_zeroinit)
    i._fp_digits                             0x08003bf4   Section        0  printfa.o(i._fp_digits)
    _fp_digits                               0x08003bf5   Thumb Code   334  printfa.o(i._fp_digits)
    i._printf_core                           0x08003d58   Section        0  printf2.o(i._printf_core)
    _printf_core                             0x08003d59   Thumb Code   214  printf2.o(i._printf_core)
    i._printf_core                           0x08003e30   Section        0  printfa.o(i._printf_core)
    _printf_core                             0x08003e31   Thumb Code  1744  printfa.o(i._printf_core)
    i._printf_post_padding                   0x0800450c   Section        0  printfa.o(i._printf_post_padding)
    _printf_post_padding                     0x0800450d   Thumb Code    36  printfa.o(i._printf_post_padding)
    i._printf_pre_padding                    0x08004530   Section        0  printfa.o(i._printf_pre_padding)
    _printf_pre_padding                      0x08004531   Thumb Code    46  printfa.o(i._printf_pre_padding)
    i._sputc                                 0x0800455e   Section        0  printf2.o(i._sputc)
    _sputc                                   0x0800455f   Thumb Code    10  printf2.o(i._sputc)
    i._sputc                                 0x08004568   Section        0  printfa.o(i._sputc)
    _sputc                                   0x08004569   Thumb Code    10  printfa.o(i._sputc)
    .constdata                               0x08004574   Section       32  app_cli.o(.constdata)
    insmod                                   0x08004574   Data          16  app_cli.o(.constdata)
    rmmod                                    0x08004584   Data          16  app_cli.o(.constdata)
    .constdata                               0x08004594   Section      102  mid_cli.o(.constdata)
    help                                     0x08004594   Data          16  mid_cli.o(.constdata)
    passwd                                   0x080045a4   Data           4  mid_cli.o(.constdata)
    input_passwd_msg                         0x080045a8   Data           4  mid_cli.o(.constdata)
    pcEndOfOutputMessage                     0x080045ac   Data           4  mid_cli.o(.constdata)
    pcNewLine                                0x080045b0   Data           4  mid_cli.o(.constdata)
    log1                                     0x080045b4   Data          70  mid_cli.o(.constdata)
    .conststring                             0x080045fc   Section      311  app_cli.o(.conststring)
    .conststring                             0x08004734   Section       81  mid_cli.o(.conststring)
    .data                                    0x20000000   Section       12  serial.o(.data)
    ser_rx_queue                             0x20000000   Data           4  serial.o(.data)
    ser_tx_queue                             0x20000004   Data           4  serial.o(.data)
    xPort                                    0x20000008   Data           4  serial.o(.data)
    .data                                    0x2000000c   Section       28  app_cli.o(.data)
    dev_info                                 0x2000000c   Data          24  app_cli.o(.data)
    string                                   0x20000024   Data           4  app_cli.o(.data)
    .data                                    0x20000028   Section       28  mid_cli.o(.data)
    permission                               0x20000028   Data           1  mid_cli.o(.data)
    cmd_list_head                            0x2000002c   Data           8  mid_cli.o(.data)
    xTxMutex                                 0x20000034   Data           4  mid_cli.o(.data)
    pxLastCommandInList                      0x20000038   Data           4  mid_cli.o(.data)
    pxNewListItem                            0x2000003c   Data           4  mid_cli.o(.data)
    cmd                                      0x20000040   Data           4  mid_cli.o(.data)
    .data                                    0x20000044   Section        8  hal_cli.o(.data)
    tx_data                                  0x20000044   Data           4  hal_cli.o(.data)
    rx_data                                  0x20000048   Data           4  hal_cli.o(.data)
    .data                                    0x2000004c   Section       16  stm32f2xx_rcc.o(.data)
    APBAHBPrescTable                         0x2000004c   Data          16  stm32f2xx_rcc.o(.data)
    .data                                    0x2000005c   Section       20  system_stm32f2xx.o(.data)
    .data                                    0x20000070   Section       60  tasks.o(.data)
    pxDelayedTaskList                        0x20000074   Data           4  tasks.o(.data)
    pxOverflowDelayedTaskList                0x20000078   Data           4  tasks.o(.data)
    uxDeletedTasksWaitingCleanUp             0x2000007c   Data           4  tasks.o(.data)
    uxCurrentNumberOfTasks                   0x20000080   Data           4  tasks.o(.data)
    xTickCount                               0x20000084   Data           4  tasks.o(.data)
    uxTopReadyPriority                       0x20000088   Data           4  tasks.o(.data)
    xSchedulerRunning                        0x2000008c   Data           4  tasks.o(.data)
    uxPendedTicks                            0x20000090   Data           4  tasks.o(.data)
    xYieldPending                            0x20000094   Data           4  tasks.o(.data)
    xNumOfOverflows                          0x20000098   Data           4  tasks.o(.data)
    uxTaskNumber                             0x2000009c   Data           4  tasks.o(.data)
    xNextTaskUnblockTime                     0x200000a0   Data           4  tasks.o(.data)
    xIdleTaskHandle                          0x200000a4   Data           4  tasks.o(.data)
    uxSchedulerSuspended                     0x200000a8   Data           4  tasks.o(.data)
    .data                                    0x200000ac   Section        4  port.o(.data)
    uxCriticalNesting                        0x200000ac   Data           4  port.o(.data)
    .data                                    0x200000b0   Section       24  heap_2.o(.data)
    xStart                                   0x200000b0   Data           8  heap_2.o(.data)
    xEnd                                     0x200000b8   Data           8  heap_2.o(.data)
    xFreeBytesRemaining                      0x200000c0   Data           4  heap_2.o(.data)
    xHeapHasBeenInitialised                  0x200000c4   Data           4  heap_2.o(.data)
    .bss                                     0x200000c8   Section      768  mid_cli.o(.bss)
    out_buffer                               0x200000c8   Data         256  mid_cli.o(.bss)
    cInputString                             0x200001c8   Data         256  mid_cli.o(.bss)
    cLastInputString                         0x200002c8   Data         256  mid_cli.o(.bss)
    .bss                                     0x200003c8   Section      200  tasks.o(.bss)
    pxReadyTasksLists                        0x200003c8   Data         100  tasks.o(.bss)
    xDelayedTaskList1                        0x2000042c   Data          20  tasks.o(.bss)
    xDelayedTaskList2                        0x20000440   Data          20  tasks.o(.bss)
    xPendingReadyList                        0x20000454   Data          20  tasks.o(.bss)
    xTasksWaitingTermination                 0x20000468   Data          20  tasks.o(.bss)
    xSuspendedTaskList                       0x2000047c   Data          20  tasks.o(.bss)
    .bss                                     0x20000490   Section    17408  heap_2.o(.bss)
    ucHeap                                   0x20000490   Data       17408  heap_2.o(.bss)
    STACK                                    0x20004890   Section     1024  cstartup.o(STACK)

    Global Symbols

    Symbol Name                              Value     Ov Type        Size  Object(Section)

    BuildAttributes$$THM_ISAv4$P$D$K$B$S$PE$A:L22UL41UL21$X:L11$S22US41US21$IEEE1$IW$USESV6$~STKCKD$USESV7$~SHL$OSPACE$ROPI$EBA8$MICROLIB$REQ8$PRES8$EABIv2 0x00000000   Number         0  anon$$obj.o ABSOLUTE
    __ARM_use_no_argv                        0x00000000   Number         0  main.o ABSOLUTE
    _printf_a                                0x00000000   Number         0  stubs.o ABSOLUTE
    _printf_c                                0x00000000   Number         0  stubs.o ABSOLUTE
    _printf_charcount                        0x00000000   Number         0  stubs.o ABSOLUTE
    _printf_d                                0x00000000   Number         0  stubs.o ABSOLUTE
    _printf_e                                0x00000000   Number         0  stubs.o ABSOLUTE
    _printf_f                                0x00000000   Number         0  stubs.o ABSOLUTE
    _printf_flags                            0x00000000   Number         0  stubs.o ABSOLUTE
    _printf_fp_dec                           0x00000000   Number         0  stubs.o ABSOLUTE
    _printf_fp_hex                           0x00000000   Number         0  stubs.o ABSOLUTE
    _printf_g                                0x00000000   Number         0  stubs.o ABSOLUTE
    _printf_i                                0x00000000   Number         0  stubs.o ABSOLUTE
    _printf_int_dec                          0x00000000   Number         0  stubs.o ABSOLUTE
    _printf_l                                0x00000000   Number         0  stubs.o ABSOLUTE
    _printf_lc                               0x00000000   Number         0  stubs.o ABSOLUTE
    _printf_ll                               0x00000000   Number         0  stubs.o ABSOLUTE
    _printf_lld                              0x00000000   Number         0  stubs.o ABSOLUTE
    _printf_lli                              0x00000000   Number         0  stubs.o ABSOLUTE
    _printf_llo                              0x00000000   Number         0  stubs.o ABSOLUTE
    _printf_llu                              0x00000000   Number         0  stubs.o ABSOLUTE
    _printf_llx                              0x00000000   Number         0  stubs.o ABSOLUTE
    _printf_longlong_dec                     0x00000000   Number         0  stubs.o ABSOLUTE
    _printf_longlong_hex                     0x00000000   Number         0  stubs.o ABSOLUTE
    _printf_longlong_oct                     0x00000000   Number         0  stubs.o ABSOLUTE
    _printf_ls                               0x00000000   Number         0  stubs.o ABSOLUTE
    _printf_mbtowc                           0x00000000   Number         0  stubs.o ABSOLUTE
    _printf_n                                0x00000000   Number         0  stubs.o ABSOLUTE
    _printf_o                                0x00000000   Number         0  stubs.o ABSOLUTE
    _printf_p                                0x00000000   Number         0  stubs.o ABSOLUTE
    _printf_percent                          0x00000000   Number         0  stubs.o ABSOLUTE
    _printf_pre_padding                      0x00000000   Number         0  stubs.o ABSOLUTE
    _printf_return_value                     0x00000000   Number         0  stubs.o ABSOLUTE
    _printf_s                                0x00000000   Number         0  stubs.o ABSOLUTE
    _printf_sizespec                         0x00000000   Number         0  stubs.o ABSOLUTE
    _printf_str                              0x00000000   Number         0  stubs.o ABSOLUTE
    _printf_truncate_signed                  0x00000000   Number         0  stubs.o ABSOLUTE
    _printf_truncate_unsigned                0x00000000   Number         0  stubs.o ABSOLUTE
    _printf_u                                0x00000000   Number         0  stubs.o ABSOLUTE
    _printf_wc                               0x00000000   Number         0  stubs.o ABSOLUTE
    _printf_wctomb                           0x00000000   Number         0  stubs.o ABSOLUTE
    _printf_widthprec                        0x00000000   Number         0  stubs.o ABSOLUTE
    _printf_x                                0x00000000   Number         0  stubs.o ABSOLUTE
    __cpp_initialize__aeabi_                  - Undefined Weak Reference
    __cxa_finalize                            - Undefined Weak Reference
    __decompress                              - Undefined Weak Reference
    _clock_init                               - Undefined Weak Reference
    _microlib_exit                            - Undefined Weak Reference
    __Vectors_Size                           0x00000184   Number         0  cstartup.o ABSOLUTE
    __Vectors                                0x08000000   Data           4  cstartup.o(RESET)
    __Vectors_End                            0x08000184   Data           0  cstartup.o(RESET)
    __main                                   0x08000185   Thumb Code     0  entry.o(.ARM.Collect$$$$00000000)
    _main_stk                                0x08000185   Thumb Code     0  entry2.o(.ARM.Collect$$$$00000001)
    _main_scatterload                        0x08000189   Thumb Code     0  entry5.o(.ARM.Collect$$$$00000004)
    __main_after_scatterload                 0x0800018d   Thumb Code     0  entry5.o(.ARM.Collect$$$$00000004)
    _main_clock                              0x0800018d   Thumb Code     0  entry7b.o(.ARM.Collect$$$$00000008)
    _main_cpp_init                           0x0800018d   Thumb Code     0  entry8b.o(.ARM.Collect$$$$0000000A)
    _main_init                               0x0800018d   Thumb Code     0  entry9a.o(.ARM.Collect$$$$0000000B)
    __rt_final_cpp                           0x08000195   Thumb Code     0  entry10a.o(.ARM.Collect$$$$0000000D)
    __rt_final_exit                          0x08000195   Thumb Code     0  entry11a.o(.ARM.Collect$$$$0000000F)
    vPortSVCHandler                          0x08000199   Thumb Code    32  port.o(.emb_text)
    __asm___6_port_c_39a90d8d__prvStartFirstTask 0x080001bd   Thumb Code    28  port.o(.emb_text)
    xPortPendSVHandler                       0x080001dd   Thumb Code    72  port.o(.emb_text)
    vPortGetIPSR                             0x08000229   Thumb Code     6  port.o(.emb_text)
    main                                     0x08000231   Thumb Code   108  main.o(.text)
    xSerialGetChar                           0x080002cd   Thumb Code    32  serial.o(.text)
    serial_bsp_init                          0x08000325   Thumb Code   218  serial.o(.text)
    serial_task_init                         0x080003ff   Thumb Code    40  serial.o(.text)
    xSerialPutChar                           0x08000427   Thumb Code    46  serial.o(.text)
    vSerialPutString                         0x08000455   Thumb Code    38  serial.o(.text)
    dbg_string                               0x0800047b   Thumb Code    52  serial.o(.text)
    app_cli_data_tx                          0x080004af   Thumb Code    22  serial.o(.text)
    app_cli_data_rx                          0x080004c5   Thumb Code     6  serial.o(.text)
    vSerialClose                             0x080004cb   Thumb Code     2  serial.o(.text)
    USART1_IRQHandler                        0x080004cd   Thumb Code   154  serial.o(.text)
    BSP_LED_Init                             0x0800058d   Thumb Code   130  app_led.o(.text)
    vLed1Task                                0x0800060f   Thumb Code    50  app_led.o(.text)
    vLed2Task                                0x08000641   Thumb Code    52  app_led.o(.text)
    vLed3Task                                0x08000675   Thumb Code    48  app_led.o(.text)
    vLed4Task                                0x080006a5   Thumb Code    46  app_led.o(.text)
    app_cli_init                             0x0800077b   Thumb Code    18  app_cli.o(.text)
    mid_cli_module_register                  0x080007d1   Thumb Code    68  mid_cli.o(.text)
    mid_cli_parse_command                    0x08000843   Thumb Code   216  mid_cli.o(.text)
    mid_cli_init                             0x08000a5d   Thumb Code    36  mid_cli.o(.text)
    vOutputString                            0x08000a81   Thumb Code    58  mid_cli.o(.text)
    FreeRTOS_CLIGetParameter                 0x08000abb   Thumb Code    92  mid_cli.o(.text)
    hal_cli_data_switch_register             0x08000bcd   Thumb Code    10  hal_cli.o(.text)
    hal_cli_data_tx                          0x08000bd7   Thumb Code    18  hal_cli.o(.text)
    hal_cli_data_rx                          0x08000be9   Thumb Code    18  hal_cli.o(.text)
    NVIC_PriorityGroupConfig                 0x08000c05   Thumb Code    10  misc.o(.text)
    NVIC_Init                                0x08000c0f   Thumb Code   106  misc.o(.text)
    NVIC_SetVectorTable                      0x08000c79   Thumb Code    14  misc.o(.text)
    NVIC_SystemLPConfig                      0x08000c87   Thumb Code    34  misc.o(.text)
    SysTick_CLKSourceConfig                  0x08000ca9   Thumb Code    40  misc.o(.text)
    GPIO_DeInit                              0x08000ce5   Thumb Code   220  stm32f2xx_gpio.o(.text)
    GPIO_Init                                0x08000dc1   Thumb Code   144  stm32f2xx_gpio.o(.text)
    GPIO_StructInit                          0x08000e51   Thumb Code    18  stm32f2xx_gpio.o(.text)
    GPIO_PinLockConfig                       0x08000e63   Thumb Code    34  stm32f2xx_gpio.o(.text)
    GPIO_ReadInputDataBit                    0x08000e85   Thumb Code    18  stm32f2xx_gpio.o(.text)
    GPIO_ReadInputData                       0x08000e97   Thumb Code     8  stm32f2xx_gpio.o(.text)
    GPIO_ReadOutputDataBit                   0x08000e9f   Thumb Code    18  stm32f2xx_gpio.o(.text)
    GPIO_ReadOutputData                      0x08000eb1   Thumb Code     8  stm32f2xx_gpio.o(.text)
    GPIO_SetBits                             0x08000eb9   Thumb Code     4  stm32f2xx_gpio.o(.text)
    GPIO_ResetBits                           0x08000ebd   Thumb Code     4  stm32f2xx_gpio.o(.text)
    GPIO_WriteBit                            0x08000ec1   Thumb Code    10  stm32f2xx_gpio.o(.text)
    GPIO_Write                               0x08000ecb   Thumb Code     4  stm32f2xx_gpio.o(.text)
    GPIO_ToggleBits                          0x08000ecf   Thumb Code     8  stm32f2xx_gpio.o(.text)
    GPIO_PinAFConfig                         0x08000ed7   Thumb Code    70  stm32f2xx_gpio.o(.text)
    NMI_Handler                              0x08000f41   Thumb Code     2  stm32f2xx_it.o(.text)
    HardFault_Handler                        0x08000f43   Thumb Code     4  stm32f2xx_it.o(.text)
    MemManage_Handler                        0x08000f47   Thumb Code     4  stm32f2xx_it.o(.text)
    BusFault_Handler                         0x08000f4b   Thumb Code     4  stm32f2xx_it.o(.text)
    UsageFault_Handler                       0x08000f4f   Thumb Code     4  stm32f2xx_it.o(.text)
    SVC_Handler                              0x08000f53   Thumb Code     2  stm32f2xx_it.o(.text)
    DebugMon_Handler                         0x08000f55   Thumb Code     2  stm32f2xx_it.o(.text)
    PendSV_Handler                           0x08000f57   Thumb Code     2  stm32f2xx_it.o(.text)
    SysTick_Handler                          0x08000f59   Thumb Code     2  stm32f2xx_it.o(.text)
    RCC_DeInit                               0x08000f5d   Thumb Code    60  stm32f2xx_rcc.o(.text)
    RCC_HSEConfig                            0x08000f99   Thumb Code    14  stm32f2xx_rcc.o(.text)
    RCC_GetFlagStatus                        0x08000fa7   Thumb Code    60  stm32f2xx_rcc.o(.text)
    RCC_WaitForHSEStartUp                    0x08000fe3   Thumb Code    56  stm32f2xx_rcc.o(.text)
    RCC_AdjustHSICalibrationValue            0x0800101b   Thumb Code    20  stm32f2xx_rcc.o(.text)
    RCC_HSICmd                               0x0800102f   Thumb Code     6  stm32f2xx_rcc.o(.text)
    RCC_LSEConfig                            0x08001035   Thumb Code    46  stm32f2xx_rcc.o(.text)
    RCC_LSICmd                               0x08001063   Thumb Code     6  stm32f2xx_rcc.o(.text)
    RCC_PLLConfig                            0x08001069   Thumb Code    32  stm32f2xx_rcc.o(.text)
    RCC_PLLCmd                               0x08001089   Thumb Code     6  stm32f2xx_rcc.o(.text)
    RCC_PLLI2SConfig                         0x0800108f   Thumb Code    14  stm32f2xx_rcc.o(.text)
    RCC_PLLI2SCmd                            0x0800109d   Thumb Code     6  stm32f2xx_rcc.o(.text)
    RCC_ClockSecuritySystemCmd               0x080010a3   Thumb Code     6  stm32f2xx_rcc.o(.text)
    RCC_MCO1Config                           0x080010a9   Thumb Code    28  stm32f2xx_rcc.o(.text)
    RCC_MCO2Config                           0x080010c5   Thumb Code    28  stm32f2xx_rcc.o(.text)
    RCC_SYSCLKConfig                         0x080010e1   Thumb Code    20  stm32f2xx_rcc.o(.text)
    RCC_GetSYSCLKSource                      0x080010f5   Thumb Code    12  stm32f2xx_rcc.o(.text)
    RCC_HCLKConfig                           0x08001101   Thumb Code    20  stm32f2xx_rcc.o(.text)
    RCC_PCLK1Config                          0x08001115   Thumb Code    20  stm32f2xx_rcc.o(.text)
    RCC_PCLK2Config                          0x08001129   Thumb Code    22  stm32f2xx_rcc.o(.text)
    RCC_GetClocksFreq                        0x0800113f   Thumb Code   222  stm32f2xx_rcc.o(.text)
    RCC_RTCCLKConfig                         0x0800121d   Thumb Code    54  stm32f2xx_rcc.o(.text)
    RCC_RTCCLKCmd                            0x08001253   Thumb Code     8  stm32f2xx_rcc.o(.text)
    RCC_BackupResetCmd                       0x0800125b   Thumb Code     8  stm32f2xx_rcc.o(.text)
    RCC_I2SCLKConfig                         0x08001263   Thumb Code     6  stm32f2xx_rcc.o(.text)
    RCC_AHB1PeriphClockCmd                   0x08001269   Thumb Code    34  stm32f2xx_rcc.o(.text)
    RCC_AHB2PeriphClockCmd                   0x0800128b   Thumb Code    34  stm32f2xx_rcc.o(.text)
    RCC_AHB3PeriphClockCmd                   0x080012ad   Thumb Code    34  stm32f2xx_rcc.o(.text)
    RCC_APB1PeriphClockCmd                   0x080012cf   Thumb Code    34  stm32f2xx_rcc.o(.text)
    RCC_APB2PeriphClockCmd                   0x080012f1   Thumb Code    34  stm32f2xx_rcc.o(.text)
    RCC_AHB1PeriphResetCmd                   0x08001313   Thumb Code    34  stm32f2xx_rcc.o(.text)
    RCC_AHB2PeriphResetCmd                   0x08001335   Thumb Code    72  stm32f2xx_rcc.o(.text)
    RCC_AHB3PeriphResetCmd                   0x0800137d   Thumb Code    34  stm32f2xx_rcc.o(.text)
    RCC_APB1PeriphResetCmd                   0x0800139f   Thumb Code    34  stm32f2xx_rcc.o(.text)
    RCC_APB2PeriphResetCmd                   0x080013c1   Thumb Code    34  stm32f2xx_rcc.o(.text)
    RCC_AHB1PeriphClockLPModeCmd             0x080013e3   Thumb Code    34  stm32f2xx_rcc.o(.text)
    RCC_AHB2PeriphClockLPModeCmd             0x08001405   Thumb Code    34  stm32f2xx_rcc.o(.text)
    RCC_AHB3PeriphClockLPModeCmd             0x08001427   Thumb Code    34  stm32f2xx_rcc.o(.text)
    RCC_APB1PeriphClockLPModeCmd             0x08001449   Thumb Code    34  stm32f2xx_rcc.o(.text)
    RCC_APB2PeriphClockLPModeCmd             0x0800146b   Thumb Code    34  stm32f2xx_rcc.o(.text)
    RCC_ITConfig                             0x0800148d   Thumb Code    34  stm32f2xx_rcc.o(.text)
    RCC_ClearFlag                            0x080014af   Thumb Code    18  stm32f2xx_rcc.o(.text)
    RCC_GetITStatus                          0x080014c1   Thumb Code    22  stm32f2xx_rcc.o(.text)
    RCC_ClearITPendingBit                    0x080014d7   Thumb Code     8  stm32f2xx_rcc.o(.text)
    Reset_Handler                            0x080014e5   Thumb Code     4  cstartup.o(.text)
    ADC_IRQHandler                           0x080014fb   Thumb Code     0  cstartup.o(.text)
    CAN1_RX0_IRQHandler                      0x080014fb   Thumb Code     0  cstartup.o(.text)
    CAN1_RX1_IRQHandler                      0x080014fb   Thumb Code     0  cstartup.o(.text)
    CAN1_SCE_IRQHandler                      0x080014fb   Thumb Code     0  cstartup.o(.text)
    CAN1_TX_IRQHandler                       0x080014fb   Thumb Code     0  cstartup.o(.text)
    CAN2_RX0_IRQHandler                      0x080014fb   Thumb Code     0  cstartup.o(.text)
    CAN2_RX1_IRQHandler                      0x080014fb   Thumb Code     0  cstartup.o(.text)
    CAN2_SCE_IRQHandler                      0x080014fb   Thumb Code     0  cstartup.o(.text)
    CAN2_TX_IRQHandler                       0x080014fb   Thumb Code     0  cstartup.o(.text)
    CRYP_IRQHandler                          0x080014fb   Thumb Code     0  cstartup.o(.text)
    DCMI_IRQHandler                          0x080014fb   Thumb Code     0  cstartup.o(.text)
    DMA1_Stream0_IRQHandler                  0x080014fb   Thumb Code     0  cstartup.o(.text)
    DMA1_Stream1_IRQHandler                  0x080014fb   Thumb Code     0  cstartup.o(.text)
    DMA1_Stream2_IRQHandler                  0x080014fb   Thumb Code     0  cstartup.o(.text)
    DMA1_Stream3_IRQHandler                  0x080014fb   Thumb Code     0  cstartup.o(.text)
    DMA1_Stream4_IRQHandler                  0x080014fb   Thumb Code     0  cstartup.o(.text)
    DMA1_Stream5_IRQHandler                  0x080014fb   Thumb Code     0  cstartup.o(.text)
    DMA1_Stream6_IRQHandler                  0x080014fb   Thumb Code     0  cstartup.o(.text)
    DMA1_Stream7_IRQHandler                  0x080014fb   Thumb Code     0  cstartup.o(.text)
    DMA2_Stream0_IRQHandler                  0x080014fb   Thumb Code     0  cstartup.o(.text)
    DMA2_Stream1_IRQHandler                  0x080014fb   Thumb Code     0  cstartup.o(.text)
    DMA2_Stream2_IRQHandler                  0x080014fb   Thumb Code     0  cstartup.o(.text)
    DMA2_Stream3_IRQHandler                  0x080014fb   Thumb Code     0  cstartup.o(.text)
    DMA2_Stream4_IRQHandler                  0x080014fb   Thumb Code     0  cstartup.o(.text)
    DMA2_Stream5_IRQHandler                  0x080014fb   Thumb Code     0  cstartup.o(.text)
    DMA2_Stream6_IRQHandler                  0x080014fb   Thumb Code     0  cstartup.o(.text)
    DMA2_Stream7_IRQHandler                  0x080014fb   Thumb Code     0  cstartup.o(.text)
    ETH_IRQHandler                           0x080014fb   Thumb Code     0  cstartup.o(.text)
    ETH_WKUP_IRQHandler                      0x080014fb   Thumb Code     0  cstartup.o(.text)
    EXTI0_IRQHandler                         0x080014fb   Thumb Code     0  cstartup.o(.text)
    EXTI15_10_IRQHandler                     0x080014fb   Thumb Code     0  cstartup.o(.text)
    EXTI1_IRQHandler                         0x080014fb   Thumb Code     0  cstartup.o(.text)
    EXTI2_IRQHandler                         0x080014fb   Thumb Code     0  cstartup.o(.text)
    EXTI3_IRQHandler                         0x080014fb   Thumb Code     0  cstartup.o(.text)
    EXTI4_IRQHandler                         0x080014fb   Thumb Code     0  cstartup.o(.text)
    EXTI9_5_IRQHandler                       0x080014fb   Thumb Code     0  cstartup.o(.text)
    FLASH_IRQHandler                         0x080014fb   Thumb Code     0  cstartup.o(.text)
    FSMC_IRQHandler                          0x080014fb   Thumb Code     0  cstartup.o(.text)
    HASH_RNG_IRQHandler                      0x080014fb   Thumb Code     0  cstartup.o(.text)
    I2C1_ER_IRQHandler                       0x080014fb   Thumb Code     0  cstartup.o(.text)
    I2C1_EV_IRQHandler                       0x080014fb   Thumb Code     0  cstartup.o(.text)
    I2C2_ER_IRQHandler                       0x080014fb   Thumb Code     0  cstartup.o(.text)
    I2C2_EV_IRQHandler                       0x080014fb   Thumb Code     0  cstartup.o(.text)
    I2C3_ER_IRQHandler                       0x080014fb   Thumb Code     0  cstartup.o(.text)
    I2C3_EV_IRQHandler                       0x080014fb   Thumb Code     0  cstartup.o(.text)
    OTG_FS_IRQHandler                        0x080014fb   Thumb Code     0  cstartup.o(.text)
    OTG_FS_WKUP_IRQHandler                   0x080014fb   Thumb Code     0  cstartup.o(.text)
    OTG_HS_EP1_IN_IRQHandler                 0x080014fb   Thumb Code     0  cstartup.o(.text)
    OTG_HS_EP1_OUT_IRQHandler                0x080014fb   Thumb Code     0  cstartup.o(.text)
    OTG_HS_IRQHandler                        0x080014fb   Thumb Code     0  cstartup.o(.text)
    OTG_HS_WKUP_IRQHandler                   0x080014fb   Thumb Code     0  cstartup.o(.text)
    PVD_IRQHandler                           0x080014fb   Thumb Code     0  cstartup.o(.text)
    RCC_IRQHandler                           0x080014fb   Thumb Code     0  cstartup.o(.text)
    RTC_Alarm_IRQHandler                     0x080014fb   Thumb Code     0  cstartup.o(.text)
    RTC_WKUP_IRQHandler                      0x080014fb   Thumb Code     0  cstartup.o(.text)
    SDIO_IRQHandler                          0x080014fb   Thumb Code     0  cstartup.o(.text)
    SPI1_IRQHandler                          0x080014fb   Thumb Code     0  cstartup.o(.text)
    SPI2_IRQHandler                          0x080014fb   Thumb Code     0  cstartup.o(.text)
    SPI3_IRQHandler                          0x080014fb   Thumb Code     0  cstartup.o(.text)
    TAMP_STAMP_IRQHandler                    0x080014fb   Thumb Code     0  cstartup.o(.text)
    TIM1_BRK_TIM9_IRQHandler                 0x080014fb   Thumb Code     0  cstartup.o(.text)
    TIM1_CC_IRQHandler                       0x080014fb   Thumb Code     0  cstartup.o(.text)
    TIM1_TRG_COM_TIM11_IRQHandler            0x080014fb   Thumb Code     0  cstartup.o(.text)
    TIM1_UP_TIM10_IRQHandler                 0x080014fb   Thumb Code     0  cstartup.o(.text)
    TIM2_IRQHandler                          0x080014fb   Thumb Code     0  cstartup.o(.text)
    TIM3_IRQHandler                          0x080014fb   Thumb Code     0  cstartup.o(.text)
    TIM4_IRQHandler                          0x080014fb   Thumb Code     0  cstartup.o(.text)
    TIM5_IRQHandler                          0x080014fb   Thumb Code     0  cstartup.o(.text)
    TIM6_DAC_IRQHandler                      0x080014fb   Thumb Code     0  cstartup.o(.text)
    TIM7_IRQHandler                          0x080014fb   Thumb Code     0  cstartup.o(.text)
    TIM8_BRK_TIM12_IRQHandler                0x080014fb   Thumb Code     0  cstartup.o(.text)
    TIM8_CC_IRQHandler                       0x080014fb   Thumb Code     0  cstartup.o(.text)
    TIM8_TRG_COM_TIM14_IRQHandler            0x080014fb   Thumb Code     0  cstartup.o(.text)
    TIM8_UP_TIM13_IRQHandler                 0x080014fb   Thumb Code     0  cstartup.o(.text)
    UART4_IRQHandler                         0x080014fb   Thumb Code     0  cstartup.o(.text)
    UART5_IRQHandler                         0x080014fb   Thumb Code     0  cstartup.o(.text)
    USART2_IRQHandler                        0x080014fb   Thumb Code     0  cstartup.o(.text)
    USART3_IRQHandler                        0x080014fb   Thumb Code     0  cstartup.o(.text)
    USART6_IRQHandler                        0x080014fb   Thumb Code     0  cstartup.o(.text)
    WWDG_IRQHandler                          0x080014fb   Thumb Code     0  cstartup.o(.text)
    SystemInit                               0x080015c1   Thumb Code    74  system_stm32f2xx.o(.text)
    SystemCoreClockUpdate                    0x0800160b   Thumb Code   174  system_stm32f2xx.o(.text)
    USART_DeInit                             0x080016e1   Thumb Code   156  stm32f2xx_usart.o(.text)
    USART_Init                               0x0800177d   Thumb Code   204  stm32f2xx_usart.o(.text)
    USART_StructInit                         0x08001849   Thumb Code    24  stm32f2xx_usart.o(.text)
    USART_ClockInit                          0x08001861   Thumb Code    32  stm32f2xx_usart.o(.text)
    USART_ClockStructInit                    0x08001881   Thumb Code    12  stm32f2xx_usart.o(.text)
    USART_Cmd                                0x0800188d   Thumb Code    24  stm32f2xx_usart.o(.text)
    USART_SetPrescaler                       0x080018a5   Thumb Code    16  stm32f2xx_usart.o(.text)
    USART_OverSampling8Cmd                   0x080018b5   Thumb Code    22  stm32f2xx_usart.o(.text)
    USART_OneBitMethodCmd                    0x080018cb   Thumb Code    24  stm32f2xx_usart.o(.text)
    USART_SendData                           0x080018e3   Thumb Code     8  stm32f2xx_usart.o(.text)
    USART_ReceiveData                        0x080018eb   Thumb Code    10  stm32f2xx_usart.o(.text)
    USART_SetAddress                         0x080018f5   Thumb Code    18  stm32f2xx_usart.o(.text)
    USART_ReceiverWakeUpCmd                  0x08001907   Thumb Code    24  stm32f2xx_usart.o(.text)
    USART_WakeUpConfig                       0x0800191f   Thumb Code    18  stm32f2xx_usart.o(.text)
    USART_LINBreakDetectLengthConfig         0x08001931   Thumb Code    18  stm32f2xx_usart.o(.text)
    USART_LINCmd                             0x08001943   Thumb Code    24  stm32f2xx_usart.o(.text)
    USART_SendBreak                          0x0800195b   Thumb Code    10  stm32f2xx_usart.o(.text)
    USART_HalfDuplexCmd                      0x08001965   Thumb Code    24  stm32f2xx_usart.o(.text)
    USART_SetGuardTime                       0x0800197d   Thumb Code    16  stm32f2xx_usart.o(.text)
    USART_SmartCardCmd                       0x0800198d   Thumb Code    24  stm32f2xx_usart.o(.text)
    USART_SmartCardNACKCmd                   0x080019a5   Thumb Code    24  stm32f2xx_usart.o(.text)
    USART_IrDAConfig                         0x080019bd   Thumb Code    18  stm32f2xx_usart.o(.text)
    USART_IrDACmd                            0x080019cf   Thumb Code    24  stm32f2xx_usart.o(.text)
    USART_DMACmd                             0x080019e7   Thumb Code    18  stm32f2xx_usart.o(.text)
    USART_ITConfig                           0x080019f9   Thumb Code    74  stm32f2xx_usart.o(.text)
    USART_GetFlagStatus                      0x08001a43   Thumb Code    26  stm32f2xx_usart.o(.text)
    USART_ClearFlag                          0x08001a5d   Thumb Code    18  stm32f2xx_usart.o(.text)
    USART_GetITStatus                        0x08001a6f   Thumb Code   110  stm32f2xx_usart.o(.text)
    USART_ClearITPendingBit                  0x08001add   Thumb Code    30  stm32f2xx_usart.o(.text)
    vListInitialise                          0x08001afb   Thumb Code    26  list.o(.text)
    vListInitialiseItem                      0x08001b15   Thumb Code     6  list.o(.text)
    vListInsertEnd                           0x08001b1b   Thumb Code    24  list.o(.text)
    vListInsert                              0x08001b33   Thumb Code    52  list.o(.text)
    uxListRemove                             0x08001b67   Thumb Code    40  list.o(.text)
    xQueueGenericReset                       0x08001b91   Thumb Code   122  queue.o(.text)
    xQueueGenericCreate                      0x08001c31   Thumb Code    56  queue.o(.text)
    xQueueGenericSend                        0x08001d81   Thumb Code   276  queue.o(.text)
    xQueueCreateMutex                        0x08001eb1   Thumb Code    34  queue.o(.text)
    xQueueGenericSendFromISR                 0x08001ed3   Thumb Code   134  queue.o(.text)
    xQueueGiveFromISR                        0x08001f59   Thumb Code   124  queue.o(.text)
    xQueueGenericReceive                     0x08002019   Thumb Code   342  queue.o(.text)
    xQueueReceiveFromISR                     0x0800216f   Thumb Code   130  queue.o(.text)
    xQueuePeekFromISR                        0x080021f1   Thumb Code    74  queue.o(.text)
    uxQueueMessagesWaiting                   0x0800223b   Thumb Code    18  queue.o(.text)
    uxQueueSpacesAvailable                   0x0800224d   Thumb Code    24  queue.o(.text)
    uxQueueMessagesWaitingFromISR            0x08002265   Thumb Code     6  queue.o(.text)
    vQueueDelete                             0x0800226b   Thumb Code    14  queue.o(.text)
    xQueueIsQueueEmptyFromISR                0x08002279   Thumb Code    14  queue.o(.text)
    xQueueIsQueueFullFromISR                 0x08002287   Thumb Code    18  queue.o(.text)
    xTaskCreate                              0x080023ff   Thumb Code    92  tasks.o(.text)
    vTaskDelete                              0x08002497   Thumb Code   176  tasks.o(.text)
    xTaskIncrementTick                       0x08002547   Thumb Code   238  tasks.o(.text)
    xTaskResumeAll                           0x08002635   Thumb Code   282  tasks.o(.text)
    vTaskSuspendAll                          0x080027cb   Thumb Code    12  tasks.o(.text)
    vTaskDelayUntil                          0x080027d7   Thumb Code   106  tasks.o(.text)
    vTaskDelay                               0x08002841   Thumb Code    46  tasks.o(.text)
    uxTaskPriorityGet                        0x0800286f   Thumb Code    30  tasks.o(.text)
    uxTaskPriorityGetFromISR                 0x0800288d   Thumb Code    52  tasks.o(.text)
    vTaskPrioritySet                         0x080028c1   Thumb Code   226  tasks.o(.text)
    vTaskSwitchContext                       0x080029a3   Thumb Code    76  tasks.o(.text)
    vTaskSuspend                             0x080029ef   Thumb Code   160  tasks.o(.text)
    vTaskResume                              0x08002ac7   Thumb Code   172  tasks.o(.text)
    xTaskResumeFromISR                       0x08002b73   Thumb Code   130  tasks.o(.text)
    vTaskStartScheduler                      0x08002c6b   Thumb Code    74  tasks.o(.text)
    vTaskEndScheduler                        0x08002cb5   Thumb Code    32  tasks.o(.text)
    xTaskGetTickCount                        0x08002cd5   Thumb Code     6  tasks.o(.text)
    xTaskGetTickCountFromISR                 0x08002cdb   Thumb Code     8  tasks.o(.text)
    uxTaskGetNumberOfTasks                   0x08002ce3   Thumb Code     6  tasks.o(.text)
    pcTaskGetName                            0x08002ce9   Thumb Code    20  tasks.o(.text)
    vTaskPlaceOnEventList                    0x08002cfd   Thumb Code    28  tasks.o(.text)
    vTaskPlaceOnUnorderedEventList           0x08002d19   Thumb Code    40  tasks.o(.text)
    xTaskRemoveFromEventList                 0x08002d41   Thumb Code   104  tasks.o(.text)
    xTaskRemoveFromUnorderedEventList        0x08002da9   Thumb Code    94  tasks.o(.text)
    vTaskSetTimeOutState                     0x08002e07   Thumb Code    14  tasks.o(.text)
    xTaskCheckForTimeOut                     0x08002e15   Thumb Code    84  tasks.o(.text)
    vTaskMissedYield                         0x08002e69   Thumb Code     8  tasks.o(.text)
    xTaskGetCurrentTaskHandle                0x08002e71   Thumb Code     6  tasks.o(.text)
    vTaskPriorityInherit                     0x08002e77   Thumb Code   240  tasks.o(.text)
    xTaskPriorityDisinherit                  0x08002f67   Thumb Code   122  tasks.o(.text)
    uxTaskResetEventItemValue                0x08002fe1   Thumb Code    24  tasks.o(.text)
    pvTaskIncrementMutexHeldCount            0x08002ff9   Thumb Code    26  tasks.o(.text)
    ulTaskNotifyTake                         0x08003013   Thumb Code   108  tasks.o(.text)
    xTaskNotifyWait                          0x0800307f   Thumb Code   150  tasks.o(.text)
    xTaskGenericNotify                       0x08003115   Thumb Code   178  tasks.o(.text)
    xTaskGenericNotifyFromISR                0x080031c7   Thumb Code   228  tasks.o(.text)
    vTaskNotifyGiveFromISR                   0x080032ab   Thumb Code   182  tasks.o(.text)
    xTaskNotifyStateClear                    0x08003361   Thumb Code    48  tasks.o(.text)
    pxPortInitialiseStack                    0x080033ab   Thumb Code    26  port.o(.text)
    vPortSetupTimerInterrupt                 0x080033c5   Thumb Code    14  port.o(.text)
    xPortStartScheduler                      0x080033d3   Thumb Code    42  port.o(.text)
    vPortEndScheduler                        0x080033fd   Thumb Code     2  port.o(.text)
    vPortEnterCritical                       0x080033ff   Thumb Code    30  port.o(.text)
    vPortExitCritical                        0x0800341d   Thumb Code    28  port.o(.text)
    xPortSysTickHandler                      0x08003439   Thumb Code    48  port.o(.text)
    pvPortMalloc                             0x080034a3   Thumb Code   166  heap_2.o(.text)
    vPortFree                                0x08003549   Thumb Code    56  heap_2.o(.text)
    xPortGetFreeHeapSize                     0x08003581   Thumb Code     6  heap_2.o(.text)
    vPortInitialiseBlocks                    0x08003587   Thumb Code     2  heap_2.o(.text)
    __aeabi_memcpy                           0x0800359d   Thumb Code    36  memcpya.o(.text)
    __aeabi_memcpy4                          0x0800359d   Thumb Code     0  memcpya.o(.text)
    __aeabi_memcpy8                          0x0800359d   Thumb Code     0  memcpya.o(.text)
    __aeabi_memset                           0x080035c1   Thumb Code    14  memseta.o(.text)
    __aeabi_memset4                          0x080035c1   Thumb Code     0  memseta.o(.text)
    __aeabi_memset8                          0x080035c1   Thumb Code     0  memseta.o(.text)
    __aeabi_memclr                           0x080035cf   Thumb Code     4  memseta.o(.text)
    __aeabi_memclr4                          0x080035cf   Thumb Code     0  memseta.o(.text)
    __aeabi_memclr8                          0x080035cf   Thumb Code     0  memseta.o(.text)
    _memset$wrapper                          0x080035d3   Thumb Code    18  memseta.o(.text)
    strcat                                   0x080035e5   Thumb Code    24  strcat.o(.text)
    strlen                                   0x080035fd   Thumb Code    14  strlen.o(.text)
    strcmp                                   0x0800360b   Thumb Code    28  strcmp.o(.text)
    strcpy                                   0x08003627   Thumb Code    18  strcpy.o(.text)
    strncmp                                  0x08003639   Thumb Code    30  strncmp.o(.text)
    __aeabi_uidiv                            0x08003657   Thumb Code     0  uidiv.o(.text)
    __aeabi_uidivmod                         0x08003657   Thumb Code    44  uidiv.o(.text)
    __aeabi_uldivmod                         0x08003683   Thumb Code    98  uldiv.o(.text)
    __I$use$fp                               0x080036e5   Thumb Code     0  iusefp.o(.text)
    __aeabi_dadd                             0x080036e5   Thumb Code   322  dadd.o(.text)
    __aeabi_dsub                             0x08003827   Thumb Code     6  dadd.o(.text)
    __aeabi_drsub                            0x0800382d   Thumb Code     6  dadd.o(.text)
    __aeabi_dmul                             0x08003833   Thumb Code   228  dmul.o(.text)
    __aeabi_ddiv                             0x08003917   Thumb Code   222  ddiv.o(.text)
    __aeabi_d2ulz                            0x080039f5   Thumb Code    48  dfixul.o(.text)
    __aeabi_cdrcmple                         0x08003a25   Thumb Code    38  cdrcmple.o(.text)
    __scatterload                            0x08003a4d   Thumb Code    28  init.o(.text)
    __scatterload_rt2                        0x08003a4d   Thumb Code     0  init.o(.text)
    __aeabi_llsl                             0x08003a71   Thumb Code    30  llshl.o(.text)
    _ll_shift_l                              0x08003a71   Thumb Code     0  llshl.o(.text)
    __aeabi_llsr                             0x08003a8f   Thumb Code    32  llushr.o(.text)
    _ll_ushift_r                             0x08003a8f   Thumb Code     0  llushr.o(.text)
    __aeabi_lasr                             0x08003aaf   Thumb Code    36  llsshr.o(.text)
    _ll_sshift_r                             0x08003aaf   Thumb Code     0  llsshr.o(.text)
    _double_round                            0x08003ad3   Thumb Code    26  depilogue.o(.text)
    _double_epilogue                         0x08003aed   Thumb Code   156  depilogue.o(.text)
    __0sprintf$2                             0x08003b89   Thumb Code    34  printf2.o(i.__0sprintf$2)
    __1sprintf$2                             0x08003b89   Thumb Code     0  printf2.o(i.__0sprintf$2)
    __2sprintf                               0x08003b89   Thumb Code     0  printf2.o(i.__0sprintf$2)
    __0vsprintf                              0x08003bb1   Thumb Code    30  printfa.o(i.__0vsprintf)
    __1vsprintf                              0x08003bb1   Thumb Code     0  printfa.o(i.__0vsprintf)
    __2vsprintf                              0x08003bb1   Thumb Code     0  printfa.o(i.__0vsprintf)
    __c89vsprintf                            0x08003bb1   Thumb Code     0  printfa.o(i.__0vsprintf)
    vsprintf                                 0x08003bb1   Thumb Code     0  printfa.o(i.__0vsprintf)
    __scatterload_copy                       0x08003bd5   Thumb Code    14  handlers.o(i.__scatterload_copy)
    __scatterload_null                       0x08003be3   Thumb Code     2  handlers.o(i.__scatterload_null)
    __scatterload_zeroinit                   0x08003be5   Thumb Code    14  handlers.o(i.__scatterload_zeroinit)
    Region$$Table$$Base                      0x08004788   Number         0  anon$$obj.o(Region$$Table)
    Region$$Table$$Limit                     0x080047a8   Number         0  anon$$obj.o(Region$$Table)
    SystemCoreClock                          0x2000005c   Data           4  system_stm32f2xx.o(.data)
    AHBPrescTable                            0x20000060   Data          16  system_stm32f2xx.o(.data)
    pxCurrentTCB                             0x20000070   Data           4  tasks.o(.data)
    __initial_sp                             0x20004c90   Data           0  cstartup.o(STACK)



==============================================================================

Memory Map of the image

  Image Entry point : 0x08000185

  Load Region LR_IROM1 (Base: 0x08000000, Size: 0x00004870, Max: 0x00100000, ABSOLUTE)

    Execution Region ER_IROM1 (Base: 0x08000000, Size: 0x000047a8, Max: 0x00100000, ABSOLUTE)

    Base Addr    Size         Type   Attr      Idx    E Section Name        Object

    0x08000000   0x00000184   Data   RO          409    RESET               cstartup.o
    0x08000184   0x00000000   Code   RO          662  * .ARM.Collect$$$$00000000  mc_w.l(entry.o)
    0x08000184   0x00000004   Code   RO          942    .ARM.Collect$$$$00000001  mc_w.l(entry2.o)
    0x08000188   0x00000004   Code   RO          945    .ARM.Collect$$$$00000004  mc_w.l(entry5.o)
    0x0800018c   0x00000000   Code   RO          947    .ARM.Collect$$$$00000008  mc_w.l(entry7b.o)
    0x0800018c   0x00000000   Code   RO          949    .ARM.Collect$$$$0000000A  mc_w.l(entry8b.o)
    0x0800018c   0x00000008   Code   RO          950    .ARM.Collect$$$$0000000B  mc_w.l(entry9a.o)
    0x08000194   0x00000000   Code   RO          952    .ARM.Collect$$$$0000000D  mc_w.l(entry10a.o)
    0x08000194   0x00000000   Code   RO          954    .ARM.Collect$$$$0000000F  mc_w.l(entry11a.o)
    0x08000194   0x00000004   Code   RO          943    .ARM.Collect$$$$00002712  mc_w.l(entry2.o)
    0x08000198   0x00000096   Code   RO          600    .emb_text           port.o
    0x0800022e   0x00000002   PAD
    0x08000230   0x0000009c   Code   RO            3    .text               main.o
    0x080002cc   0x000002c0   Code   RO          176    .text               serial.o
    0x0800058c   0x00000150   Code   RO          220    .text               app_led.o
    0x080006dc   0x000000f4   Code   RO          244    .text               app_cli.o
    0x080007d0   0x000003fc   Code   RO          279    .text               mid_cli.o
    0x08000bcc   0x00000038   Code   RO          308    .text               hal_cli.o
    0x08000c04   0x000000e0   Code   RO          324    .text               misc.o
    0x08000ce4   0x0000025c   Code   RO          344    .text               stm32f2xx_gpio.o
    0x08000f40   0x0000001a   Code   RO          364    .text               stm32f2xx_it.o
    0x08000f5a   0x00000002   PAD
    0x08000f5c   0x00000588   Code   RO          387    .text               stm32f2xx_rcc.o
    0x080014e4   0x0000001c   Code   RO          410    .text               cstartup.o
    0x08001500   0x000001e0   Code   RO          416    .text               system_stm32f2xx.o
    0x080016e0   0x0000041a   Code   RO          442    .text               stm32f2xx_usart.o
    0x08001afa   0x00000094   Code   RO          539    .text               list.o
    0x08001b8e   0x00000002   PAD
    0x08001b90   0x0000070c   Code   RO          551    .text               queue.o
    0x0800229c   0x000010f8   Code   RO          563    .text               tasks.o
    0x08003394   0x000000e4   Code   RO          601    .text               port.o
    0x08003478   0x00000124   Code   RO          630    .text               heap_2.o
    0x0800359c   0x00000024   Code   RO          665    .text               mc_w.l(memcpya.o)
    0x080035c0   0x00000024   Code   RO          667    .text               mc_w.l(memseta.o)
    0x080035e4   0x00000018   Code   RO          669    .text               mc_w.l(strcat.o)
    0x080035fc   0x0000000e   Code   RO          671    .text               mc_w.l(strlen.o)
    0x0800360a   0x0000001c   Code   RO          673    .text               mc_w.l(strcmp.o)
    0x08003626   0x00000012   Code   RO          675    .text               mc_w.l(strcpy.o)
    0x08003638   0x0000001e   Code   RO          677    .text               mc_w.l(strncmp.o)
    0x08003656   0x0000002c   Code   RO          959    .text               mc_w.l(uidiv.o)
    0x08003682   0x00000062   Code   RO          961    .text               mc_w.l(uldiv.o)
    0x080036e4   0x00000000   Code   RO          963    .text               mc_w.l(iusefp.o)
    0x080036e4   0x0000014e   Code   RO          964    .text               mf_w.l(dadd.o)
    0x08003832   0x000000e4   Code   RO          966    .text               mf_w.l(dmul.o)
    0x08003916   0x000000de   Code   RO          968    .text               mf_w.l(ddiv.o)
    0x080039f4   0x00000030   Code   RO          970    .text               mf_w.l(dfixul.o)
    0x08003a24   0x00000028   Code   RO          972    .text               mf_w.l(cdrcmple.o)
    0x08003a4c   0x00000024   Code   RO          974    .text               mc_w.l(init.o)
    0x08003a70   0x0000001e   Code   RO          977    .text               mc_w.l(llshl.o)
    0x08003a8e   0x00000020   Code   RO          979    .text               mc_w.l(llushr.o)
    0x08003aae   0x00000024   Code   RO          981    .text               mc_w.l(llsshr.o)
    0x08003ad2   0x000000b6   Code   RO          984    .text               mf_w.l(depilogue.o)
    0x08003b88   0x00000028   Code   RO          750    i.__0sprintf$2      mc_w.l(printf2.o)
    0x08003bb0   0x00000024   Code   RO          920    i.__0vsprintf       mc_w.l(printfa.o)
    0x08003bd4   0x0000000e   Code   RO          988    i.__scatterload_copy  mc_w.l(handlers.o)
    0x08003be2   0x00000002   Code   RO          989    i.__scatterload_null  mc_w.l(handlers.o)
    0x08003be4   0x0000000e   Code   RO          990    i.__scatterload_zeroinit  mc_w.l(handlers.o)
    0x08003bf2   0x00000002   PAD
    0x08003bf4   0x00000164   Code   RO          921    i._fp_digits        mc_w.l(printfa.o)
    0x08003d58   0x000000d6   Code   RO          755    i._printf_core      mc_w.l(printf2.o)
    0x08003e2e   0x00000002   PAD
    0x08003e30   0x000006dc   Code   RO          922    i._printf_core      mc_w.l(printfa.o)
    0x0800450c   0x00000024   Code   RO          923    i._printf_post_padding  mc_w.l(printfa.o)
    0x08004530   0x0000002e   Code   RO          924    i._printf_pre_padding  mc_w.l(printfa.o)
    0x0800455e   0x0000000a   Code   RO          757    i._sputc            mc_w.l(printf2.o)
    0x08004568   0x0000000a   Code   RO          926    i._sputc            mc_w.l(printfa.o)
    0x08004572   0x00000002   PAD
    0x08004574   0x00000020   Data   RO          245    .constdata          app_cli.o
    0x08004594   0x00000066   Data   RO          281    .constdata          mid_cli.o
    0x080045fa   0x00000002   PAD
    0x080045fc   0x00000137   Data   RO          246    .conststring        app_cli.o
    0x08004733   0x00000001   PAD
    0x08004734   0x00000051   Data   RO          282    .conststring        mid_cli.o
    0x08004785   0x00000003   PAD
    0x08004788   0x00000020   Data   RO          986    Region$$Table       anon$$obj.o


    Execution Region RW_IRAM1 (Base: 0x20000000, Size: 0x00004c90, Max: 0x00020000, ABSOLUTE)

    Base Addr    Size         Type   Attr      Idx    E Section Name        Object

    0x20000000   0x0000000c   Data   RW          177    .data               serial.o
    0x2000000c   0x0000001c   Data   RW          247    .data               app_cli.o
    0x20000028   0x0000001c   Data   RW          283    .data               mid_cli.o
    0x20000044   0x00000008   Data   RW          309    .data               hal_cli.o
    0x2000004c   0x00000010   Data   RW          388    .data               stm32f2xx_rcc.o
    0x2000005c   0x00000014   Data   RW          417    .data               system_stm32f2xx.o
    0x20000070   0x0000003c   Data   RW          565    .data               tasks.o
    0x200000ac   0x00000004   Data   RW          602    .data               port.o
    0x200000b0   0x00000018   Data   RW          632    .data               heap_2.o
    0x200000c8   0x00000300   Zero   RW          280    .bss                mid_cli.o
    0x200003c8   0x000000c8   Zero   RW          564    .bss                tasks.o
    0x20000490   0x00004400   Zero   RW          631    .bss                heap_2.o
    0x20004890   0x00000400   Zero   RW          407    STACK               cstartup.o


==============================================================================

Image component sizes


      Code (inc. data)   RO Data    RW Data    ZI Data      Debug   Object Name

       244         68        343         28          0       3363   app_cli.o
       336         10          0          0          0       1251   app_led.o
        28          4        388          0       1024        788   cstartup.o
         0          0          0          0          0       8108   event_groups.o
        56         10          0          8          0       1243   hal_cli.o
       292         20          0         24      17408       3132   heap_2.o
       148          0          0          0          0       1814   list.o
       156         48          0          0          0     249455   main.o
      1020        104        183         28        768       5664   mid_cli.o
       224         20          0          0          0       1757   misc.o
       378         28          0          4          0       6996   port.o
      1804          8          0          0          0      10572   queue.o
       704         38          0         12          0       7548   serial.o
       604         36          0          0          0       3857   stm32f2xx_gpio.o
        26          0          0          0          0       1218   stm32f2xx_it.o
      1416         48          0         16          0      10803   stm32f2xx_rcc.o
      1050         26          0          0          0       7564   stm32f2xx_usart.o
       480         40          0         20          0       1739   system_stm32f2xx.o
      4344        262          0         60        200      27108   tasks.o

    ----------------------------------------------------------------------
     13316        770        952        200      19400     353980   Object Totals
         0          0         32          0          0          0   (incl. Generated)
         6          0          6          0          0          0   (incl. Padding)

    ----------------------------------------------------------------------

      Code (inc. data)   RO Data    RW Data    ZI Data      Debug   Library Member Name

         0          0          0          0          0          0   entry.o
         0          0          0          0          0          0   entry10a.o
         0          0          0          0          0          0   entry11a.o
         8          4          0          0          0          0   entry2.o
         4          0          0          0          0          0   entry5.o
         0          0          0          0          0          0   entry7b.o
         0          0          0          0          0          0   entry8b.o
         8          4          0          0          0          0   entry9a.o
        30          0          0          0          0          0   handlers.o
        36          8          0          0          0         68   init.o
         0          0          0          0          0          0   iusefp.o
        30          0          0          0          0         68   llshl.o
        36          0          0          0          0         68   llsshr.o
        32          0          0          0          0         68   llushr.o
        36          0          0          0          0         68   memcpya.o
        36          0          0          0          0        108   memseta.o
       264          6          0          0          0        244   printf2.o
      2240         86          0          0          0        508   printfa.o
        24          0          0          0          0         68   strcat.o
        28          0          0          0          0         76   strcmp.o
        18          0          0          0          0         68   strcpy.o
        14          0          0          0          0         68   strlen.o
        30          0          0          0          0         80   strncmp.o
        44          0          0          0          0         80   uidiv.o
        98          0          0          0          0         92   uldiv.o
        40          2          0          0          0         68   cdrcmple.o
       334          0          0          0          0        148   dadd.o
       222          0          0          0          0        100   ddiv.o
       182          0          0          0          0        176   depilogue.o
        48          0          0          0          0         68   dfixul.o
       228          0          0          0          0         96   dmul.o

    ----------------------------------------------------------------------
      4076        110          0          0          0       2388   Library Totals
         6          0          0          0          0          0   (incl. Padding)

    ----------------------------------------------------------------------

      Code (inc. data)   RO Data    RW Data    ZI Data      Debug   Library Name

      3016        108          0          0          0       1732   mc_w.l
      1054          2          0          0          0        656   mf_w.l

    ----------------------------------------------------------------------
      4076        110          0          0          0       2388   Library Totals

    ----------------------------------------------------------------------

==============================================================================


      Code (inc. data)   RO Data    RW Data    ZI Data      Debug   

     17392        880        952        200      19400     353400   Grand Totals
     17392        880        952        200      19400     353400   ELF Image Totals
     17392        880        952        200          0          0   ROM Totals

==============================================================================

    Total RO  Size (Code + RO Data)                18344 (  17.91kB)
    Total RW  Size (RW Data + ZI Data)             19600 (  19.14kB)
    Total ROM Size (Code + RO Data + RW Data)      18544 (  18.11kB)

==============================================================================

