Component: ARM Compiler 5.06 update 6 (build 750) Tool: armlink [4d35ed]

==============================================================================

Section Cross References

    main.o(.text) refers to system_stm32f2xx.o(.text) for SystemInit
    main.o(.text) refers to app_led.o(.text) for BSP_LED_Init
    main.o(.text) refers to serial.o(.text) for serial_task_init
    main.o(.text) refers to app_cli.o(.text) for app_cli_init
    main.o(.text) refers to tasks.o(.text) for xTaskCreate
    serial.o(.text) refers to queue.o(.text) for xQueueReceive
    serial.o(.text) refers to stm32f2xx_usart.o(.text) for USART_SendData
    serial.o(.text) refers to tasks.o(.text) for vTaskDelay
    serial.o(.text) refers to stm32f2xx_rcc.o(.text) for RCC_APB2PeriphClockCmd
    serial.o(.text) refers to stm32f2xx_gpio.o(.text) for GPIO_PinAFConfig
    serial.o(.text) refers to misc.o(.text) for NVIC_Init
    serial.o(.text) refers to printfa.o(i.__0vsprintf) for __c89vsprintf
    serial.o(.text) refers to strlen.o(.text) for strlen
    serial.o(.text) refers to serial.o(.data) for ser_rx_queue
    app_led.o(.text) refers to stm32f2xx_rcc.o(.text) for RCC_AHB1PeriphClockCmd
    app_led.o(.text) refers to stm32f2xx_gpio.o(.text) for GPIO_Init
    app_led.o(.text) refers to tasks.o(.text) for xTaskGetTickCount
    app_cli.o(.text) refers to printf2.o(i.__0sprintf$2) for __2sprintf
    app_cli.o(.text) refers to strcat.o(.text) for strcat
    app_cli.o(.text) refers to strcpy.o(.text) for strcpy
    app_cli.o(.text) refers to hal_cli.o(.text) for hal_cli_data_switch_register
    app_cli.o(.text) refers to mid_cli.o(.text) for mid_cli_module_register
    app_cli.o(.text) refers to app_cli.o(.data) for dev_info
    app_cli.o(.text) refers to serial.o(.text) for serial_rx
    app_cli.o(.text) refers to app_cli.o(.constdata) for hi
    app_cli.o(.constdata) refers to app_cli.o(.conststring) for .conststring
    app_cli.o(.constdata) refers to app_cli.o(.text) for hi_handle
    app_cli.o(.data) refers to app_cli.o(.conststring) for .conststring
    mid_cli.o(.text) refers to heap_2.o(.text) for pvPortMalloc
    mid_cli.o(.text) refers to port.o(.text) for vPortEnterCritical
    mid_cli.o(.text) refers to strlen.o(.text) for strlen
    mid_cli.o(.text) refers to strncmp.o(.text) for strncmp
    mid_cli.o(.text) refers to strcpy.o(.text) for strcpy
    mid_cli.o(.text) refers to memseta.o(.text) for __aeabi_memclr
    mid_cli.o(.text) refers to printf2.o(i.__0sprintf$2) for __2sprintf
    mid_cli.o(.text) refers to serial.o(.text) for serial_rx
    mid_cli.o(.text) refers to queue.o(.text) for xQueueSemaphoreTake
    mid_cli.o(.text) refers to hal_cli.o(.text) for hal_cli_data_tx
    mid_cli.o(.text) refers to strcmp.o(.text) for strcmp
    mid_cli.o(.text) refers to tasks.o(.text) for xTaskCreate
    mid_cli.o(.text) refers to strcat.o(.text) for strcat
    mid_cli.o(.text) refers to mid_cli.o(.data) for pxNewListItem
    mid_cli.o(.text) refers to mid_cli.o(.constdata) for log1
    mid_cli.o(.text) refers to mid_cli.o(.bss) for out_buffer
    mid_cli.o(.constdata) refers to mid_cli.o(.conststring) for .conststring
    mid_cli.o(.constdata) refers to mid_cli.o(.text) for help_handle
    mid_cli.o(.data) refers to mid_cli.o(.constdata) for help
    hal_cli.o(.text) refers to hal_cli.o(.data) for tx_data
    stm32f2xx_gpio.o(.text) refers to stm32f2xx_rcc.o(.text) for RCC_AHB1PeriphResetCmd
    stm32f2xx_rcc.o(.text) refers to stm32f2xx_rcc.o(.data) for APBAHBPrescTable
    cstartup.o(RESET) refers to cstartup.o(STACK) for __initial_sp
    cstartup.o(RESET) refers to cstartup.o(.text) for Reset_Handler
    cstartup.o(RESET) refers to stm32f2xx_it.o(.text) for NMI_Handler
    cstartup.o(RESET) refers to port.o(.emb_text) for vPortSVCHandler
    cstartup.o(RESET) refers to port.o(.text) for xPortSysTickHandler
    cstartup.o(RESET) refers to serial.o(.text) for USART1_IRQHandler
    cstartup.o(.text) refers to entry.o(.ARM.Collect$$$$00000000) for __main
    system_stm32f2xx.o(.text) refers to system_stm32f2xx.o(.data) for SystemCoreClock
    stm32f2xx_usart.o(.text) refers to stm32f2xx_rcc.o(.text) for RCC_APB2PeriphResetCmd
    stm32f2xx_i2c.o(.text) refers to stm32f2xx_rcc.o(.text) for RCC_APB1PeriphResetCmd
    event_groups.o(.text) refers to heap_2.o(.text) for pvPortMalloc
    event_groups.o(.text) refers to list.o(.text) for vListInitialise
    event_groups.o(.text) refers to tasks.o(.text) for vTaskSuspendAll
    event_groups.o(.text) refers to port.o(.text) for vPortEnterCritical
    queue.o(.text) refers to port.o(.text) for vPortEnterCritical
    queue.o(.text) refers to tasks.o(.text) for xTaskRemoveFromEventList
    queue.o(.text) refers to list.o(.text) for vListInitialise
    queue.o(.text) refers to heap_2.o(.text) for pvPortMalloc
    queue.o(.text) refers to memcpya.o(.text) for __aeabi_memcpy
    tasks.o(.text) refers to list.o(.text) for vListInitialise
[...]
    printf2.o(i.__0sprintf$2) refers to printf2.o(i._printf_core) for _printf_core
    printf2.o(i.__0sprintf$2) refers to printf2.o(i._sputc) for _sputc
    printf2.o(i.__0vfprintf$2) refers to printf2.o(i._printf_core) for _printf_core
    printf2.o(i.__0vfprintf$2) refers to fputc.o(i.fputc) for fputc
    printf2.o(i.__0vprintf$2) refers to printf2.o(i._printf_core) for _printf_core
    printf2.o(i.__0vprintf$2) refers to fputc.o(i.fputc) for fputc
    printf2.o(i.__0vprintf$2) refers to stdout.o(.data) for __stdout
    printf2.o(i.__0vsnprintf$2) refers to printf2.o(i._printf_core) for _printf_core
    printf2.o(i.__0vsnprintf$2) refers to printf2.o(i._snputc) for _snputc
    printf2.o(i.__0vsprintf$2) refers to printf2.o(i._printf_core) for _printf_core
    printf2.o(i.__0vsprintf$2) refers to printf2.o(i._sputc) for _sputc
    printf3.o(i.__0fprintf$3) refers to printf3.o(i._printf_core) for _printf_core
    printf3.o(i.__0fprintf$3) refers to fputc.o(i.fputc) for fputc
    printf3.o(i.__0printf$3) refers to printf3.o(i._printf_core) for _printf_core
    printf3.o(i.__0printf$3) refers to fputc.o(i.fputc) for fputc
    printf3.o(i.__0printf$3) refers to stdout.o(.data) for __stdout
    printf3.o(i.__0snprintf$3) refers to printf3.o(i._printf_core) for _printf_core
    printf3.o(i.__0snprintf$3) refers to printf3.o(i._snputc) for _snputc
    printf3.o(i.__0sprintf$3) refers to printf3.o(i._printf_core) for _printf_core
    printf3.o(i.__0sprintf$3) refers to printf3.o(i._sputc) for _sputc
    printf3.o(i.__0vfprintf$3) refers to printf3.o(i._printf_core) for _printf_core
    printf3.o(i.__0vfprintf$3) refers to fputc.o(i.fputc) for fputc
    printf3.o(i.__0vprintf$3) refers to printf3.o(i._printf_core) for _printf_core
    printf3.o(i.__0vprintf$3) refers to fputc.o(i.fputc) for fputc
    printf3.o(i.__0vprintf$3) refers to stdout.o(.data) for __stdout
    printf3.o(i.__0vsnprintf$3) refers to printf3.o(i._printf_core) for _printf_core
    printf3.o(i.__0vsnprintf$3) refers to printf3.o(i._snputc) for _snputc
    printf3.o(i.__0vsprintf$3) refers to printf3.o(i._printf_core) for _printf_core
    printf3.o(i.__0vsprintf$3) refers to printf3.o(i._sputc) for _sputc
    printf3.o(i._printf_core) refers to uidiv.o(.text) for __aeabi_uidivmod
    printf4.o(i.__0fprintf$4) refers to printf4.o(i._printf_core) for _printf_core
    printf4.o(i.__0fprintf$4) refers to fputc.o(i.fputc) for fputc
    printf4.o(i.__0printf$4) refers to printf4.o(i._printf_core) for _printf_core
    printf4.o(i.__0printf$4) refers to fputc.o(i.fputc) for fputc
    printf4.o(i.__0printf$4) refers to stdout.o(.data) for __stdout
    printf4.o(i.__0snprintf$4) refers to printf4.o(i._printf_core) for _printf_core
    printf4.o(i.__0snprintf$4) refers to printf4.o(i._snputc) for _snputc
    printf4.o(i.__0sprintf$4) refers to printf4.o(i._printf_core) for _printf_core
    printf4.o(i.__0sprintf$4) refers to printf4.o(i._sputc) for _sputc
    printf4.o(i.__0vfprintf$4) refers to printf4.o(i._printf_core) for _printf_core
    printf4.o(i.__0vfprintf$4) refers to fputc.o(i.fputc) for fputc
    printf4.o(i.__0vprintf$4) refers to printf4.o(i._printf_core) for _printf_core
    printf4.o(i.__0vprintf$4) refers to fputc.o(i.fputc) for fputc
    printf4.o(i.__0vprintf$4) refers to stdout.o(.data) for __stdout
    printf4.o(i.__0vsnprintf$4) refers to printf4.o(i._printf_core) for _printf_core
    printf4.o(i.__0vsnprintf$4) refers to printf4.o(i._snputc) for _snputc
    printf4.o(i.__0vsprintf$4) refers to printf4.o(i._printf_core) for _printf_core
    printf4.o(i.__0vsprintf$4) refers to printf4.o(i._sputc) for _sputc
    printf4.o(i._printf_core) refers to uldiv.o(.text) for __aeabi_uldivmod
    printf5.o(i.__0fprintf$5) refers to printf5.o(i._printf_core) for _printf_core
    printf5.o(i.__0fprintf$5) refers to fputc.o(i.fputc) for fputc
    printf5.o(i.__0printf$5) refers to printf5.o(i._printf_core) for _printf_core
    printf5.o(i.__0printf$5) refers to fputc.o(i.fputc) for fputc
    printf5.o(i.__0printf$5) refers to stdout.o(.data) for __stdout
    printf5.o(i.__0snprintf$5) refers to printf5.o(i._printf_core) for _printf_core
    printf5.o(i.__0snprintf$5) refers to printf5.o(i._snputc) for _snputc
    printf5.o(i.__0sprintf$5) refers to printf5.o(i._printf_core) for _printf_core
    printf5.o(i.__0sprintf$5) refers to printf5.o(i._sputc) for _sputc
    printf5.o(i.__0vfprintf$5) refers to printf5.o(i._printf_core) for _printf_core
    printf5.o(i.__0vfprintf$5) refers to fputc.o(i.fputc) for fputc
    printf5.o(i.__0vprintf$5) refers to printf5.o(i._printf_core) for _printf_core
    printf5.o(i.__0vprintf$5) refers to fputc.o(i.fputc) for fputc
    printf5.o(i.__0vprintf$5) refers to stdout.o(.data) for __stdout
    printf5.o(i.__0vsnprintf$5) refers to printf5.o(i._printf_core) for _printf_core
    printf5.o(i.__0vsnprintf$5) refers to printf5.o(i._snputc) for _snputc
    printf5.o(i.__0vsprintf$5) refers to printf5.o(i._printf_core) for _printf_core
    printf5.o(i.__0vsprintf$5) refers to printf5.o(i._sputc) for _sputc
    printf5.o(i._printf_core) refers to uldiv.o(.text) for __aeabi_uldivmod
    printf6.o(i.__0fprintf$6) refers to printf6.o(i._printf_core) for _printf_core
    printf6.o(i.__0fprintf$6) refers to fputc.o(i.fputc) for fputc
    printf6.o(i.__0printf$6) refers to printf6.o(i._printf_core) for _printf_core
    printf6.o(i.__0printf$6) refers to fputc.o(i.fputc) for fputc
    printf6.o(i.__0printf$6) refers to stdout.o(.data) for __stdout
    printf6.o(i.__0snprintf$6) refers to printf6.o(i._printf_core) for _printf_core
    printf6.o(i.__0snprintf$6) refers to printf6.o(i._snputc) for _snputc
    printf6.o(i.__0sprintf$6) refers to printf6.o(i._printf_core) for _printf_core
    printf6.o(i.__0sprintf$6) refers to printf6.o(i._sputc) for _sputc
    printf6.o(i.__0vfprintf$6) refers to printf6.o(i._printf_core) for _printf_core
    printf6.o(i.__0vfprintf$6) refers to fputc.o(i.fputc) for fputc
    printf6.o(i.__0vprintf$6) refers to printf6.o(i._printf_core) for _printf_core
    printf6.o(i.__0vprintf$6) refers to fputc.o(i.fputc) for fputc
    printf6.o(i.__0vprintf$6) refers to stdout.o(.data) for __stdout
    printf6.o(i.__0vsnprintf$6) refers to printf6.o(i._printf_core) for _printf_core
    printf6.o(i.__0vsnprintf$6) refers to printf6.o(i._snputc) for _snputc
    printf6.o(i.__0vsprintf$6) refers to printf6.o(i._printf_core) for _printf_core
    printf6.o(i.__0vsprintf$6) refers to printf6.o(i._sputc) for _sputc
    printf6.o(i._printf_core) refers to printf6.o(i._printf_pre_padding) for _printf_pre_padding
    printf6.o(i._printf_core) refers to uidiv.o(.text) for __aeabi_uidivmod
    printf6.o(i._printf_core) refers to printf6.o(i._printf_post_padding) for _printf_post_padding
    printf7.o(i.__0fprintf$7) refers to printf7.o(i._printf_core) for _printf_core
    printf7.o(i.__0fprintf$7) refers to fputc.o(i.fputc) for fputc
    printf7.o(i.__0printf$7) refers to printf7.o(i._printf_core) for _printf_core
    printf7.o(i.__0printf$7) refers to fputc.o(i.fputc) for fputc
    printf7.o(i.__0printf$7) refers to stdout.o(.data) for __stdout
    printf7.o(i.__0snprintf$7) refers to printf7.o(i._printf_core) for _printf_core
    printf7.o(i.__0snprintf$7) refers to printf7.o(i._snputc) for _snputc
    printf7.o(i.__0sprintf$7) refers to printf7.o(i._printf_core) for _printf_core
    printf7.o(i.__0sprintf$7) refers to printf7.o(i._sputc) for _sputc
    printf7.o(i.__0vfprintf$7) refers to printf7.o(i._printf_core) for _printf_core
    printf7.o(i.__0vfprintf$7) refers to fputc.o(i.fputc) for fputc
    printf7.o(i.__0vprintf$7) refers to printf7.o(i._printf_core) for _printf_core
    printf7.o(i.__0vprintf$7) refers to fputc.o(i.fputc) for fputc
    printf7.o(i.__0vprintf$7) refers to stdout.o(.data) for __stdout
    printf7.o(i.__0vsnprintf$7) refers to printf7.o(i._printf_core) for _printf_core
    printf7.o(i.__0vsnprintf$7) refers to printf7.o(i._snputc) for _snputc
    printf7.o(i.__0vsprintf$7) refers to printf7.o(i._printf_core) for _printf_core
    printf7.o(i.__0vsprintf$7) refers to printf7.o(i._sputc) for _sputc
    printf7.o(i._printf_core) refers to printf7.o(i._printf_pre_padding) for _printf_pre_padding
    printf7.o(i._printf_core) refers to uldiv.o(.text) for __aeabi_uldivmod
    printf7.o(i._printf_core) refers to printf7.o(i._printf_post_padding) for _printf_post_padding
    printf8.o(i.__0fprintf$8) refers to printf8.o(i._printf_core) for _printf_core
    printf8.o(i.__0fprintf$8) refers to fputc.o(i.fputc) for fputc
    printf8.o(i.__0printf$8) refers to printf8.o(i._printf_core) for _printf_core
    printf8.o(i.__0printf$8) refers to fputc.o(i.fputc) for fputc
    printf8.o(i.__0printf$8) refers to stdout.o(.data) for __stdout
    printf8.o(i.__0snprintf$8) refers to printf8.o(i._printf_core) for _printf_core
    printf8.o(i.__0snprintf$8) refers to printf8.o(i._snputc) for _snputc
    printf8.o(i.__0sprintf$8) refers to printf8.o(i._printf_core) for _printf_core
    printf8.o(i.__0sprintf$8) refers to printf8.o(i._sputc) for _sputc
    printf8.o(i.__0vfprintf$8) refers to printf8.o(i._printf_core) for _printf_core
    printf8.o(i.__0vfprintf$8) refers to fputc.o(i.fputc) for fputc
    printf8.o(i.__0vprintf$8) refers to printf8.o(i._printf_core) for _printf_core
    printf8.o(i.__0vprintf$8) refers to fputc.o(i.fputc) for fputc
    printf8.o(i.__0vprintf$8) refers to stdout.o(.data) for __stdout
    printf8.o(i.__0vsnprintf$8) refers to printf8.o(i._printf_core) for _printf_core
    printf8.o(i.__0vsnprintf$8) refers to printf8.o(i._snputc) for _snputc
    printf8.o(i.__0vsprintf$8) refers to printf8.o(i._printf_core) for _printf_core
    printf8.o(i.__0vsprintf$8) refers to printf8.o(i._sputc) for _sputc
    printf8.o(i._printf_core) refers to printf8.o(i._printf_pre_padding) for _printf_pre_padding
    printf8.o(i._printf_core) refers to uldiv.o(.text) for __aeabi_uldivmod
    printf8.o(i._printf_core) refers to printf8.o(i._printf_post_padding) for _printf_post_padding
    printfa.o(i.__0fprintf) refers (Special) to iusefp.o(.text) for __I$use$fp
    printfa.o(i.__0fprintf) refers to printfa.o(i._printf_core) for _printf_core
    printfa.o(i.__0fprintf) refers to fputc.o(i.fputc) for fputc
    printfa.o(i.__0printf) refers (Special) to iusefp.o(.text) for __I$use$fp
    printfa.o(i.__0printf) refers to printfa.o(i._printf_core) for _printf_core
    printfa.o(i.__0printf) refers to fputc.o(i.fputc) for fputc
    printfa.o(i.__0printf) refers to stdout.o(.data) for __stdout
    printfa.o(i.__0snprintf) refers (Special) to iusefp.o(.text) for __I$use$fp
    printfa.o(i.__0snprintf) refers to printfa.o(i._printf_core) for _printf_core
    printfa.o(i.__0snprintf) refers to printfa.o(i._snputc) for _snputc
    printfa.o(i.__0sprintf) refers (Special) to iusefp.o(.text) for __I$use$fp
    printfa.o(i.__0sprintf) refers to printfa.o(i._printf_core) for _printf_core
    printfa.o(i.__0sprintf) refers to printfa.o(i._sputc) for _sputc
    printfa.o(i.__0vfprintf) refers (Special) to iusefp.o(.text) for __I$use$fp
    printfa.o(i.__0vfprintf) refers to printfa.o(i._printf_core) for _printf_core
    printfa.o(i.__0vfprintf) refers to fputc.o(i.fputc) for fputc
    printfa.o(i.__0vprintf) refers (Special) to iusefp.o(.text) for __I$use$fp
    printfa.o(i.__0vprintf) refers to printfa.o(i._printf_core) for _printf_core
    printfa.o(i.__0vprintf) refers to fputc.o(i.fputc) for fputc
    printfa.o(i.__0vprintf) refers to stdout.o(.data) for __stdout
    printfa.o(i.__0vsnprintf) refers (Special) to iusefp.o(.text) for __I$use$fp
    printfa.o(i.__0vsnprintf) refers to printfa.o(i._printf_core) for _printf_core
    printfa.o(i.__0vsnprintf) refers to printfa.o(i._snputc) for _snputc
    printfa.o(i.__0vsprintf) refers (Special) to iusefp.o(.text) for __I$use$fp
    printfa.o(i.__0vsprintf) refers to printfa.o(i._printf_core) for _printf_core
    printfa.o(i.__0vsprintf) refers to printfa.o(i._sputc) for _sputc
    printfa.o(i._fp_digits) refers (Special) to iusefp.o(.text) for __I$use$fp
    printfa.o(i._fp_digits) refers to dmul.o(.text) for __aeabi_dmul
    printfa.o(i._fp_digits) refers to ddiv.o(.text) for __aeabi_ddiv
    printfa.o(i._fp_digits) refers to cdrcmple.o(.text) for __aeabi_cdrcmple
    printfa.o(i._fp_digits) refers to dadd.o(.text) for __aeabi_dadd
    printfa.o(i._fp_digits) refers to dfixul.o(.text) for __aeabi_d2ulz
    printfa.o(i._fp_digits) refers to uldiv.o(.text) for __aeabi_uldivmod
    printfa.o(i._printf_core) refers (Special) to iusefp.o(.text) for __I$use$fp
    printfa.o(i._printf_core) refers to printfa.o(i._printf_pre_padding) for _printf_pre_padding
    printfa.o(i._printf_core) refers to uldiv.o(.text) for __aeabi_uldivmod
    printfa.o(i._printf_core) refers to printfa.o(i._printf_post_padding) for _printf_post_padding
    printfa.o(i._printf_core) refers to printfa.o(i._fp_digits) for _fp_digits
    printfa.o(i._printf_core) refers to uidiv.o(.text) for __aeabi_uidivmod
    printfa.o(i._printf_post_padding) refers (Special) to iusefp.o(.text) for __I$use$fp
    printfa.o(i._printf_pre_padding) refers (Special) to iusefp.o(.text) for __I$use$fp
    printfa.o(i._snputc) refers (Special) to iusefp.o(.text) for __I$use$fp
    printfa.o(i._sputc) refers (Special) to iusefp.o(.text) for __I$use$fp
    entry2.o(.ARM.Collect$$$$00000001) refers to entry2.o(.ARM.Collect$$$$00002712) for __lit__00000000
    entry2.o(.ARM.Collect$$$$00002712) refers to cstartup.o(STACK) for __initial_sp
    entry2.o(__vectab_stack_and_reset_area) refers to cstartup.o(STACK) for __initial_sp
    entry2.o(__vectab_stack_and_reset_area) refers to entry.o(.ARM.Collect$$$$00000000) for __main
    entry5.o(.ARM.Collect$$$$00000004) refers to init.o(.text) for __scatterload
    entry9a.o(.ARM.Collect$$$$0000000B) refers to main.o(.text) for main
    entry9b.o(.ARM.Collect$$$$0000000C) refers to main.o(.text) for main
    fputc.o(i.fputc) refers (Special) to iusesemip.o(.text) for __I$use$semihosting$fputc
    fputc.o(i.fputc) refers (Special) to semi.o(.text) for __semihosting_library_function
    uldiv.o(.text) refers to llushr.o(.text) for __aeabi_llsr
    uldiv.o(.text) refers to llshl.o(.text) for __aeabi_llsl
    dadd.o(.text) refers to llshl.o(.text) for __aeabi_llsl
    dadd.o(.text) refers to llsshr.o(.text) for __aeabi_lasr
    dadd.o(.text) refers to depilogue.o(.text) for _double_epilogue
    dmul.o(.text) refers to depilogue.o(.text) for _double_epilogue
    ddiv.o(.text) refers to depilogue.o(.text) for _double_round
    dfixul.o(.text) refers to llushr.o(.text) for __aeabi_llsr
    dfixul.o(.text) refers to llshl.o(.text) for __aeabi_llsl
    init.o(.text) refers to entry5.o(.ARM.Collect$$$$00000004) for __main_after_scatterload
    depilogue.o(.text) refers to llshl.o(.text) for __aeabi_llsl
    depilogue.o(.text) refers to llushr.o(.text) for __aeabi_llsr


==============================================================================

Removing Unused input sections from the image.

    Removing main.o(.rev16_text), (4 bytes).
    Removing main.o(.revsh_text), (4 bytes).
    Removing main.o(.rrx_text), (6 bytes).
    Removing serial.o(.rev16_text), (4 bytes).
    Removing serial.o(.revsh_text), (4 bytes).
    Removing serial.o(.rrx_text), (6 bytes).
    Removing app_led.o(.rev16_text), (4 bytes).
    Removing app_led.o(.revsh_text), (4 bytes).
    Removing app_led.o(.rrx_text), (6 bytes).
    Removing misc.o(.rev16_text), (4 bytes).
    Removing misc.o(.revsh_text), (4 bytes).
    Removing misc.o(.rrx_text), (6 bytes).
    Removing stm32f2xx_gpio.o(.rev16_text), (4 bytes).
    Removing stm32f2xx_gpio.o(.revsh_text), (4 bytes).
    Removing stm32f2xx_gpio.o(.rrx_text), (6 bytes).
    Removing stm32f2xx_it.o(.rev16_text), (4 bytes).
    Removing stm32f2xx_it.o(.revsh_text), (4 bytes).
    Removing stm32f2xx_it.o(.rrx_text), (6 bytes).
    Removing stm32f2xx_rcc.o(.rev16_text), (4 bytes).
    Removing stm32f2xx_rcc.o(.revsh_text), (4 bytes).
    Removing stm32f2xx_rcc.o(.rrx_text), (6 bytes).
    Removing cstartup.o(HEAP), (512 bytes).
    Removing system_stm32f2xx.o(.rev16_text), (4 bytes).
    Removing system_stm32f2xx.o(.revsh_text), (4 bytes).
    Removing system_stm32f2xx.o(.rrx_text), (6 bytes).
    Removing stm32f2xx_usart.o(.rev16_text), (4 bytes).
    Removing stm32f2xx_usart.o(.revsh_text), (4 bytes).
    Removing stm32f2xx_usart.o(.rrx_text), (6 bytes).
    Removing stm32f2xx_i2c.o(.rev16_text), (4 bytes).
    Removing stm32f2xx_i2c.o(.revsh_text), (4 bytes).
    Removing stm32f2xx_i2c.o(.rrx_text), (6 bytes).
    Removing stm32f2xx_i2c.o(.text), (1064 bytes).
    Removing stm32f2xx_dma.o(.rev16_text), (4 bytes).
    Removing stm32f2xx_dma.o(.revsh_text), (4 bytes).
    Removing stm32f2xx_dma.o(.rrx_text), (6 bytes).
    Removing stm32f2xx_dma.o(.text), (936 bytes).
    Removing event_groups.o(.text), (716 bytes).
    Removing bsp_i2c.o(.rev16_text), (4 bytes).
    Removing bsp_i2c.o(.revsh_text), (4 bytes).
    Removing bsp_i2c.o(.rrx_text), (6 bytes).

40 unused section(s) (total 3396 bytes) removed from the image.

==============================================================================

Image Symbol Table

    Local Symbols

    Symbol Name                              Value     Ov Type        Size  Object(Section)

    ../clib/microlib/division.c              0x00000000   Number         0  uldiv.o ABSOLUTE
    ../clib/microlib/division.c              0x00000000   Number         0  uidiv.o ABSOLUTE
    ../clib/microlib/init/entry.s            0x00000000   Number         0  entry9a.o ABSOLUTE
    ../clib/microlib/init/entry.s            0x00000000   Number         0  entry5.o ABSOLUTE
    ../clib/microlib/init/entry.s            0x00000000   Number         0  entry8a.o ABSOLUTE
    ../clib/microlib/init/entry.s            0x00000000   Number         0  entry9b.o ABSOLUTE
    ../clib/microlib/init/entry.s            0x00000000   Number         0  entry2.o ABSOLUTE
    ../clib/microlib/init/entry.s            0x00000000   Number         0  entry7b.o ABSOLUTE
    ../clib/microlib/init/entry.s            0x00000000   Number         0  entry7a.o ABSOLUTE
    ../clib/microlib/init/entry.s            0x00000000   Number         0  entry11b.o ABSOLUTE
    ../clib/microlib/init/entry.s            0x00000000   Number         0  entry8b.o ABSOLUTE
    ../clib/microlib/init/entry.s            0x00000000   Number         0  entry11a.o ABSOLUTE
    ../clib/microlib/init/entry.s            0x00000000   Number         0  entry10b.o ABSOLUTE
    ../clib/microlib/init/entry.s            0x00000000   Number         0  entry10a.o ABSOLUTE
    ../clib/microlib/init/entry.s            0x00000000   Number         0  entry.o ABSOLUTE
    ../clib/microlib/longlong.c              0x00000000   Number         0  llsshr.o ABSOLUTE
    ../clib/microlib/longlong.c              0x00000000   Number         0  llushr.o ABSOLUTE
    ../clib/microlib/longlong.c              0x00000000   Number         0  llshl.o ABSOLUTE
    ../clib/microlib/printf/printf.c         0x00000000   Number         0  printf5.o ABSOLUTE
    ../clib/microlib/printf/printf.c         0x00000000   Number         0  printf1.o ABSOLUTE
    ../clib/microlib/printf/printf.c         0x00000000   Number         0  printf6.o ABSOLUTE
    ../clib/microlib/printf/printf.c         0x00000000   Number         0  printf8.o ABSOLUTE
    ../clib/microlib/printf/printf.c         0x00000000   Number         0  printf7.o ABSOLUTE
    ../clib/microlib/printf/printf.c         0x00000000   Number         0  printfa.o ABSOLUTE
    ../clib/microlib/printf/printf.c         0x00000000   Number         0  printf2.o ABSOLUTE
    ../clib/microlib/printf/printf.c         0x00000000   Number         0  printf3.o ABSOLUTE
    ../clib/microlib/printf/printf.c         0x00000000   Number         0  printf4.o ABSOLUTE
    ../clib/microlib/printf/printf.c         0x00000000   Number         0  printfb.o ABSOLUTE
    ../clib/microlib/printf/printf.c         0x00000000   Number         0  printf0.o ABSOLUTE
    ../clib/microlib/printf/stubs.s          0x00000000   Number         0  stubs.o ABSOLUTE
    ../clib/microlib/stdio/fputc.c           0x00000000   Number         0  fputc.o ABSOLUTE
    ../clib/microlib/stdio/semi.s            0x00000000   Number         0  semi.o ABSOLUTE
    ../clib/microlib/stdio/streams.c         0x00000000   Number         0  stdout.o ABSOLUTE
    ../clib/microlib/string/memcpy.c         0x00000000   Number         0  memcpyb.o ABSOLUTE
    ../clib/microlib/string/memcpy.c         0x00000000   Number         0  memcpya.o ABSOLUTE
    ../clib/microlib/string/memset.c         0x00000000   Number         0  memseta.o ABSOLUTE
    ../clib/microlib/string/strcat.c         0x00000000   Number         0  strcat.o ABSOLUTE
    ../clib/microlib/string/strcmp.c         0x00000000   Number         0  strcmp.o ABSOLUTE
    ../clib/microlib/string/strcpy.c         0x00000000   Number         0  strcpy.o ABSOLUTE
    ../clib/microlib/string/strlen.c         0x00000000   Number         0  strlen.o ABSOLUTE
    ../clib/microlib/string/strncmp.c        0x00000000   Number         0  strncmp.o ABSOLUTE
    ../clib/microlib/stubs.s                 0x00000000   Number         0  iusefp.o ABSOLUTE
    ../clib/microlib/stubs.s                 0x00000000   Number         0  iusesemip.o ABSOLUTE
    ../fplib/microlib/fpadd.c                0x00000000   Number         0  dadd.o ABSOLUTE
    ../fplib/microlib/fpdiv.c                0x00000000   Number         0  ddiv.o ABSOLUTE
    ../fplib/microlib/fpepilogue.c           0x00000000   Number         0  depilogue.o ABSOLUTE
    ../fplib/microlib/fpfix.c                0x00000000   Number         0  dfixul.o ABSOLUTE
    ../fplib/microlib/fpmul.c                0x00000000   Number         0  dmul.o ABSOLUTE
    ..\APP\app_led.c                         0x00000000   Number         0  app_led.o ABSOLUTE
    ..\APP\cli\app_cli.c                     0x00000000   Number         0  app_cli.o ABSOLUTE
    ..\APP\cli\hal_cli.c                     0x00000000   Number         0  hal_cli.o ABSOLUTE
    ..\APP\cli\mid_cli.c                     0x00000000   Number         0  mid_cli.o ABSOLUTE
    ..\APP\main.c                            0x00000000   Number         0  main.o ABSOLUTE
    ..\APP\serial.c                          0x00000000   Number         0  serial.o ABSOLUTE
    ..\BSP\bsp_i2c.c                         0x00000000   Number         0  bsp_i2c.o ABSOLUTE
    ..\FreeRTOS\croutine.c                   0x00000000   Number         0  croutine.o ABSOLUTE
    ..\FreeRTOS\event_groups.c               0x00000000   Number         0  event_groups.o ABSOLUTE
    ..\FreeRTOS\list.c                       0x00000000   Number         0  list.o ABSOLUTE
    ..\FreeRTOS\portable\MemMang\heap_2.c    0x00000000   Number         0  heap_2.o ABSOLUTE
    ..\FreeRTOS\portable\RVDS\ARM_CM3\port.c 0x00000000   Number         0  port.o ABSOLUTE
    ..\FreeRTOS\queue.c                      0x00000000   Number         0  queue.o ABSOLUTE
    ..\FreeRTOS\tasks.c                      0x00000000   Number         0  tasks.o ABSOLUTE
    ..\FreeRTOS\timers.c                     0x00000000   Number         0  timers.o ABSOLUTE
    ..\STMLIB\src\misc.c                     0x00000000   Number         0  misc.o ABSOLUTE
    ..\STMLIB\src\stm32f2xx_dma.c            0x00000000   Number         0  stm32f2xx_dma.o ABSOLUTE
    ..\STMLIB\src\stm32f2xx_gpio.c           0x00000000   Number         0  stm32f2xx_gpio.o ABSOLUTE
    ..\STMLIB\src\stm32f2xx_i2c.c            0x00000000   Number         0  stm32f2xx_i2c.o ABSOLUTE
    ..\STMLIB\src\stm32f2xx_it.c             0x00000000   Number         0  stm32f2xx_it.o ABSOLUTE
    ..\STMLIB\src\stm32f2xx_rcc.c            0x00000000   Number         0  stm32f2xx_rcc.o ABSOLUTE
    ..\STMLIB\src\stm32f2xx_usart.c          0x00000000   Number         0  stm32f2xx_usart.o ABSOLUTE
    ..\STMLIB\src\system_stm32f2xx.c         0x00000000   Number         0  system_stm32f2xx.o ABSOLUTE
    ..\STMLIB\startup\cstartup.s             0x00000000   Number         0  cstartup.o ABSOLUTE
    ..\\APP\\app_led.c                       0x00000000   Number         0  app_led.o ABSOLUTE
    ..\\APP\\main.c                          0x00000000   Number         0  main.o ABSOLUTE
    ..\\APP\\serial.c                        0x00000000   Number         0  serial.o ABSOLUTE
    ..\\BSP\\bsp_i2c.c                       0x00000000   Number         0  bsp_i2c.o ABSOLUTE
    ..\\FreeRTOS\\portable\\RVDS\\ARM_CM3\\port.c 0x00000000   Number         0  port.o ABSOLUTE
    ..\\STMLIB\\src\\misc.c                  0x00000000   Number         0  misc.o ABSOLUTE
    ..\\STMLIB\\src\\stm32f2xx_dma.c         0x00000000   Number         0  stm32f2xx_dma.o ABSOLUTE
    ..\\STMLIB\\src\\stm32f2xx_gpio.c        0x00000000   Number         0  stm32f2xx_gpio.o ABSOLUTE
    ..\\STMLIB\\src\\stm32f2xx_i2c.c         0x00000000   Number         0  stm32f2xx_i2c.o ABSOLUTE
    ..\\STMLIB\\src\\stm32f2xx_it.c          0x00000000   Number         0  stm32f2xx_it.o ABSOLUTE
    ..\\STMLIB\\src\\stm32f2xx_rcc.c         0x00000000   Number         0  stm32f2xx_rcc.o ABSOLUTE
    ..\\STMLIB\\src\\stm32f2xx_usart.c       0x00000000   Number         0  stm32f2xx_usart.o ABSOLUTE
    ..\\STMLIB\\src\\system_stm32f2xx.c      0x00000000   Number         0  system_stm32f2xx.o ABSOLUTE
    cdrcmple.s                               0x00000000   Number         0  cdrcmple.o ABSOLUTE
    dc.s                                     0x00000000   Number         0  dc.o ABSOLUTE
    handlers.s                               0x00000000   Number         0  handlers.o ABSOLUTE
    init.s                                   0x00000000   Number         0  init.o ABSOLUTE
    RESET                                    0x08000000   Section      388  cstartup.o(RESET)
    .ARM.Collect$$$$00000000                 0x08000184   Section        0  entry.o(.ARM.Collect$$$$00000000)
    .ARM.Collect$$$$00000001                 0x08000184   Section        4  entry2.o(.ARM.Collect$$$$00000001)
    .ARM.Collect$$$$00000004                 0x08000188   Section        4  entry5.o(.ARM.Collect$$$$00000004)
    .ARM.Collect$$$$00000008                 0x0800018c   Section        0  entry7b.o(.ARM.Collect$$$$00000008)
    .ARM.Collect$$$$0000000A                 0x0800018c   Section        0  entry8b.o(.ARM.Collect$$$$0000000A)
    .ARM.Collect$$$$0000000B                 0x0800018c   Section        8  entry9a.o(.ARM.Collect$$$$0000000B)
    .ARM.Collect$$$$0000000D                 0x08000194   Section        0  entry10a.o(.ARM.Collect$$$$0000000D)
    .ARM.Collect$$$$0000000F                 0x08000194   Section        0  entry11a.o(.ARM.Collect$$$$0000000F)
    .ARM.Collect$$$$00002712                 0x08000194   Section        4  entry2.o(.ARM.Collect$$$$00002712)
    __lit__00000000                          0x08000194   Data           4  entry2.o(.ARM.Collect$$$$00002712)
    .emb_text                                0x08000198   Section      150  port.o(.emb_text)
    .text                                    0x08000230   Section        0  main.o(.text)
    .text                                    0x080002cc   Section        0  serial.o(.text)
    dataLinktask                             0x080002eb   Thumb Code    54  serial.o(.text)
    .text                                    0x080005a0   Section        0  app_led.o(.text)
    .text                                    0x080006ec   Section        0  app_cli.o(.text)
    hi_handle                                0x080006ed   Thumb Code    28  app_cli.o(.text)
    info_handle                              0x08000709   Thumb Code    56  app_cli.o(.text)
    clear_handle                             0x08000741   Thumb Code    28  app_cli.o(.text)
    app_cli_default_register                 0x0800075d   Thumb Code    30  app_cli.o(.text)
    .text                                    0x080007b0   Section        0  mid_cli.o(.text)
    get_num_of_parame                        0x080007f5   Thumb Code    46  mid_cli.o(.text)
    mid_cli_console_task                     0x080008ff   Thumb Code   304  mid_cli.o(.text)
    help_handle                              0x08000aaf   Thumb Code    80  mid_cli.o(.text)
    .text                                    0x08000b60   Section        0  hal_cli.o(.text)
    .text                                    0x08000b98   Section        0  misc.o(.text)
    .text                                    0x08000c78   Section        0  stm32f2xx_gpio.o(.text)
    .text                                    0x08000ed4   Section        0  stm32f2xx_it.o(.text)
    .text                                    0x08000ef0   Section        0  stm32f2xx_rcc.o(.text)
    .text                                    0x08001478   Section       28  cstartup.o(.text)
    .text                                    0x08001494   Section        0  system_stm32f2xx.o(.text)
    SetSysClock                              0x08001495   Thumb Code   192  system_stm32f2xx.o(.text)
    .text                                    0x08001674   Section        0  stm32f2xx_usart.o(.text)
    .text                                    0x08001a8e   Section        0  list.o(.text)
    .text                                    0x08001b24   Section        0  queue.o(.text)
    prvInitialiseNewQueue                    0x08001b9f   Thumb Code    38  queue.o(.text)
    prvUnlockQueue                           0x08001bfd   Thumb Code   126  queue.o(.text)
    prvIsQueueFull                           0x08001c7b   Thumb Code    30  queue.o(.text)
    prvCopyDataToQueue                       0x08001c99   Thumb Code   124  queue.o(.text)
    prvInitialiseMutex                       0x08001e29   Thumb Code    28  queue.o(.text)
    prvIsQueueEmpty                          0x08001f69   Thumb Code    26  queue.o(.text)
    prvCopyDataFromQueue                     0x08001f83   Thumb Code    42  queue.o(.text)
    prvGetDisinheritPriorityAfterTimeout     0x080020ad   Thumb Code    20  queue.o(.text)
    .text                                    0x08002420   Section        0  tasks.o(.text)
    prvInitialiseTaskLists                   0x08002421   Thumb Code    70  tasks.o(.text)
    prvAddNewTaskToReadyList                 0x08002467   Thumb Code   150  tasks.o(.text)
    prvInitialiseNewTask                     0x080024fd   Thumb Code   134  tasks.o(.text)
    prvResetNextTaskUnblockTime              0x080025e3   Thumb Code    42  tasks.o(.text)
    prvDeleteTCB                             0x0800260d   Thumb Code    18  tasks.o(.text)
    prvAddCurrentTaskToDelayedList           0x080028cd   Thumb Code   124  tasks.o(.text)
    prvTaskIsTaskSuspended                   0x08002c1b   Thumb Code    56  tasks.o(.text)
    prvCheckTasksWaitingTermination          0x08002d81   Thumb Code    60  tasks.o(.text)
    prvIdleTask                              0x08002dbd   Thumb Code    32  tasks.o(.text)
    .text                                    0x080035e0   Section        0  port.o(.text)
    prvTaskExitError                         0x080035e1   Thumb Code    22  port.o(.text)
    .text                                    0x080036d0   Section        0  heap_2.o(.text)
    prvHeapInit                              0x080036d1   Thumb Code    42  heap_2.o(.text)
    .text                                    0x080037f4   Section        0  memcpya.o(.text)
    .text                                    0x08003818   Section        0  memseta.o(.text)
    .text                                    0x0800383c   Section        0  strcat.o(.text)
    .text                                    0x08003854   Section        0  strlen.o(.text)
    .text                                    0x08003862   Section        0  strcmp.o(.text)
    .text                                    0x0800387e   Section        0  strcpy.o(.text)
    .text                                    0x08003890   Section        0  strncmp.o(.text)
    .text                                    0x080038ae   Section        0  uidiv.o(.text)
    .text                                    0x080038da   Section        0  uldiv.o(.text)
    .text                                    0x0800393c   Section        0  dadd.o(.text)
    .text                                    0x0800393c   Section        0  iusefp.o(.text)
    .text                                    0x08003a8a   Section        0  dmul.o(.text)
    .text                                    0x08003b6e   Section        0  ddiv.o(.text)
    .text                                    0x08003c4c   Section        0  dfixul.o(.text)
    .text                                    0x08003c7c   Section       48  cdrcmple.o(.text)
    .text                                    0x08003cac   Section       36  init.o(.text)
    .text                                    0x08003cd0   Section        0  llshl.o(.text)
    .text                                    0x08003cee   Section        0  llushr.o(.text)
    .text                                    0x08003d0e   Section        0  llsshr.o(.text)
    .text                                    0x08003d32   Section        0  depilogue.o(.text)
    i.__0sprintf$2                           0x08003dec   Section        0  printf2.o(i.__0sprintf$2)
    i.__0vsprintf                            0x08003e14   Section        0  printfa.o(i.__0vsprintf)
    i.__scatterload_copy                     0x08003e38   Section       14  handlers.o(i.__scatterload_copy)
    i.__scatterload_null                     0x08003e46   Section        2  handlers.o(i.__scatterload_null)
    i.__scatterload_zeroinit                 0x08003e48   Section       14  handlers.o(i.__scatterload_zeroinit)
    i._fp_digits                             0x08003e58   Section        0  printfa.o(i._fp_digits)
    _fp_digits                               0x08003e59   Thumb Code   366  printfa.o(i._fp_digits)
    i._printf_core                           0x08003fdc   Section        0  printf2.o(i._printf_core)
    _printf_core                             0x08003fdd   Thumb Code   214  printf2.o(i._printf_core)
    i._printf_core                           0x080040b4   Section        0  printfa.o(i._printf_core)
    _printf_core                             0x080040b5   Thumb Code  1744  printfa.o(i._printf_core)
    i._printf_post_padding                   0x08004790   Section        0  printfa.o(i._printf_post_padding)
    _printf_post_padding                     0x08004791   Thumb Code    36  printfa.o(i._printf_post_padding)
    i._printf_pre_padding                    0x080047b4   Section        0  printfa.o(i._printf_pre_padding)
    _printf_pre_padding                      0x080047b5   Thumb Code    46  printfa.o(i._printf_pre_padding)
    i._sputc                                 0x080047e2   Section        0  printf2.o(i._sputc)
    _sputc                                   0x080047e3   Thumb Code    10  printf2.o(i._sputc)
    i._sputc                                 0x080047ec   Section        0  printfa.o(i._sputc)
    _sputc                                   0x080047ed   Thumb Code    10  printfa.o(i._sputc)
    .constdata                               0x080047f8   Section       48  app_cli.o(.constdata)
    hi                                       0x080047f8   Data          16  app_cli.o(.constdata)
    info                                     0x08004808   Data          16  app_cli.o(.constdata)
    clear                                    0x08004818   Data          16  app_cli.o(.constdata)
    .constdata                               0x08004828   Section      102  mid_cli.o(.constdata)
    help                                     0x08004828   Data          16  mid_cli.o(.constdata)
    passwd                                   0x08004838   Data           4  mid_cli.o(.constdata)
    input_passwd_msg                         0x0800483c   Data           4  mid_cli.o(.constdata)
    pcEndOfOutputMessage                     0x08004840   Data           4  mid_cli.o(.constdata)
    pcNewLine                                0x08004844   Data           4  mid_cli.o(.constdata)
    log1                                     0x08004848   Data          70  mid_cli.o(.constdata)
    .conststring                             0x08004890   Section      262  app_cli.o(.conststring)
    .conststring                             0x08004998   Section       81  mid_cli.o(.conststring)
    .data                                    0x20000000   Section       12  serial.o(.data)
    ser_rx_queue                             0x20000000   Data           4  serial.o(.data)
    ser_tx_queue                             0x20000004   Data           4  serial.o(.data)
    xPort                                    0x20000008   Data           4  serial.o(.data)
    .data                                    0x2000000c   Section       28  app_cli.o(.data)
    dev_info                                 0x2000000c   Data          24  app_cli.o(.data)
    string                                   0x20000024   Data           4  app_cli.o(.data)
    .data                                    0x20000028   Section       28  mid_cli.o(.data)
    permission                               0x20000028   Data           1  mid_cli.o(.data)
    cmd_list_head                            0x2000002c   Data           8  mid_cli.o(.data)
    xTxMutex                                 0x20000034   Data           4  mid_cli.o(.data)
    pxLastCommandInList                      0x20000038   Data           4  mid_cli.o(.data)
    pxNewListItem                            0x2000003c   Data           4  mid_cli.o(.data)
    cmd                                      0x20000040   Data           4  mid_cli.o(.data)
    .data                                    0x20000044   Section        8  hal_cli.o(.data)
    tx_data                                  0x20000044   Data           4  hal_cli.o(.data)
    rx_data                                  0x20000048   Data           4  hal_cli.o(.data)
    .data                                    0x2000004c   Section       16  stm32f2xx_rcc.o(.data)
    APBAHBPrescTable                         0x2000004c   Data          16  stm32f2xx_rcc.o(.data)
    .data                                    0x2000005c   Section       20  system_stm32f2xx.o(.data)
    .data                                    0x20000070   Section       60  tasks.o(.data)
    pxDelayedTaskList                        0x20000074   Data           4  tasks.o(.data)
    pxOverflowDelayedTaskList                0x20000078   Data           4  tasks.o(.data)
    uxDeletedTasksWaitingCleanUp             0x2000007c   Data           4  tasks.o(.data)
    uxCurrentNumberOfTasks                   0x20000080   Data           4  tasks.o(.data)
    xTickCount                               0x20000084   Data           4  tasks.o(.data)
    uxTopReadyPriority                       0x20000088   Data           4  tasks.o(.data)
    xSchedulerRunning                        0x2000008c   Data           4  tasks.o(.data)
    uxPendedTicks                            0x20000090   Data           4  tasks.o(.data)
    xYieldPending                            0x20000094   Data           4  tasks.o(.data)
    xNumOfOverflows                          0x20000098   Data           4  tasks.o(.data)
    uxTaskNumber                             0x2000009c   Data           4  tasks.o(.data)
    xNextTaskUnblockTime                     0x200000a0   Data           4  tasks.o(.data)
    xIdleTaskHandle                          0x200000a4   Data           4  tasks.o(.data)
    uxSchedulerSuspended                     0x200000a8   Data           4  tasks.o(.data)
    .data                                    0x200000ac   Section        4  port.o(.data)
    uxCriticalNesting                        0x200000ac   Data           4  port.o(.data)
    .data                                    0x200000b0   Section       24  heap_2.o(.data)
    xStart                                   0x200000b0   Data           8  heap_2.o(.data)
    xEnd                                     0x200000b8   Data           8  heap_2.o(.data)
    xFreeBytesRemaining                      0x200000c0   Data           4  heap_2.o(.data)
    xHeapHasBeenInitialised                  0x200000c4   Data           4  heap_2.o(.data)
    .bss                                     0x200000c8   Section      256  mid_cli.o(.bss)
    out_buffer                               0x200000c8   Data         256  mid_cli.o(.bss)
    .bss                                     0x200001c8   Section      200  tasks.o(.bss)
    pxReadyTasksLists                        0x200001c8   Data         100  tasks.o(.bss)
    xDelayedTaskList1                        0x2000022c   Data          20  tasks.o(.bss)
    xDelayedTaskList2                        0x20000240   Data          20  tasks.o(.bss)
    xPendingReadyList                        0x20000254   Data          20  tasks.o(.bss)
    xTasksWaitingTermination                 0x20000268   Data          20  tasks.o(.bss)
    xSuspendedTaskList                       0x2000027c   Data          20  tasks.o(.bss)
    .bss                                     0x20000290   Section    17408  heap_2.o(.bss)
    ucHeap                                   0x20000290   Data       17408  heap_2.o(.bss)
    STACK                                    0x20004690   Section     1024  cstartup.o(STACK)

    Global Symbols

    Symbol Name                              Value     Ov Type        Size  Object(Section)

    BuildAttributes$$THM_ISAv4$P$D$K$B$S$PE$A:L22UL41UL21$X:L11$S22US41US21$IEEE1$IW$USESV6$~STKCKD$USESV7$~SHL$OSPACE$ROPI$EBA8$MICROLIB$REQ8$PRES8$EABIv2 0x00000000   Number         0  anon$$obj.o ABSOLUTE
    __ARM_use_no_argv                        0x00000000   Number         0  main.o ABSOLUTE
    _printf_a                                0x00000000   Number         0  stubs.o ABSOLUTE
    _printf_c                                0x00000000   Number         0  stubs.o ABSOLUTE
    _printf_charcount                        0x00000000   Number         0  stubs.o ABSOLUTE
    _printf_d                                0x00000000   Number         0  stubs.o ABSOLUTE
    _printf_e                                0x00000000   Number         0  stubs.o ABSOLUTE
    _printf_f                                0x00000000   Number         0  stubs.o ABSOLUTE
    _printf_flags                            0x00000000   Number         0  stubs.o ABSOLUTE
    _printf_fp_dec                           0x00000000   Number         0  stubs.o ABSOLUTE
    _printf_fp_hex                           0x00000000   Number         0  stubs.o ABSOLUTE
    _printf_g                                0x00000000   Number         0  stubs.o ABSOLUTE
    _printf_i                                0x00000000   Number         0  stubs.o ABSOLUTE
    _printf_int_dec                          0x00000000   Number         0  stubs.o ABSOLUTE
    _printf_l                                0x00000000   Number         0  stubs.o ABSOLUTE
    _printf_lc                               0x00000000   Number         0  stubs.o ABSOLUTE
    _printf_ll                               0x00000000   Number         0  stubs.o ABSOLUTE
    _printf_lld                              0x00000000   Number         0  stubs.o ABSOLUTE
    _printf_lli                              0x00000000   Number         0  stubs.o ABSOLUTE
    _printf_llo                              0x00000000   Number         0  stubs.o ABSOLUTE
    _printf_llu                              0x00000000   Number         0  stubs.o ABSOLUTE
    _printf_llx                              0x00000000   Number         0  stubs.o ABSOLUTE
    _printf_longlong_dec                     0x00000000   Number         0  stubs.o ABSOLUTE
    _printf_longlong_hex                     0x00000000   Number         0  stubs.o ABSOLUTE
    _printf_longlong_oct                     0x00000000   Number         0  stubs.o ABSOLUTE
    _printf_ls                               0x00000000   Number         0  stubs.o ABSOLUTE
    _printf_mbtowc                           0x00000000   Number         0  stubs.o ABSOLUTE
    _printf_n                                0x00000000   Number         0  stubs.o ABSOLUTE
    _printf_o                                0x00000000   Number         0  stubs.o ABSOLUTE
    _printf_p                                0x00000000   Number         0  stubs.o ABSOLUTE
    _printf_percent                          0x00000000   Number         0  stubs.o ABSOLUTE
    _printf_pre_padding                      0x00000000   Number         0  stubs.o ABSOLUTE
    _printf_return_value                     0x00000000   Number         0  stubs.o ABSOLUTE
    _printf_s                                0x00000000   Number         0  stubs.o ABSOLUTE
    _printf_sizespec                         0x00000000   Number         0  stubs.o ABSOLUTE
    _printf_str                              0x00000000   Number         0  stubs.o ABSOLUTE
    _printf_truncate_signed                  0x00000000   Number         0  stubs.o ABSOLUTE
    _printf_truncate_unsigned                0x00000000   Number         0  stubs.o ABSOLUTE
    _printf_u                                0x00000000   Number         0  stubs.o ABSOLUTE
    _printf_wc                               0x00000000   Number         0  stubs.o ABSOLUTE
    _printf_wctomb                           0x00000000   Number         0  stubs.o ABSOLUTE
    _printf_widthprec                        0x00000000   Number         0  stubs.o ABSOLUTE
    _printf_x                                0x00000000   Number         0  stubs.o ABSOLUTE
    __cpp_initialize__aeabi_                  - Undefined Weak Reference
    __cxa_finalize                            - Undefined Weak Reference
    __decompress                              - Undefined Weak Reference
    _clock_init                               - Undefined Weak Reference
    _microlib_exit                            - Undefined Weak Reference
    __Vectors_Size                           0x00000184   Number         0  cstartup.o ABSOLUTE
    __Vectors                                0x08000000   Data           4  cstartup.o(RESET)
    __Vectors_End                            0x08000184   Data           0  cstartup.o(RESET)
    __main                                   0x08000185   Thumb Code     0  entry.o(.ARM.Collect$$$$00000000)
    _main_stk                                0x08000185   Thumb Code     0  entry2.o(.ARM.Collect$$$$00000001)
    _main_scatterload                        0x08000189   Thumb Code     0  entry5.o(.ARM.Collect$$$$00000004)
    __main_after_scatterload                 0x0800018d   Thumb Code     0  entry5.o(.ARM.Collect$$$$00000004)
    _main_clock                              0x0800018d   Thumb Code     0  entry7b.o(.ARM.Collect$$$$00000008)
    _main_cpp_init                           0x0800018d   Thumb Code     0  entry8b.o(.ARM.Collect$$$$0000000A)
    _main_init                               0x0800018d   Thumb Code     0  entry9a.o(.ARM.Collect$$$$0000000B)
    __rt_final_cpp                           0x08000195   Thumb Code     0  entry10a.o(.ARM.Collect$$$$0000000D)
    __rt_final_exit                          0x08000195   Thumb Code     0  entry11a.o(.ARM.Collect$$$$0000000F)
    vPortSVCHandler                          0x08000199   Thumb Code    32  port.o(.emb_text)
    __asm___6_port_c_39a90d8d__prvStartFirstTask 0x080001bd   Thumb Code    28  port.o(.emb_text)
    xPortPendSVHandler                       0x080001dd   Thumb Code    72  port.o(.emb_text)
    vPortGetIPSR                             0x08000229   Thumb Code     6  port.o(.emb_text)
    main                                     0x08000231   Thumb Code   108  main.o(.text)
    xSerialGetChar                           0x080002cd   Thumb Code    30  serial.o(.text)
    serial_bsp_init                          0x08000321   Thumb Code   218  serial.o(.text)
    serial_task_init                         0x080003fb   Thumb Code    40  serial.o(.text)
    xSerialPutChar                           0x08000423   Thumb Code    46  serial.o(.text)
    vSerialPutString                         0x08000451   Thumb Code    38  serial.o(.text)
    dbg_string                               0x08000477   Thumb Code    52  serial.o(.text)
    serial_tx                                0x080004ab   Thumb Code    22  serial.o(.text)
    serial_rx                                0x080004c1   Thumb Code    30  serial.o(.text)
    vSerialClose                             0x080004df   Thumb Code     2  serial.o(.text)
    USART1_IRQHandler                        0x080004e1   Thumb Code   154  serial.o(.text)
    BSP_LED_Init                             0x080005a1   Thumb Code   130  app_led.o(.text)
    vLed1Task                                0x08000623   Thumb Code    50  app_led.o(.text)
    vLed2Task                                0x08000655   Thumb Code    50  app_led.o(.text)
    vLed3Task                                0x08000687   Thumb Code    46  app_led.o(.text)
    vLed4Task                                0x080006b5   Thumb Code    48  app_led.o(.text)
    app_cli_init                             0x0800077b   Thumb Code    18  app_cli.o(.text)
    mid_cli_module_register                  0x080007b1   Thumb Code    68  mid_cli.o(.text)
    mid_cli_parse_command                    0x08000823   Thumb Code   220  mid_cli.o(.text)
    mid_cli_init                             0x08000a2f   Thumb Code    36  mid_cli.o(.text)
    FreeRTOS_CLIGetParameter                 0x08000a53   Thumb Code    92  mid_cli.o(.text)
    hal_cli_data_switch_register             0x08000b61   Thumb Code    10  hal_cli.o(.text)
    hal_cli_data_tx                          0x08000b6b   Thumb Code    18  hal_cli.o(.text)
    hal_cli_data_rx                          0x08000b7d   Thumb Code    18  hal_cli.o(.text)
    NVIC_PriorityGroupConfig                 0x08000b99   Thumb Code    10  misc.o(.text)
    NVIC_Init                                0x08000ba3   Thumb Code   106  misc.o(.text)
    NVIC_SetVectorTable                      0x08000c0d   Thumb Code    14  misc.o(.text)
    NVIC_SystemLPConfig                      0x08000c1b   Thumb Code    34  misc.o(.text)
    SysTick_CLKSourceConfig                  0x08000c3d   Thumb Code    40  misc.o(.text)
    GPIO_DeInit                              0x08000c79   Thumb Code   220  stm32f2xx_gpio.o(.text)
    GPIO_Init                                0x08000d55   Thumb Code   144  stm32f2xx_gpio.o(.text)
    GPIO_StructInit                          0x08000de5   Thumb Code    18  stm32f2xx_gpio.o(.text)
    GPIO_PinLockConfig                       0x08000df7   Thumb Code    34  stm32f2xx_gpio.o(.text)
    GPIO_ReadInputDataBit                    0x08000e19   Thumb Code    18  stm32f2xx_gpio.o(.text)
    GPIO_ReadInputData                       0x08000e2b   Thumb Code     8  stm32f2xx_gpio.o(.text)
    GPIO_ReadOutputDataBit                   0x08000e33   Thumb Code    18  stm32f2xx_gpio.o(.text)
    GPIO_ReadOutputData                      0x08000e45   Thumb Code     8  stm32f2xx_gpio.o(.text)
    GPIO_SetBits                             0x08000e4d   Thumb Code     4  stm32f2xx_gpio.o(.text)
    GPIO_ResetBits                           0x08000e51   Thumb Code     4  stm32f2xx_gpio.o(.text)
    GPIO_WriteBit                            0x08000e55   Thumb Code    10  stm32f2xx_gpio.o(.text)
    GPIO_Write                               0x08000e5f   Thumb Code     4  stm32f2xx_gpio.o(.text)
    GPIO_ToggleBits                          0x08000e63   Thumb Code     8  stm32f2xx_gpio.o(.text)
    GPIO_PinAFConfig                         0x08000e6b   Thumb Code    70  stm32f2xx_gpio.o(.text)
    NMI_Handler                              0x08000ed5   Thumb Code     2  stm32f2xx_it.o(.text)
    HardFault_Handler                        0x08000ed7   Thumb Code     4  stm32f2xx_it.o(.text)
    MemManage_Handler                        0x08000edb   Thumb Code     4  stm32f2xx_it.o(.text)
    BusFault_Handler                         0x08000edf   Thumb Code     4  stm32f2xx_it.o(.text)
    UsageFault_Handler                       0x08000ee3   Thumb Code     4  stm32f2xx_it.o(.text)
    SVC_Handler                              0x08000ee7   Thumb Code     2  stm32f2xx_it.o(.text)
    DebugMon_Handler                         0x08000ee9   Thumb Code     2  stm32f2xx_it.o(.text)
    PendSV_Handler                           0x08000eeb   Thumb Code     2  stm32f2xx_it.o(.text)
    SysTick_Handler                          0x08000eed   Thumb Code     2  stm32f2xx_it.o(.text)
    RCC_DeInit                               0x08000ef1   Thumb Code    60  stm32f2xx_rcc.o(.text)
    RCC_HSEConfig                            0x08000f2d   Thumb Code    14  stm32f2xx_rcc.o(.text)
    RCC_GetFlagStatus                        0x08000f3b   Thumb Code    60  stm32f2xx_rcc.o(.text)
    RCC_WaitForHSEStartUp                    0x08000f77   Thumb Code    56  stm32f2xx_rcc.o(.text)
    RCC_AdjustHSICalibrationValue            0x08000faf   Thumb Code    20  stm32f2xx_rcc.o(.text)
    RCC_HSICmd                               0x08000fc3   Thumb Code     6  stm32f2xx_rcc.o(.text)
    RCC_LSEConfig                            0x08000fc9   Thumb Code    46  stm32f2xx_rcc.o(.text)
    RCC_LSICmd                               0x08000ff7   Thumb Code     6  stm32f2xx_rcc.o(.text)
    RCC_PLLConfig                            0x08000ffd   Thumb Code    32  stm32f2xx_rcc.o(.text)
    RCC_PLLCmd                               0x0800101d   Thumb Code     6  stm32f2xx_rcc.o(.text)
    RCC_PLLI2SConfig                         0x08001023   Thumb Code    14  stm32f2xx_rcc.o(.text)
    RCC_PLLI2SCmd                            0x08001031   Thumb Code     6  stm32f2xx_rcc.o(.text)
    RCC_ClockSecuritySystemCmd               0x08001037   Thumb Code     6  stm32f2xx_rcc.o(.text)
    RCC_MCO1Config                           0x0800103d   Thumb Code    28  stm32f2xx_rcc.o(.text)
    RCC_MCO2Config                           0x08001059   Thumb Code    28  stm32f2xx_rcc.o(.text)
    RCC_SYSCLKConfig                         0x08001075   Thumb Code    20  stm32f2xx_rcc.o(.text)
    RCC_GetSYSCLKSource                      0x08001089   Thumb Code    12  stm32f2xx_rcc.o(.text)
    RCC_HCLKConfig                           0x08001095   Thumb Code    20  stm32f2xx_rcc.o(.text)
    RCC_PCLK1Config                          0x080010a9   Thumb Code    20  stm32f2xx_rcc.o(.text)
    RCC_PCLK2Config                          0x080010bd   Thumb Code    22  stm32f2xx_rcc.o(.text)
    RCC_GetClocksFreq                        0x080010d3   Thumb Code   222  stm32f2xx_rcc.o(.text)
    RCC_RTCCLKConfig                         0x080011b1   Thumb Code    54  stm32f2xx_rcc.o(.text)
    RCC_RTCCLKCmd                            0x080011e7   Thumb Code     8  stm32f2xx_rcc.o(.text)
    RCC_BackupResetCmd                       0x080011ef   Thumb Code     8  stm32f2xx_rcc.o(.text)
    RCC_I2SCLKConfig                         0x080011f7   Thumb Code     6  stm32f2xx_rcc.o(.text)
    RCC_AHB1PeriphClockCmd                   0x080011fd   Thumb Code    34  stm32f2xx_rcc.o(.text)
    RCC_AHB2PeriphClockCmd                   0x0800121f   Thumb Code    34  stm32f2xx_rcc.o(.text)
    RCC_AHB3PeriphClockCmd                   0x08001241   Thumb Code    34  stm32f2xx_rcc.o(.text)
    RCC_APB1PeriphClockCmd                   0x08001263   Thumb Code    34  stm32f2xx_rcc.o(.text)
    RCC_APB2PeriphClockCmd                   0x08001285   Thumb Code    34  stm32f2xx_rcc.o(.text)
    RCC_AHB1PeriphResetCmd                   0x080012a7   Thumb Code    34  stm32f2xx_rcc.o(.text)
    RCC_AHB2PeriphResetCmd                   0x080012c9   Thumb Code    72  stm32f2xx_rcc.o(.text)
    RCC_AHB3PeriphResetCmd                   0x08001311   Thumb Code    34  stm32f2xx_rcc.o(.text)
    RCC_APB1PeriphResetCmd                   0x08001333   Thumb Code    34  stm32f2xx_rcc.o(.text)
    RCC_APB2PeriphResetCmd                   0x08001355   Thumb Code    34  stm32f2xx_rcc.o(.text)
    RCC_AHB1PeriphClockLPModeCmd             0x08001377   Thumb Code    34  stm32f2xx_rcc.o(.text)
    RCC_AHB2PeriphClockLPModeCmd             0x08001399   Thumb Code    34  stm32f2xx_rcc.o(.text)
    RCC_AHB3PeriphClockLPModeCmd             0x080013bb   Thumb Code    34  stm32f2xx_rcc.o(.text)
    RCC_APB1PeriphClockLPModeCmd             0x080013dd   Thumb Code    34  stm32f2xx_rcc.o(.text)
    RCC_APB2PeriphClockLPModeCmd             0x080013ff   Thumb Code    34  stm32f2xx_rcc.o(.text)
    RCC_ITConfig                             0x08001421   Thumb Code    34  stm32f2xx_rcc.o(.text)
    RCC_ClearFlag                            0x08001443   Thumb Code    18  stm32f2xx_rcc.o(.text)
    RCC_GetITStatus                          0x08001455   Thumb Code    22  stm32f2xx_rcc.o(.text)
    RCC_ClearITPendingBit                    0x0800146b   Thumb Code     8  stm32f2xx_rcc.o(.text)
    Reset_Handler                            0x08001479   Thumb Code     4  cstartup.o(.text)
    ADC_IRQHandler                           0x0800148f   Thumb Code     0  cstartup.o(.text)
    CAN1_RX0_IRQHandler                      0x0800148f   Thumb Code     0  cstartup.o(.text)
    CAN1_RX1_IRQHandler                      0x0800148f   Thumb Code     0  cstartup.o(.text)
    CAN1_SCE_IRQHandler                      0x0800148f   Thumb Code     0  cstartup.o(.text)
    CAN1_TX_IRQHandler                       0x0800148f   Thumb Code     0  cstartup.o(.text)
    CAN2_RX0_IRQHandler                      0x0800148f   Thumb Code     0  cstartup.o(.text)
    CAN2_RX1_IRQHandler                      0x0800148f   Thumb Code     0  cstartup.o(.text)
    CAN2_SCE_IRQHandler                      0x0800148f   Thumb Code     0  cstartup.o(.text)
    CAN2_TX_IRQHandler                       0x0800148f   Thumb Code     0  cstartup.o(.text)
    CRYP_IRQHandler                          0x0800148f   Thumb Code     0  cstartup.o(.text)
    DCMI_IRQHandler                          0x0800148f   Thumb Code     0  cstartup.o(.text)
    DMA1_Stream0_IRQHandler                  0x0800148f   Thumb Code     0  cstartup.o(.text)
    DMA1_Stream1_IRQHandler                  0x0800148f   Thumb Code     0  cstartup.o(.text)
    DMA1_Stream2_IRQHandler                  0x0800148f   Thumb Code     0  cstartup.o(.text)
    DMA1_Stream3_IRQHandler                  0x0800148f   Thumb Code     0  cstartup.o(.text)
    DMA1_Stream4_IRQHandler                  0x0800148f   Thumb Code     0  cstartup.o(.text)
    DMA1_Stream5_IRQHandler                  0x0800148f   Thumb Code     0  cstartup.o(.text)
    DMA1_Stream6_IRQHandler                  0x0800148f   Thumb Code     0  cstartup.o(.text)
    DMA1_Stream7_IRQHandler                  0x0800148f   Thumb Code     0  cstartup.o(.text)
    DMA2_Stream0_IRQHandler                  0x0800148f   Thumb Code     0  cstartup.o(.text)
    DMA2_Stream1_IRQHandler                  0x0800148f   Thumb Code     0  cstartup.o(.text)
    DMA2_Stream2_IRQHandler                  0x0800148f   Thumb Code     0  cstartup.o(.text)
    DMA2_Stream3_IRQHandler                  0x0800148f   Thumb Code     0  cstartup.o(.text)
    DMA2_Stream4_IRQHandler                  0x0800148f   Thumb Code     0  cstartup.o(.text)
    DMA2_Stream5_IRQHandler                  0x0800148f   Thumb Code     0  cstartup.o(.text)
    DMA2_Stream6_IRQHandler                  0x0800148f   Thumb Code     0  cstartup.o(.text)
    DMA2_Stream7_IRQHandler                  0x0800148f   Thumb Code     0  cstartup.o(.text)
    ETH_IRQHandler                           0x0800148f   Thumb Code     0  cstartup.o(.text)
    ETH_WKUP_IRQHandler                      0x0800148f   Thumb Code     0  cstartup.o(.text)
    EXTI0_IRQHandler                         0x0800148f   Thumb Code     0  cstartup.o(.text)
    EXTI15_10_IRQHandler                     0x0800148f   Thumb Code     0  cstartup.o(.text)
    EXTI1_IRQHandler                         0x0800148f   Thumb Code     0  cstartup.o(.text)
    EXTI2_IRQHandler                         0x0800148f   Thumb Code     0  cstartup.o(.text)
    EXTI3_IRQHandler                         0x0800148f   Thumb Code     0  cstartup.o(.text)
    EXTI4_IRQHandler                         0x0800148f   Thumb Code     0  cstartup.o(.text)
    EXTI9_5_IRQHandler                       0x0800148f   Thumb Code     0  cstartup.o(.text)
    FLASH_IRQHandler                         0x0800148f   Thumb Code     0  cstartup.o(.text)
    FSMC_IRQHandler                          0x0800148f   Thumb Code     0  cstartup.o(.text)
    HASH_RNG_IRQHandler                      0x0800148f   Thumb Code     0  cstartup.o(.text)
    I2C1_ER_IRQHandler                       0x0800148f   Thumb Code     0  cstartup.o(.text)
    I2C1_EV_IRQHandler                       0x0800148f   Thumb Code     0  cstartup.o(.text)
    I2C2_ER_IRQHandler                       0x0800148f   Thumb Code     0  cstartup.o(.text)
    I2C2_EV_IRQHandler                       0x0800148f   Thumb Code     0  cstartup.o(.text)
    I2C3_ER_IRQHandler                       0x0800148f   Thumb Code     0  cstartup.o(.text)
    I2C3_EV_IRQHandler                       0x0800148f   Thumb Code     0  cstartup.o(.text)
    OTG_FS_IRQHandler                        0x0800148f   Thumb Code     0  cstartup.o(.text)
    OTG_FS_WKUP_IRQHandler                   0x0800148f   Thumb Code     0  cstartup.o(.text)
    OTG_HS_EP1_IN_IRQHandler                 0x0800148f   Thumb Code     0  cstartup.o(.text)
    OTG_HS_EP1_OUT_IRQHandler                0x0800148f   Thumb Code     0  cstartup.o(.text)
    OTG_HS_IRQHandler                        0x0800148f   Thumb Code     0  cstartup.o(.text)
    OTG_HS_WKUP_IRQHandler                   0x0800148f   Thumb Code     0  cstartup.o(.text)
    PVD_IRQHandler                           0x0800148f   Thumb Code     0  cstartup.o(.text)
    RCC_IRQHandler                           0x0800148f   Thumb Code     0  cstartup.o(.text)
    RTC_Alarm_IRQHandler                     0x0800148f   Thumb Code     0  cstartup.o(.text)
    RTC_WKUP_IRQHandler                      0x0800148f   Thumb Code     0  cstartup.o(.text)
    SDIO_IRQHandler                          0x0800148f   Thumb Code     0  cstartup.o(.text)
    SPI1_IRQHandler                          0x0800148f   Thumb Code     0  cstartup.o(.text)
    SPI2_IRQHandler                          0x0800148f   Thumb Code     0  cstartup.o(.text)
    SPI3_IRQHandler                          0x0800148f   Thumb Code     0  cstartup.o(.text)
    TAMP_STAMP_IRQHandler                    0x0800148f   Thumb Code     0  cstartup.o(.text)
    TIM1_BRK_TIM9_IRQHandler                 0x0800148f   Thumb Code     0  cstartup.o(.text)
    TIM1_CC_IRQHandler                       0x0800148f   Thumb Code     0  cstartup.o(.text)
    TIM1_TRG_COM_TIM11_IRQHandler            0x0800148f   Thumb Code     0  cstartup.o(.text)
    TIM1_UP_TIM10_IRQHandler                 0x0800148f   Thumb Code     0  cstartup.o(.text)
    TIM2_IRQHandler                          0x0800148f   Thumb Code     0  cstartup.o(.text)
    TIM3_IRQHandler                          0x0800148f   Thumb Code     0  cstartup.o(.text)
    TIM4_IRQHandler                          0x0800148f   Thumb Code     0  cstartup.o(.text)
    TIM5_IRQHandler                          0x0800148f   Thumb Code     0  cstartup.o(.text)
    TIM6_DAC_IRQHandler                      0x0800148f   Thumb Code     0  cstartup.o(.text)
    TIM7_IRQHandler                          0x0800148f   Thumb Code     0  cstartup.o(.text)
    TIM8_BRK_TIM12_IRQHandler                0x0800148f   Thumb Code     0  cstartup.o(.text)
    TIM8_CC_IRQHandler                       0x0800148f   Thumb Code     0  cstartup.o(.text)
    TIM8_TRG_COM_TIM14_IRQHandler            0x0800148f   Thumb Code     0  cstartup.o(.text)
    TIM8_UP_TIM13_IRQHandler                 0x0800148f   Thumb Code     0  cstartup.o(.text)
    UART4_IRQHandler                         0x0800148f   Thumb Code     0  cstartup.o(.text)
    UART5_IRQHandler                         0x0800148f   Thumb Code     0  cstartup.o(.text)
    USART2_IRQHandler                        0x0800148f   Thumb Code     0  cstartup.o(.text)
    USART3_IRQHandler                        0x0800148f   Thumb Code     0  cstartup.o(.text)
    USART6_IRQHandler                        0x0800148f   Thumb Code     0  cstartup.o(.text)
    WWDG_IRQHandler                          0x0800148f   Thumb Code     0  cstartup.o(.text)
    SystemInit                               0x08001555   Thumb Code    74  system_stm32f2xx.o(.text)
    SystemCoreClockUpdate                    0x0800159f   Thumb Code   174  system_stm32f2xx.o(.text)
    USART_DeInit                             0x08001675   Thumb Code   156  stm32f2xx_usart.o(.text)
    USART_Init                               0x08001711   Thumb Code   204  stm32f2xx_usart.o(.text)
    USART_StructInit                         0x080017dd   Thumb Code    24  stm32f2xx_usart.o(.text)
    USART_ClockInit                          0x080017f5   Thumb Code    32  stm32f2xx_usart.o(.text)
    USART_ClockStructInit                    0x08001815   Thumb Code    12  stm32f2xx_usart.o(.text)
    USART_Cmd                                0x08001821   Thumb Code    24  stm32f2xx_usart.o(.text)
    USART_SetPrescaler                       0x08001839   Thumb Code    16  stm32f2xx_usart.o(.text)
    USART_OverSampling8Cmd                   0x08001849   Thumb Code    22  stm32f2xx_usart.o(.text)
    USART_OneBitMethodCmd                    0x0800185f   Thumb Code    24  stm32f2xx_usart.o(.text)
    USART_SendData                           0x08001877   Thumb Code     8  stm32f2xx_usart.o(.text)
    USART_ReceiveData                        0x0800187f   Thumb Code    10  stm32f2xx_usart.o(.text)
    USART_SetAddress                         0x08001889   Thumb Code    18  stm32f2xx_usart.o(.text)
    USART_ReceiverWakeUpCmd                  0x0800189b   Thumb Code    24  stm32f2xx_usart.o(.text)
    USART_WakeUpConfig                       0x080018b3   Thumb Code    18  stm32f2xx_usart.o(.text)
    USART_LINBreakDetectLengthConfig         0x080018c5   Thumb Code    18  stm32f2xx_usart.o(.text)
    USART_LINCmd                             0x080018d7   Thumb Code    24  stm32f2xx_usart.o(.text)
    USART_SendBreak                          0x080018ef   Thumb Code    10  stm32f2xx_usart.o(.text)
    USART_HalfDuplexCmd                      0x080018f9   Thumb Code    24  stm32f2xx_usart.o(.text)
    USART_SetGuardTime                       0x08001911   Thumb Code    16  stm32f2xx_usart.o(.text)
    USART_SmartCardCmd                       0x08001921   Thumb Code    24  stm32f2xx_usart.o(.text)
    USART_SmartCardNACKCmd                   0x08001939   Thumb Code    24  stm32f2xx_usart.o(.text)
    USART_IrDAConfig                         0x08001951   Thumb Code    18  stm32f2xx_usart.o(.text)
    USART_IrDACmd                            0x08001963   Thumb Code    24  stm32f2xx_usart.o(.text)
    USART_DMACmd                             0x0800197b   Thumb Code    18  stm32f2xx_usart.o(.text)
    USART_ITConfig                           0x0800198d   Thumb Code    74  stm32f2xx_usart.o(.text)
    USART_GetFlagStatus                      0x080019d7   Thumb Code    26  stm32f2xx_usart.o(.text)
    USART_ClearFlag                          0x080019f1   Thumb Code    18  stm32f2xx_usart.o(.text)
    USART_GetITStatus                        0x08001a03   Thumb Code   110  stm32f2xx_usart.o(.text)
    USART_ClearITPendingBit                  0x08001a71   Thumb Code    30  stm32f2xx_usart.o(.text)
    vListInitialise                          0x08001a8f   Thumb Code    26  list.o(.text)
    vListInitialiseItem                      0x08001aa9   Thumb Code     6  list.o(.text)
    vListInsertEnd                           0x08001aaf   Thumb Code    24  list.o(.text)
    vListInsert                              0x08001ac7   Thumb Code    52  list.o(.text)
    uxListRemove                             0x08001afb   Thumb Code    40  list.o(.text)
    xQueueGenericReset                       0x08001b25   Thumb Code   122  queue.o(.text)
    xQueueGenericCreate                      0x08001bc5   Thumb Code    56  queue.o(.text)
    xQueueGenericSend                        0x08001d15   Thumb Code   276  queue.o(.text)
    xQueueCreateMutex                        0x08001e45   Thumb Code    34  queue.o(.text)
    xQueueGenericSendFromISR                 0x08001e67   Thumb Code   134  queue.o(.text)
    xQueueGiveFromISR                        0x08001eed   Thumb Code   124  queue.o(.text)
    xQueueReceive                            0x08001fad   Thumb Code   256  queue.o(.text)
    xQueueSemaphoreTake                      0x080020c1   Thumb Code   300  queue.o(.text)
    xQueuePeek                               0x080021ed   Thumb Code   262  queue.o(.text)
    xQueueReceiveFromISR                     0x080022f3   Thumb Code   130  queue.o(.text)
    xQueuePeekFromISR                        0x08002375   Thumb Code    74  queue.o(.text)
    uxQueueMessagesWaiting                   0x080023bf   Thumb Code    22  queue.o(.text)
    uxQueueSpacesAvailable                   0x080023d5   Thumb Code    24  queue.o(.text)
    uxQueueMessagesWaitingFromISR            0x080023ed   Thumb Code     6  queue.o(.text)
    vQueueDelete                             0x080023f3   Thumb Code    14  queue.o(.text)
    xQueueIsQueueEmptyFromISR                0x08002401   Thumb Code    14  queue.o(.text)
    xQueueIsQueueFullFromISR                 0x0800240f   Thumb Code    18  queue.o(.text)
    xTaskCreate                              0x08002583   Thumb Code    96  tasks.o(.text)
    vTaskDelete                              0x0800261f   Thumb Code   166  tasks.o(.text)
    xTaskIncrementTick                       0x080026c5   Thumb Code   238  tasks.o(.text)
    xTaskResumeAll                           0x080027b3   Thumb Code   282  tasks.o(.text)
    vTaskSuspendAll                          0x08002949   Thumb Code    12  tasks.o(.text)
    vTaskDelayUntil                          0x08002955   Thumb Code   106  tasks.o(.text)
    vTaskDelay                               0x080029bf   Thumb Code    46  tasks.o(.text)
    uxTaskPriorityGet                        0x080029ed   Thumb Code    30  tasks.o(.text)
    uxTaskPriorityGetFromISR                 0x08002a0b   Thumb Code    52  tasks.o(.text)
    vTaskPrioritySet                         0x08002a3f   Thumb Code   226  tasks.o(.text)
    vTaskSwitchContext                       0x08002b21   Thumb Code    76  tasks.o(.text)
    vTaskSuspend                             0x08002b6d   Thumb Code   174  tasks.o(.text)
    vTaskResume                              0x08002c53   Thumb Code   172  tasks.o(.text)
    xTaskResumeFromISR                       0x08002cff   Thumb Code   130  tasks.o(.text)
    vTaskStartScheduler                      0x08002ddd   Thumb Code    72  tasks.o(.text)
    vTaskEndScheduler                        0x08002e25   Thumb Code    32  tasks.o(.text)
    xTaskGetTickCount                        0x08002e45   Thumb Code     6  tasks.o(.text)
    xTaskGetTickCountFromISR                 0x08002e4b   Thumb Code     8  tasks.o(.text)
    uxTaskGetNumberOfTasks                   0x08002e53   Thumb Code     6  tasks.o(.text)
    pcTaskGetName                            0x08002e59   Thumb Code    20  tasks.o(.text)
    vTaskPlaceOnEventList                    0x08002e6d   Thumb Code    28  tasks.o(.text)
    vTaskPlaceOnUnorderedEventList           0x08002e89   Thumb Code    40  tasks.o(.text)
    xTaskRemoveFromEventList                 0x08002eb1   Thumb Code   104  tasks.o(.text)
    vTaskRemoveFromUnorderedEventList        0x08002f19   Thumb Code    82  tasks.o(.text)
    vTaskSetTimeOutState                     0x08002f6b   Thumb Code    26  tasks.o(.text)
    vTaskInternalSetTimeOutState             0x08002f85   Thumb Code    14  tasks.o(.text)
    xTaskCheckForTimeOut                     0x08002f93   Thumb Code    84  tasks.o(.text)
    vTaskMissedYield                         0x08002fe7   Thumb Code     8  tasks.o(.text)
    xTaskGetCurrentTaskHandle                0x08002fef   Thumb Code     6  tasks.o(.text)
    xTaskPriorityInherit                     0x08002ff5   Thumb Code   260  tasks.o(.text)
    xTaskPriorityDisinherit                  0x080030f9   Thumb Code   122  tasks.o(.text)
    vTaskPriorityDisinheritAfterTimeout      0x08003173   Thumb Code   166  tasks.o(.text)
    uxTaskResetEventItemValue                0x08003219   Thumb Code    24  tasks.o(.text)
    pvTaskIncrementMutexHeldCount            0x08003231   Thumb Code    26  tasks.o(.text)
    ulTaskNotifyTake                         0x0800324b   Thumb Code   108  tasks.o(.text)
    xTaskNotifyWait                          0x080032b7   Thumb Code   150  tasks.o(.text)
    xTaskGenericNotify                       0x0800334d   Thumb Code   178  tasks.o(.text)
    xTaskGenericNotifyFromISR                0x080033ff   Thumb Code   254  tasks.o(.text)
    vTaskNotifyGiveFromISR                   0x080034fd   Thumb Code   154  tasks.o(.text)
    xTaskNotifyStateClear                    0x08003597   Thumb Code    48  tasks.o(.text)
    pxPortInitialiseStack                    0x080035f7   Thumb Code    30  port.o(.text)
    vPortSetupTimerInterrupt                 0x08003615   Thumb Code    20  port.o(.text)
    xPortStartScheduler                      0x08003629   Thumb Code    42  port.o(.text)
    vPortEndScheduler                        0x08003653   Thumb Code     2  port.o(.text)
    vPortEnterCritical                       0x08003655   Thumb Code    30  port.o(.text)
    vPortExitCritical                        0x08003673   Thumb Code    28  port.o(.text)
    xPortSysTickHandler                      0x0800368f   Thumb Code    48  port.o(.text)
    pvPortMalloc                             0x080036fb   Thumb Code   166  heap_2.o(.text)
    vPortFree                                0x080037a1   Thumb Code    56  heap_2.o(.text)
    xPortGetFreeHeapSize                     0x080037d9   Thumb Code     6  heap_2.o(.text)
    vPortInitialiseBlocks                    0x080037df   Thumb Code     2  heap_2.o(.text)
    __aeabi_memcpy                           0x080037f5   Thumb Code    36  memcpya.o(.text)
    __aeabi_memcpy4                          0x080037f5   Thumb Code     0  memcpya.o(.text)
    __aeabi_memcpy8                          0x080037f5   Thumb Code     0  memcpya.o(.text)
    __aeabi_memset                           0x08003819   Thumb Code    14  memseta.o(.text)
    __aeabi_memset4                          0x08003819   Thumb Code     0  memseta.o(.text)
    __aeabi_memset8                          0x08003819   Thumb Code     0  memseta.o(.text)
    __aeabi_memclr                           0x08003827   Thumb Code     4  memseta.o(.text)
    __aeabi_memclr4                          0x08003827   Thumb Code     0  memseta.o(.text)
    __aeabi_memclr8                          0x08003827   Thumb Code     0  memseta.o(.text)
    _memset$wrapper                          0x0800382b   Thumb Code    18  memseta.o(.text)
    strcat                                   0x0800383d   Thumb Code    24  strcat.o(.text)
    strlen                                   0x08003855   Thumb Code    14  strlen.o(.text)
    strcmp                                   0x08003863   Thumb Code    28  strcmp.o(.text)
    strcpy                                   0x0800387f   Thumb Code    18  strcpy.o(.text)
    strncmp                                  0x08003891   Thumb Code    30  strncmp.o(.text)
    __aeabi_uidiv                            0x080038af   Thumb Code     0  uidiv.o(.text)
    __aeabi_uidivmod                         0x080038af   Thumb Code    44  uidiv.o(.text)
    __aeabi_uldivmod                         0x080038db   Thumb Code    98  uldiv.o(.text)
    __I$use$fp                               0x0800393d   Thumb Code     0  iusefp.o(.text)
    __aeabi_dadd                             0x0800393d   Thumb Code   322  dadd.o(.text)
    __aeabi_dsub                             0x08003a7f   Thumb Code     6  dadd.o(.text)
    __aeabi_drsub                            0x08003a85   Thumb Code     6  dadd.o(.text)
    __aeabi_dmul                             0x08003a8b   Thumb Code   228  dmul.o(.text)
    __aeabi_ddiv                             0x08003b6f   Thumb Code   222  ddiv.o(.text)
    __aeabi_d2ulz                            0x08003c4d   Thumb Code    48  dfixul.o(.text)
    __aeabi_cdrcmple                         0x08003c7d   Thumb Code    48  cdrcmple.o(.text)
    __scatterload                            0x08003cad   Thumb Code    28  init.o(.text)
    __scatterload_rt2                        0x08003cad   Thumb Code     0  init.o(.text)
    __aeabi_llsl                             0x08003cd1   Thumb Code    30  llshl.o(.text)
    _ll_shift_l                              0x08003cd1   Thumb Code     0  llshl.o(.text)
    __aeabi_llsr                             0x08003cef   Thumb Code    32  llushr.o(.text)
    _ll_ushift_r                             0x08003cef   Thumb Code     0  llushr.o(.text)
    __aeabi_lasr                             0x08003d0f   Thumb Code    36  llsshr.o(.text)
    _ll_sshift_r                             0x08003d0f   Thumb Code     0  llsshr.o(.text)
    _double_round                            0x08003d33   Thumb Code    30  depilogue.o(.text)
    _double_epilogue                         0x08003d51   Thumb Code   156  depilogue.o(.text)
    __0sprintf$2                             0x08003ded   Thumb Code    34  printf2.o(i.__0sprintf$2)
    __1sprintf$2                             0x08003ded   Thumb Code     0  printf2.o(i.__0sprintf$2)
    __2sprintf                               0x08003ded   Thumb Code     0  printf2.o(i.__0sprintf$2)
    __0vsprintf                              0x08003e15   Thumb Code    30  printfa.o(i.__0vsprintf)
    __1vsprintf                              0x08003e15   Thumb Code     0  printfa.o(i.__0vsprintf)
    __2vsprintf                              0x08003e15   Thumb Code     0  printfa.o(i.__0vsprintf)
    __c89vsprintf                            0x08003e15   Thumb Code     0  printfa.o(i.__0vsprintf)
    vsprintf                                 0x08003e15   Thumb Code     0  printfa.o(i.__0vsprintf)
    __scatterload_copy                       0x08003e39   Thumb Code    14  handlers.o(i.__scatterload_copy)
    __scatterload_null                       0x08003e47   Thumb Code     2  handlers.o(i.__scatterload_null)
    __scatterload_zeroinit                   0x08003e49   Thumb Code    14  handlers.o(i.__scatterload_zeroinit)
    Region$$Table$$Base                      0x080049ec   Number         0  anon$$obj.o(Region$$Table)
    Region$$Table$$Limit                     0x08004a0c   Number         0  anon$$obj.o(Region$$Table)
    SystemCoreClock                          0x2000005c   Data           4  system_stm32f2xx.o(.data)
    AHBPrescTable                            0x20000060   Data          16  system_stm32f2xx.o(.data)
    pxCurrentTCB                             0x20000070   Data           4  tasks.o(.data)
    __initial_sp                             0x20004a90   Data           0  cstartup.o(STACK)



==============================================================================

Memory Map of the image

  Image Entry point : 0x08000185

  Load Region LR_IROM1 (Base: 0x08000000, Size: 0x00004ad4, Max: 0x00100000, ABSOLUTE)

    Execution Region ER_IROM1 (Exec base: 0x08000000, Load base: 0x08000000, Size: 0x00004a0c, Max: 0x00100000, ABSOLUTE)

    Exec Addr    Load Addr    Size         Type   Attr      Idx    E Section Name        Object

    0x08000000   0x08000000   0x00000184   Data   RO          452    RESET               cstartup.o
    0x08000184   0x08000184   0x00000000   Code   RO          725  * .ARM.Collect$$$$00000000  mc_w.l(entry.o)
    0x08000184   0x08000184   0x00000004   Code   RO         1005    .ARM.Collect$$$$00000001  mc_w.l(entry2.o)
    0x08000188   0x08000188   0x00000004   Code   RO         1008    .ARM.Collect$$$$00000004  mc_w.l(entry5.o)
    0x0800018c   0x0800018c   0x00000000   Code   RO         1010    .ARM.Collect$$$$00000008  mc_w.l(entry7b.o)
    0x0800018c   0x0800018c   0x00000000   Code   RO         1012    .ARM.Collect$$$$0000000A  mc_w.l(entry8b.o)
    0x0800018c   0x0800018c   0x00000008   Code   RO         1013    .ARM.Collect$$$$0000000B  mc_w.l(entry9a.o)
    0x08000194   0x08000194   0x00000000   Code   RO         1015    .ARM.Collect$$$$0000000D  mc_w.l(entry10a.o)
    0x08000194   0x08000194   0x00000000   Code   RO         1017    .ARM.Collect$$$$0000000F  mc_w.l(entry11a.o)
    0x08000194   0x08000194   0x00000004   Code   RO         1006    .ARM.Collect$$$$00002712  mc_w.l(entry2.o)
    0x08000198   0x08000198   0x00000096   Code   RO          659    .emb_text           port.o
    0x0800022e   0x0800022e   0x00000002   PAD
    0x08000230   0x08000230   0x0000009c   Code   RO            4    .text               main.o
    0x080002cc   0x080002cc   0x000002d4   Code   RO          184    .text               serial.o
    0x080005a0   0x080005a0   0x0000014c   Code   RO          235    .text               app_led.o
    0x080006ec   0x080006ec   0x000000c4   Code   RO          265    .text               app_cli.o
    0x080007b0   0x080007b0   0x000003b0   Code   RO          303    .text               mid_cli.o
    0x08000b60   0x08000b60   0x00000038   Code   RO          332    .text               hal_cli.o
    0x08000b98   0x08000b98   0x000000e0   Code   RO          352    .text               misc.o
    0x08000c78   0x08000c78   0x0000025c   Code   RO          376    .text               stm32f2xx_gpio.o
    0x08000ed4   0x08000ed4   0x0000001a   Code   RO          400    .text               stm32f2xx_it.o
    0x08000eee   0x08000eee   0x00000002   PAD
    0x08000ef0   0x08000ef0   0x00000588   Code   RO          427    .text               stm32f2xx_rcc.o
    0x08001478   0x08001478   0x0000001c   Code   RO          453    .text               cstartup.o
    0x08001494   0x08001494   0x000001e0   Code   RO          460    .text               system_stm32f2xx.o
    0x08001674   0x08001674   0x0000041a   Code   RO          490    .text               stm32f2xx_usart.o
    0x08001a8e   0x08001a8e   0x00000094   Code   RO          598    .text               list.o
    0x08001b22   0x08001b22   0x00000002   PAD
    0x08001b24   0x08001b24   0x000008fc   Code   RO          610    .text               queue.o
    0x08002420   0x08002420   0x000011c0   Code   RO          622    .text               tasks.o
    0x080035e0   0x080035e0   0x000000f0   Code   RO          660    .text               port.o
    0x080036d0   0x080036d0   0x00000124   Code   RO          689    .text               heap_2.o
    0x080037f4   0x080037f4   0x00000024   Code   RO          728    .text               mc_w.l(memcpya.o)
    0x08003818   0x08003818   0x00000024   Code   RO          730    .text               mc_w.l(memseta.o)
    0x0800383c   0x0800383c   0x00000018   Code   RO          732    .text               mc_w.l(strcat.o)
    0x08003854   0x08003854   0x0000000e   Code   RO          734    .text               mc_w.l(strlen.o)
    0x08003862   0x08003862   0x0000001c   Code   RO          736    .text               mc_w.l(strcmp.o)
    0x0800387e   0x0800387e   0x00000012   Code   RO          738    .text               mc_w.l(strcpy.o)
    0x08003890   0x08003890   0x0000001e   Code   RO          740    .text               mc_w.l(strncmp.o)
    0x080038ae   0x080038ae   0x0000002c   Code   RO         1022    .text               mc_w.l(uidiv.o)
    0x080038da   0x080038da   0x00000062   Code   RO         1024    .text               mc_w.l(uldiv.o)
    0x0800393c   0x0800393c   0x00000000   Code   RO         1026    .text               mc_w.l(iusefp.o)
    0x0800393c   0x0800393c   0x0000014e   Code   RO         1027    .text               mf_w.l(dadd.o)
    0x08003a8a   0x08003a8a   0x000000e4   Code   RO         1029    .text               mf_w.l(dmul.o)
    0x08003b6e   0x08003b6e   0x000000de   Code   RO         1031    .text               mf_w.l(ddiv.o)
    0x08003c4c   0x08003c4c   0x00000030   Code   RO         1033    .text               mf_w.l(dfixul.o)
    0x08003c7c   0x08003c7c   0x00000030   Code   RO         1035    .text               mf_w.l(cdrcmple.o)
    0x08003cac   0x08003cac   0x00000024   Code   RO         1037    .text               mc_w.l(init.o)
    0x08003cd0   0x08003cd0   0x0000001e   Code   RO         1040    .text               mc_w.l(llshl.o)
    0x08003cee   0x08003cee   0x00000020   Code   RO         1042    .text               mc_w.l(llushr.o)
    0x08003d0e   0x08003d0e   0x00000024   Code   RO         1044    .text               mc_w.l(llsshr.o)
    0x08003d32   0x08003d32   0x000000ba   Code   RO         1047    .text               mf_w.l(depilogue.o)
    0x08003dec   0x08003dec   0x00000028   Code   RO          813    i.__0sprintf$2      mc_w.l(printf2.o)
    0x08003e14   0x08003e14   0x00000024   Code   RO          983    i.__0vsprintf       mc_w.l(printfa.o)
    0x08003e38   0x08003e38   0x0000000e   Code   RO         1051    i.__scatterload_copy  mc_w.l(handlers.o)
    0x08003e46   0x08003e46   0x00000002   Code   RO         1052    i.__scatterload_null  mc_w.l(handlers.o)
    0x08003e48   0x08003e48   0x0000000e   Code   RO         1053    i.__scatterload_zeroinit  mc_w.l(handlers.o)
    0x08003e56   0x08003e56   0x00000002   PAD
    0x08003e58   0x08003e58   0x00000184   Code   RO          984    i._fp_digits        mc_w.l(printfa.o)
    0x08003fdc   0x08003fdc   0x000000d6   Code   RO          818    i._printf_core      mc_w.l(printf2.o)
    0x080040b2   0x080040b2   0x00000002   PAD
    0x080040b4   0x080040b4   0x000006dc   Code   RO          985    i._printf_core      mc_w.l(printfa.o)
    0x08004790   0x08004790   0x00000024   Code   RO          986    i._printf_post_padding  mc_w.l(printfa.o)
    0x080047b4   0x080047b4   0x0000002e   Code   RO          987    i._printf_pre_padding  mc_w.l(printfa.o)
    0x080047e2   0x080047e2   0x0000000a   Code   RO          820    i._sputc            mc_w.l(printf2.o)
    0x080047ec   0x080047ec   0x0000000a   Code   RO          989    i._sputc            mc_w.l(printfa.o)
    0x080047f6   0x080047f6   0x00000002   PAD
    0x080047f8   0x080047f8   0x00000030   Data   RO          266    .constdata          app_cli.o
    0x08004828   0x08004828   0x00000066   Data   RO          305    .constdata          mid_cli.o
    0x0800488e   0x0800488e   0x00000002   PAD
    0x08004890   0x08004890   0x00000106   Data   RO          267    .conststring        app_cli.o
    0x08004996   0x08004996   0x00000002   PAD
    0x08004998   0x08004998   0x00000051   Data   RO          306    .conststring        mid_cli.o
    0x080049e9   0x080049e9   0x00000003   PAD
    0x080049ec   0x080049ec   0x00000020   Data   RO         1049    Region$$Table       anon$$obj.o


    Execution Region RW_IRAM1 (Exec base: 0x20000000, Load base: 0x08004a0c, Size: 0x00004a90, Max: 0x00020000, ABSOLUTE)

    Exec Addr    Load Addr    Size         Type   Attr      Idx    E Section Name        Object

    0x20000000   0x08004a0c   0x0000000c   Data   RW          185    .data               serial.o
    0x2000000c   0x08004a18   0x0000001c   Data   RW          268    .data               app_cli.o
    0x20000028   0x08004a34   0x0000001c   Data   RW          307    .data               mid_cli.o
    0x20000044   0x08004a50   0x00000008   Data   RW          333    .data               hal_cli.o
    0x2000004c   0x08004a58   0x00000010   Data   RW          428    .data               stm32f2xx_rcc.o
    0x2000005c   0x08004a68   0x00000014   Data   RW          461    .data               system_stm32f2xx.o
    0x20000070   0x08004a7c   0x0000003c   Data   RW          624    .data               tasks.o
    0x200000ac   0x08004ab8   0x00000004   Data   RW          661    .data               port.o
    0x200000b0   0x08004abc   0x00000018   Data   RW          691    .data               heap_2.o
    0x200000c8        -       0x00000100   Zero   RW          304    .bss                mid_cli.o
    0x200001c8        -       0x000000c8   Zero   RW          623    .bss                tasks.o
    0x20000290        -       0x00004400   Zero   RW          690    .bss                heap_2.o
    0x20004690        -       0x00000400   Zero   RW          450    STACK               cstartup.o


==============================================================================

Image component sizes


      Code (inc. data)   RO Data    RW Data    ZI Data      Debug   Object Name

       196         36        310         28          0       2771   app_cli.o
       332          8          0          0          0       1319   app_led.o
        28          4        388          0       1024        764   cstartup.o
         0          0          0          0          0       7836   event_groups.o
        56         10          0          8          0       1551   hal_cli.o
       292         20          0         24      17408       3092   heap_2.o
       148          0          0          0          0       1790   list.o
       156         48          0          0          0     249279   main.o
       944         98        183         28        256       5538   mid_cli.o
       224         20          0          0          0       1709   misc.o
       390         30          0          4          0       6972   port.o
      2300          8          0          0          0      12676   queue.o
       724         38          0         12          0       7492   serial.o
       604         36          0          0          0       3873   stm32f2xx_gpio.o
        26          0          0          0          0       1194   stm32f2xx_it.o
      1416         48          0         16          0      10827   stm32f2xx_rcc.o
      1050         26          0          0          0       7604   stm32f2xx_usart.o
       480         40          0         20          0       1667   system_stm32f2xx.o
      4544        280          0         60        200      28561   tasks.o

    ----------------------------------------------------------------------
     13916        750        920        200      18888     356515   Object Totals
         0          0         32          0          0          0   (incl. Generated)
         6          0          7          0          0          0   (incl. Padding)

    ----------------------------------------------------------------------

      Code (inc. data)   RO Data    RW Data    ZI Data      Debug   Library Member Name

         0          0          0          0          0          0   entry.o
         0          0          0          0          0          0   entry10a.o
         0          0          0          0          0          0   entry11a.o
         8          4          0          0          0          0   entry2.o
         4          0          0          0          0          0   entry5.o
         0          0          0          0          0          0   entry7b.o
         0          0          0          0          0          0   entry8b.o
         8          4          0          0          0          0   entry9a.o
        30          0          0          0          0          0   handlers.o
        36          8          0          0          0         68   init.o
         0          0          0          0          0          0   iusefp.o
        30          0          0          0          0         68   llshl.o
        36          0          0          0          0         68   llsshr.o
        32          0          0          0          0         68   llushr.o
        36          0          0          0          0         68   memcpya.o
        36          0          0          0          0        108   memseta.o
       264          6          0          0          0        244   printf2.o
      2272         86          0          0          0        516   printfa.o
        24          0          0          0          0         68   strcat.o
        28          0          0          0          0         76   strcmp.o
        18          0          0          0          0         68   strcpy.o
        14          0          0          0          0         68   strlen.o
        30          0          0          0          0         80   strncmp.o
        44          0          0          0          0         80   uidiv.o
        98          0          0          0          0         92   uldiv.o
        48          0          0          0          0         68   cdrcmple.o
       334          0          0          0          0        148   dadd.o
       222          0          0          0          0        100   ddiv.o
       186          0          0          0          0        176   depilogue.o
        48          0          0          0          0         68   dfixul.o
       228          0          0          0          0         96   dmul.o

    ----------------------------------------------------------------------
      4120        108          0          0          0       2396   Library Totals
         6          0          0          0          0          0   (incl. Padding)

    ----------------------------------------------------------------------

      Code (inc. data)   RO Data    RW Data    ZI Data      Debug   Library Name

      3048        108          0          0          0       1740   mc_w.l
      1066          0          0          0          0        656   mf_w.l

    ----------------------------------------------------------------------
      4120        108          0          0          0       2396   Library Totals

    ----------------------------------------------------------------------

==============================================================================


      Code (inc. data)   RO Data    RW Data    ZI Data      Debug   

     18036        858        920        200      18888     355995   Grand Totals
     18036        858        920        200      18888     355995   ELF Image Totals
     18036        858        920        200          0          0   ROM Totals

==============================================================================

    Total RO  Size (Code + RO Data)                18956 (  18.51kB)
    Total RW  Size (RW Data + ZI Data)             19088 (  18.64kB)
    Total ROM Size (Code + RO Data + RW Data)      19156 (  18.71kB)

==============================================================================

