Product: MDK-ARM Standard 5.10
Component: ARM Compiler 5.04 update 1 (build 49)
Tool: armlink [5040049]

==============================================================================

Section Cross References

    main.o(.text) refers to system_stm32f2xx.o(.text) for SystemInit
    main.o(.text) refers to app_led.o(.text) for BSP_LED_Init
    main.o(.text) refers to uarttest.o(.text) for vAltStartComTestTasks
    main.o(.text) refers to tasks.o(.text) for xTaskCreate
    main.o(.text) refers to uartcommandconsole.o(.text) for vUARTCommandConsoleStart
    main.o(.text) refers to cli-commands.o(.text) for vRegisterCLICommands
    serial.o(.text) refers to queue.o(.text) for xQueueGenericCreate
    serial.o(.text) refers to stm32f2xx_rcc.o(.text) for RCC_APB2PeriphClockCmd
    serial.o(.text) refers to stm32f2xx_gpio.o(.text) for GPIO_PinAFConfig
    serial.o(.text) refers to stm32f2xx_usart.o(.text) for USART_Init
    serial.o(.text) refers to misc.o(.text) for NVIC_Init
    serial.o(.text) refers to serial.o(.data) for xRxedChars
    app_led.o(.text) refers to stm32f2xx_rcc.o(.text) for RCC_AHB1PeriphClockCmd
    app_led.o(.text) refers to stm32f2xx_gpio.o(.text) for GPIO_Init
    app_led.o(.text) refers to tasks.o(.text) for xTaskGetTickCount
    uarttest.o(.text) refers to queue.o(.text) for xQueueGenericReceive
    uarttest.o(.text) refers to stm32f2xx_usart.o(.text) for USART_SendData
    uarttest.o(.text) refers to tasks.o(.text) for vTaskDelay
    uarttest.o(.text) refers to printfa.o(i.__0vsprintf) for __c89vsprintf
    uarttest.o(.text) refers to serial.o(.text) for vSerialPutString
    uarttest.o(.text) refers to strlen.o(.text) for strlen
    uarttest.o(.text) refers to serial.o(.data) for xCharsForTx
    uarttest.o(.text) refers to uarttest.o(.data) for xPort
    freertos_cli.o(.text) refers to heap_2.o(.text) for pvPortMalloc
    freertos_cli.o(.text) refers to port.o(.text) for vPortEnterCritical
    freertos_cli.o(.text) refers to strlen.o(.text) for strlen
    freertos_cli.o(.text) refers to strncmp.o(.text) for strncmp
    freertos_cli.o(.text) refers to strcpy.o(.text) for strcpy
    freertos_cli.o(.text) refers to freertos_cli.o(.data) for pxLastCommandInList
    freertos_cli.o(.text) refers to freertos_cli.o(.constdata) for log1
    freertos_cli.o(.text) refers to freertos_cli.o(.bss) for cOutputBuffer
    freertos_cli.o(.constdata) refers to freertos_cli.o(.conststring) for .conststring
    freertos_cli.o(.constdata) refers to freertos_cli.o(.text) for prvHelpCommand
    freertos_cli.o(.data) refers to freertos_cli.o(.constdata) for xHelpCommand
    uartcommandconsole.o(.text) refers to freertos_cli.o(.text) for FreeRTOS_CLIGetOutputBuffer
    uartcommandconsole.o(.text) refers to serial.o(.text) for xSerialPortInitMinimal
    uartcommandconsole.o(.text) refers to queue.o(.text) for xQueueGenericReceive
    uartcommandconsole.o(.text) refers to strlen.o(.text) for strlen
    uartcommandconsole.o(.text) refers to strcpy.o(.text) for strcpy
    uartcommandconsole.o(.text) refers to memseta.o(.text) for __aeabi_memclr
    uartcommandconsole.o(.text) refers to tasks.o(.text) for xTaskCreate
    uartcommandconsole.o(.text) refers to uartcommandconsole.o(.data) for xTxMutex
    uartcommandconsole.o(.text) refers to uartcommandconsole.o(.constdata) for pcNewLine
    uartcommandconsole.o(.text) refers to uartcommandconsole.o(.bss) for cLastInputString
    uartcommandconsole.o(.constdata) refers to uartcommandconsole.o(.conststring) for .conststring
    cli-commands.o(.text) refers to freertos_cli.o(.text) for FreeRTOS_CLIRegisterCommand
    cli-commands.o(.text) refers to strcpy.o(.text) for strcpy
    cli-commands.o(.text) refers to cli-commands.o(.constdata) for xHelloCommand
    cli-commands.o(.constdata) refers to cli-commands.o(.conststring) for .conststring
    cli-commands.o(.constdata) refers to cli-commands.o(.text) for prvHelloCommand
    stm32f2xx_gpio.o(.text) refers to stm32f2xx_rcc.o(.text) for RCC_AHB1PeriphResetCmd
    stm32f2xx_rcc.o(.text) refers to stm32f2xx_rcc.o(.data) for APBAHBPrescTable
    cstartup.o(RESET) refers to cstartup.o(STACK) for __initial_sp
    cstartup.o(RESET) refers to cstartup.o(.text) for Reset_Handler
    cstartup.o(RESET) refers to stm32f2xx_it.o(.text) for NMI_Handler
    cstartup.o(RESET) refers to port.o(.emb_text) for vPortSVCHandler
    cstartup.o(RESET) refers to port.o(.text) for xPortSysTickHandler
    cstartup.o(RESET) refers to serial.o(.text) for USART1_IRQHandler
    cstartup.o(.text) refers to entry.o(.ARM.Collect$$$$00000000) for __main
    system_stm32f2xx.o(.text) refers to system_stm32f2xx.o(.data) for SystemCoreClock
    stm32f2xx_usart.o(.text) refers to stm32f2xx_rcc.o(.text) for RCC_APB2PeriphResetCmd
    event_groups.o(.text) refers to heap_2.o(.text) for pvPortMalloc
    event_groups.o(.text) refers to list.o(.text) for vListInitialise
    event_groups.o(.text) refers to tasks.o(.text) for vTaskSuspendAll
    event_groups.o(.text) refers to port.o(.text) for vPortEnterCritical
    queue.o(.text) refers to port.o(.text) for vPortEnterCritical
    queue.o(.text) refers to tasks.o(.text) for xTaskRemoveFromEventList
    queue.o(.text) refers to list.o(.text) for vListInitialise
    queue.o(.text) refers to heap_2.o(.text) for pvPortMalloc
    queue.o(.text) refers to memcpya.o(.text) for __aeabi_memcpy
    tasks.o(.text) refers to list.o(.text) for vListInitialise
    tasks.o(.text) refers to port.o(.text) for vPortEnterCritical
    tasks.o(.text) refers to heap_2.o(.text) for pvPortMalloc
    tasks.o(.text) refers to tasks.o(.bss) for pxReadyTasksLists
    tasks.o(.text) refers to tasks.o(.data) for pxDelayedTaskList
    port.o(.emb_text) refers to tasks.o(.text) for vTaskSwitchContext
    port.o(.emb_text) refers to tasks.o(.data) for pxCurrentTCB
    port.o(.text) refers to port.o(.emb_text) for __asm___6_port_c_39a90d8d__prvStartFirstTask
    port.o(.text) refers to tasks.o(.text) for xTaskIncrementTick
    port.o(.text) refers to port.o(.data) for uxCriticalNesting
    heap_2.o(.text) refers to tasks.o(.text) for vTaskSuspendAll
    heap_2.o(.text) refers to heap_2.o(.bss) for ucHeap
    heap_2.o(.text) refers to heap_2.o(.data) for xStart
    entry.o(.ARM.Collect$$$$00000000) refers (Special) to entry10a.o(.ARM.Collect$$$$0000000D) for __rt_final_cpp
    entry.o(.ARM.Collect$$$$00000000) refers (Special) to entry11a.o(.ARM.Collect$$$$0000000F) for __rt_final_exit
    entry.o(.ARM.Collect$$$$00000000) refers (Special) to entry7b.o(.ARM.Collect$$$$00000008) for _main_clock
    entry.o(.ARM.Collect$$$$00000000) refers (Special) to entry8b.o(.ARM.Collect$$$$0000000A) for _main_cpp_init
    entry.o(.ARM.Collect$$$$00000000) refers (Special) to entry9a.o(.ARM.Collect$$$$0000000B) for _main_init
    entry.o(.ARM.Collect$$$$00000000) refers (Special) to entry5.o(.ARM.Collect$$$$00000004) for _main_scatterload
    entry.o(.ARM.Collect$$$$00000000) refers (Special) to entry2.o(.ARM.Collect$$$$00000001) for _main_stk
    printfa.o(i.__0fprintf) refers (Special) to iusefp.o(.text) for __I$use$fp
    printfa.o(i.__0fprintf) refers to printfa.o(i._printf_core) for _printf_core
    printfa.o(i.__0fprintf) refers to fputc.o(i.fputc) for fputc
    printfa.o(i.__0printf) refers (Special) to iusefp.o(.text) for __I$use$fp
    printfa.o(i.__0printf) refers to printfa.o(i._printf_core) for _printf_core
    printfa.o(i.__0printf) refers to fputc.o(i.fputc) for fputc
    printfa.o(i.__0printf) refers to stdout.o(.data) for __stdout
    printfa.o(i.__0snprintf) refers (Special) to iusefp.o(.text) for __I$use$fp
    printfa.o(i.__0snprintf) refers to printfa.o(i._printf_core) for _printf_core
    printfa.o(i.__0snprintf) refers to printfa.o(i._snputc) for _snputc
    printfa.o(i.__0sprintf) refers (Special) to iusefp.o(.text) for __I$use$fp
    printfa.o(i.__0sprintf) refers to printfa.o(i._printf_core) for _printf_core
    printfa.o(i.__0sprintf) refers to printfa.o(i._sputc) for _sputc
    printfa.o(i.__0vfprintf) refers (Special) to iusefp.o(.text) for __I$use$fp
    printfa.o(i.__0vfprintf) refers to printfa.o(i._printf_core) for _printf_core
    printfa.o(i.__0vfprintf) refers to fputc.o(i.fputc) for fputc
    printfa.o(i.__0vprintf) refers (Special) to iusefp.o(.text) for __I$use$fp
    printfa.o(i.__0vprintf) refers to printfa.o(i._printf_core) for _printf_core
    printfa.o(i.__0vprintf) refers to fputc.o(i.fputc) for fputc
    printfa.o(i.__0vprintf) refers to stdout.o(.data) for __stdout
    printfa.o(i.__0vsnprintf) refers (Special) to iusefp.o(.text) for __I$use$fp
    printfa.o(i.__0vsnprintf) refers to printfa.o(i._printf_core) for _printf_core
    printfa.o(i.__0vsnprintf) refers to printfa.o(i._snputc) for _snputc
    printfa.o(i.__0vsprintf) refers (Special) to iusefp.o(.text) for __I$use$fp
    printfa.o(i.__0vsprintf) refers to printfa.o(i._printf_core) for _printf_core
    printfa.o(i.__0vsprintf) refers to printfa.o(i._sputc) for _sputc
    printfa.o(i._fp_digits) refers (Special) to iusefp.o(.text) for __I$use$fp
    printfa.o(i._fp_digits) refers to dmul.o(.text) for __aeabi_dmul
    printfa.o(i._fp_digits) refers to ddiv.o(.text) for __aeabi_ddiv
    printfa.o(i._fp_digits) refers to cdrcmple.o(.text) for __aeabi_cdrcmple
    printfa.o(i._fp_digits) refers to dadd.o(.text) for __aeabi_dadd
    printfa.o(i._fp_digits) refers to dfixul.o(.text) for __aeabi_d2ulz
    printfa.o(i._fp_digits) refers to uldiv.o(.text) for __aeabi_uldivmod
    printfa.o(i._printf_core) refers (Special) to iusefp.o(.text) for __I$use$fp
    printfa.o(i._printf_core) refers to printfa.o(i._printf_pre_padding) for _printf_pre_padding
    printfa.o(i._printf_core) refers to uldiv.o(.text) for __aeabi_uldivmod
    printfa.o(i._printf_core) refers to printfa.o(i._printf_post_padding) for _printf_post_padding
    printfa.o(i._printf_core) refers to printfa.o(i._fp_digits) for _fp_digits
    printfa.o(i._printf_core) refers to uidiv.o(.text) for __aeabi_uidivmod
    printfa.o(i._printf_post_padding) refers (Special) to iusefp.o(.text) for __I$use$fp
    printfa.o(i._printf_pre_padding) refers (Special) to iusefp.o(.text) for __I$use$fp
    printfa.o(i._snputc) refers (Special) to iusefp.o(.text) for __I$use$fp
    printfa.o(i._sputc) refers (Special) to iusefp.o(.text) for __I$use$fp
    entry2.o(.ARM.Collect$$$$00000001) refers to entry2.o(.ARM.Collect$$$$00002712) for __lit__00000000
    entry2.o(.ARM.Collect$$$$00002712) refers to cstartup.o(STACK) for __initial_sp
    entry2.o(__vectab_stack_and_reset_area) refers to cstartup.o(STACK) for __initial_sp
    entry2.o(__vectab_stack_and_reset_area) refers to entry.o(.ARM.Collect$$$$00000000) for __main
    entry5.o(.ARM.Collect$$$$00000004) refers to init.o(.text) for __scatterload
    entry9a.o(.ARM.Collect$$$$0000000B) refers to main.o(.text) for main
    entry9b.o(.ARM.Collect$$$$0000000C) refers to main.o(.text) for main
    fputc.o(i.fputc) refers (Special) to iusesemip.o(.text) for __I$use$semihosting$fputc
    fputc.o(i.fputc) refers (Special) to semi.o(.text) for __semihosting_library_function
    uldiv.o(.text) refers to llushr.o(.text) for __aeabi_llsr
    uldiv.o(.text) refers to llshl.o(.text) for __aeabi_llsl
    dadd.o(.text) refers to llshl.o(.text) for __aeabi_llsl
    dadd.o(.text) refers to llsshr.o(.text) for __aeabi_lasr
    dadd.o(.text) refers to depilogue.o(.text) for _double_epilogue
    dmul.o(.text) refers to depilogue.o(.text) for _double_epilogue
    ddiv.o(.text) refers to depilogue.o(.text) for _double_round
    dfixul.o(.text) refers to llushr.o(.text) for __aeabi_llsr
    dfixul.o(.text) refers to llshl.o(.text) for __aeabi_llsl
    init.o(.text) refers to entry5.o(.ARM.Collect$$$$00000004) for __main_after_scatterload
    depilogue.o(.text) refers to llshl.o(.text) for __aeabi_llsl
    depilogue.o(.text) refers to llushr.o(.text) for __aeabi_llsr


==============================================================================

Removing Unused input sections from the image.

    Removing main.o(.rev16_text), (4 bytes).
    Removing main.o(.revsh_text), (4 bytes).
    Removing serial.o(.rev16_text), (4 bytes).
    Removing serial.o(.revsh_text), (4 bytes).
    Removing app_led.o(.rev16_text), (4 bytes).
    Removing app_led.o(.revsh_text), (4 bytes).
    Removing uarttest.o(.rev16_text), (4 bytes).
    Removing uarttest.o(.revsh_text), (4 bytes).
    Removing misc.o(.rev16_text), (4 bytes).
    Removing misc.o(.revsh_text), (4 bytes).
    Removing stm32f2xx_gpio.o(.rev16_text), (4 bytes).
    Removing stm32f2xx_gpio.o(.revsh_text), (4 bytes).
    Removing stm32f2xx_it.o(.rev16_text), (4 bytes).
    Removing stm32f2xx_it.o(.revsh_text), (4 bytes).
    Removing stm32f2xx_rcc.o(.rev16_text), (4 bytes).
    Removing stm32f2xx_rcc.o(.revsh_text), (4 bytes).
    Removing cstartup.o(HEAP), (512 bytes).
    Removing system_stm32f2xx.o(.rev16_text), (4 bytes).
    Removing system_stm32f2xx.o(.revsh_text), (4 bytes).
    Removing stm32f2xx_usart.o(.rev16_text), (4 bytes).
    Removing stm32f2xx_usart.o(.revsh_text), (4 bytes).
    Removing event_groups.o(.text), (708 bytes).

22 unused section(s) (total 1300 bytes) removed from the image.

==============================================================================

Image Symbol Table

    Local Symbols

    Symbol Name                              Value     Ov Type        Size  Object(Section)

    ../clib/microlib/division.c              0x00000000   Number         0  uidiv.o ABSOLUTE
    ../clib/microlib/division.c              0x00000000   Number         0  uldiv.o ABSOLUTE
    ../clib/microlib/init/entry.s            0x00000000   Number         0  entry9b.o ABSOLUTE
    ../clib/microlib/init/entry.s            0x00000000   Number         0  entry.o ABSOLUTE
    ../clib/microlib/init/entry.s            0x00000000   Number         0  entry10a.o ABSOLUTE
    ../clib/microlib/init/entry.s            0x00000000   Number         0  entry11b.o ABSOLUTE
    ../clib/microlib/init/entry.s            0x00000000   Number         0  entry10b.o ABSOLUTE
    ../clib/microlib/init/entry.s            0x00000000   Number         0  entry11a.o ABSOLUTE
    ../clib/microlib/init/entry.s            0x00000000   Number         0  entry2.o ABSOLUTE
    ../clib/microlib/init/entry.s            0x00000000   Number         0  entry9a.o ABSOLUTE
    ../clib/microlib/init/entry.s            0x00000000   Number         0  entry8b.o ABSOLUTE
    ../clib/microlib/init/entry.s            0x00000000   Number         0  entry8a.o ABSOLUTE
    ../clib/microlib/init/entry.s            0x00000000   Number         0  entry7b.o ABSOLUTE
    ../clib/microlib/init/entry.s            0x00000000   Number         0  entry7a.o ABSOLUTE
    ../clib/microlib/init/entry.s            0x00000000   Number         0  entry5.o ABSOLUTE
    ../clib/microlib/longlong.c              0x00000000   Number         0  llushr.o ABSOLUTE
    ../clib/microlib/longlong.c              0x00000000   Number         0  llshl.o ABSOLUTE
    ../clib/microlib/longlong.c              0x00000000   Number         0  llsshr.o ABSOLUTE
    ../clib/microlib/printf/printf.c         0x00000000   Number         0  printfa.o ABSOLUTE
    ../clib/microlib/stdio/fputc.c           0x00000000   Number         0  fputc.o ABSOLUTE
    ../clib/microlib/stdio/semi.s            0x00000000   Number         0  semi.o ABSOLUTE
    ../clib/microlib/stdio/streams.c         0x00000000   Number         0  stdout.o ABSOLUTE
    ../clib/microlib/string/memcpy.c         0x00000000   Number         0  memcpya.o ABSOLUTE
    ../clib/microlib/string/memcpy.c         0x00000000   Number         0  memcpyb.o ABSOLUTE
    ../clib/microlib/string/memset.c         0x00000000   Number         0  memseta.o ABSOLUTE
    ../clib/microlib/string/strcpy.c         0x00000000   Number         0  strcpy.o ABSOLUTE
    ../clib/microlib/string/strlen.c         0x00000000   Number         0  strlen.o ABSOLUTE
    ../clib/microlib/string/strncmp.c        0x00000000   Number         0  strncmp.o ABSOLUTE
    ../clib/microlib/stubs.s                 0x00000000   Number         0  iusefp.o ABSOLUTE
    ../clib/microlib/stubs.s                 0x00000000   Number         0  iusesemip.o ABSOLUTE
    ../fplib/microlib/fpadd.c                0x00000000   Number         0  dadd.o ABSOLUTE
    ../fplib/microlib/fpdiv.c                0x00000000   Number         0  ddiv.o ABSOLUTE
    ../fplib/microlib/fpepilogue.c           0x00000000   Number         0  depilogue.o ABSOLUTE
    ../fplib/microlib/fpfix.c                0x00000000   Number         0  dfixul.o ABSOLUTE
    ../fplib/microlib/fpmul.c                0x00000000   Number         0  dmul.o ABSOLUTE
    ..\APP\FreeRTOS-Plus-CLI\CLI-commands.c  0x00000000   Number         0  cli-commands.o ABSOLUTE
    ..\APP\FreeRTOS-Plus-CLI\FreeRTOS_CLI.c  0x00000000   Number         0  freertos_cli.o ABSOLUTE
    ..\APP\FreeRTOS-Plus-CLI\UARTCommandConsole.c 0x00000000   Number         0  uartcommandconsole.o ABSOLUTE
    ..\APP\app_led.c                         0x00000000   Number         0  app_led.o ABSOLUTE
    ..\APP\main.c                            0x00000000   Number         0  main.o ABSOLUTE
    ..\APP\serial.c                          0x00000000   Number         0  serial.o ABSOLUTE
    ..\APP\uarttest.c                        0x00000000   Number         0  uarttest.o ABSOLUTE
    ..\FreeRTOS\croutine.c                   0x00000000   Number         0  croutine.o ABSOLUTE
    ..\FreeRTOS\event_groups.c               0x00000000   Number         0  event_groups.o ABSOLUTE
    ..\FreeRTOS\list.c                       0x00000000   Number         0  list.o ABSOLUTE
    ..\FreeRTOS\portable\MemMang\heap_2.c    0x00000000   Number         0  heap_2.o ABSOLUTE
    ..\FreeRTOS\portable\RVDS\ARM_CM3\port.c 0x00000000   Number         0  port.o ABSOLUTE
    ..\FreeRTOS\queue.c                      0x00000000   Number         0  queue.o ABSOLUTE
    ..\FreeRTOS\tasks.c                      0x00000000   Number         0  tasks.o ABSOLUTE
    ..\FreeRTOS\timers.c                     0x00000000   Number         0  timers.o ABSOLUTE
    ..\STMLIB\src\misc.c                     0x00000000   Number         0  misc.o ABSOLUTE
    ..\STMLIB\src\stm32f2xx_gpio.c           0x00000000   Number         0  stm32f2xx_gpio.o ABSOLUTE
    ..\STMLIB\src\stm32f2xx_it.c             0x00000000   Number         0  stm32f2xx_it.o ABSOLUTE
    ..\STMLIB\src\stm32f2xx_rcc.c            0x00000000   Number         0  stm32f2xx_rcc.o ABSOLUTE
    ..\STMLIB\src\stm32f2xx_usart.c          0x00000000   Number         0  stm32f2xx_usart.o ABSOLUTE
    ..\STMLIB\src\system_stm32f2xx.c         0x00000000   Number         0  system_stm32f2xx.o ABSOLUTE
    ..\STMLIB\startup\cstartup.s             0x00000000   Number         0  cstartup.o ABSOLUTE
    ..\\APP\\app_led.c                       0x00000000   Number         0  app_led.o ABSOLUTE
    ..\\APP\\main.c                          0x00000000   Number         0  main.o ABSOLUTE
    ..\\APP\\serial.c                        0x00000000   Number         0  serial.o ABSOLUTE
    ..\\APP\\uarttest.c                      0x00000000   Number         0  uarttest.o ABSOLUTE
    ..\\FreeRTOS\\portable\\RVDS\\ARM_CM3\\port.c 0x00000000   Number         0  port.o ABSOLUTE
    ..\\STMLIB\\src\\misc.c                  0x00000000   Number         0  misc.o ABSOLUTE
    ..\\STMLIB\\src\\stm32f2xx_gpio.c        0x00000000   Number         0  stm32f2xx_gpio.o ABSOLUTE
    ..\\STMLIB\\src\\stm32f2xx_it.c          0x00000000   Number         0  stm32f2xx_it.o ABSOLUTE
    ..\\STMLIB\\src\\stm32f2xx_rcc.c         0x00000000   Number         0  stm32f2xx_rcc.o ABSOLUTE
    ..\\STMLIB\\src\\stm32f2xx_usart.c       0x00000000   Number         0  stm32f2xx_usart.o ABSOLUTE
    ..\\STMLIB\\src\\system_stm32f2xx.c      0x00000000   Number         0  system_stm32f2xx.o ABSOLUTE
    cdrcmple.s                               0x00000000   Number         0  cdrcmple.o ABSOLUTE
    dc.s                                     0x00000000   Number         0  dc.o ABSOLUTE
    handlers.s                               0x00000000   Number         0  handlers.o ABSOLUTE
    init.s                                   0x00000000   Number         0  init.o ABSOLUTE
    RESET                                    0x08000000   Section      388  cstartup.o(RESET)
    .ARM.Collect$$$$00000000                 0x08000184   Section        0  entry.o(.ARM.Collect$$$$00000000)
    .ARM.Collect$$$$00000001                 0x08000184   Section        4  entry2.o(.ARM.Collect$$$$00000001)
    .ARM.Collect$$$$00000004                 0x08000188   Section        4  entry5.o(.ARM.Collect$$$$00000004)
    .ARM.Collect$$$$00000008                 0x0800018c   Section        0  entry7b.o(.ARM.Collect$$$$00000008)
    .ARM.Collect$$$$0000000A                 0x0800018c   Section        0  entry8b.o(.ARM.Collect$$$$0000000A)
    .ARM.Collect$$$$0000000B                 0x0800018c   Section        8  entry9a.o(.ARM.Collect$$$$0000000B)
    .ARM.Collect$$$$0000000D                 0x08000194   Section        0  entry10a.o(.ARM.Collect$$$$0000000D)
    .ARM.Collect$$$$0000000F                 0x08000194   Section        0  entry11a.o(.ARM.Collect$$$$0000000F)
    .ARM.Collect$$$$00002712                 0x08000194   Section        4  entry2.o(.ARM.Collect$$$$00002712)
    __lit__00000000                          0x08000194   Data           4  entry2.o(.ARM.Collect$$$$00002712)
    .emb_text                                0x08000198   Section      150  port.o(.emb_text)
    .text                                    0x08000230   Section        0  main.o(.text)
    .text                                    0x0800027c   Section        0  serial.o(.text)
    .text                                    0x08000418   Section        0  app_led.o(.text)
    .text                                    0x08000568   Section        0  uarttest.o(.text)
    vComTxTask                               0x08000569   Thumb Code    42  uarttest.o(.text)
    vComRxTask                               0x080005d9   Thumb Code    56  uarttest.o(.text)
    .text                                    0x0800064c   Section        0  freertos_cli.o(.text)
    prvGetNumberOfParameters                 0x0800067b   Thumb Code    46  freertos_cli.o(.text)
    prvHelpCommand                           0x080007cd   Thumb Code    26  freertos_cli.o(.text)
    .text                                    0x08000830   Section        0  uartcommandconsole.o(.text)
    prvUARTCommandConsoleTask                0x08000831   Thumb Code   286  uartcommandconsole.o(.text)
    .text                                    0x080009d0   Section        0  cli-commands.o(.text)
    prvHelloCommand                          0x080009db   Thumb Code    26  cli-commands.o(.text)
    .text                                    0x08000a10   Section        0  misc.o(.text)
    .text                                    0x08000af0   Section        0  stm32f2xx_gpio.o(.text)
    .text                                    0x08000d4c   Section        0  stm32f2xx_it.o(.text)
    .text                                    0x08000d68   Section        0  stm32f2xx_rcc.o(.text)
    .text                                    0x080012f0   Section       28  cstartup.o(.text)
    .text                                    0x0800130c   Section        0  system_stm32f2xx.o(.text)
    SetSysClock                              0x0800130d   Thumb Code   192  system_stm32f2xx.o(.text)
    .text                                    0x080014ec   Section        0  stm32f2xx_usart.o(.text)
    .text                                    0x08001906   Section        0  list.o(.text)
    .text                                    0x0800199c   Section        0  queue.o(.text)
    prvInitialiseNewQueue                    0x08001a17   Thumb Code    38  queue.o(.text)
    prvUnlockQueue                           0x08001a75   Thumb Code   126  queue.o(.text)
    prvIsQueueFull                           0x08001af3   Thumb Code    30  queue.o(.text)
    prvCopyDataToQueue                       0x08001b11   Thumb Code   124  queue.o(.text)
    prvInitialiseMutex                       0x08001ca1   Thumb Code    28  queue.o(.text)
    prvIsQueueEmpty                          0x08001de1   Thumb Code    26  queue.o(.text)
    prvCopyDataFromQueue                     0x08001dfb   Thumb Code    42  queue.o(.text)
    .text                                    0x080020a8   Section        0  tasks.o(.text)
    prvInitialiseTaskLists                   0x080020a9   Thumb Code    70  tasks.o(.text)
    prvAddNewTaskToReadyList                 0x080020ef   Thumb Code   150  tasks.o(.text)
    prvInitialiseNewTask                     0x08002185   Thumb Code   134  tasks.o(.text)
    prvResetNextTaskUnblockTime              0x08002267   Thumb Code    42  tasks.o(.text)
    prvDeleteTCB                             0x08002291   Thumb Code    18  tasks.o(.text)
    prvAddCurrentTaskToDelayedList           0x0800255b   Thumb Code   124  tasks.o(.text)
    prvTaskIsTaskSuspended                   0x0800289b   Thumb Code    56  tasks.o(.text)
    prvCheckTasksWaitingTermination          0x08002a01   Thumb Code    86  tasks.o(.text)
    prvIdleTask                              0x08002a57   Thumb Code    32  tasks.o(.text)
    .text                                    0x080031a0   Section        0  port.o(.text)
    prvTaskExitError                         0x080031a1   Thumb Code    22  port.o(.text)
    .text                                    0x08003284   Section        0  heap_2.o(.text)
    prvHeapInit                              0x08003285   Thumb Code    42  heap_2.o(.text)
    .text                                    0x080033a8   Section        0  memcpya.o(.text)
    .text                                    0x080033cc   Section        0  memseta.o(.text)
    .text                                    0x080033f0   Section        0  strlen.o(.text)
    .text                                    0x080033fe   Section        0  strcpy.o(.text)
    .text                                    0x08003410   Section        0  strncmp.o(.text)
    .text                                    0x0800342e   Section        0  uidiv.o(.text)
    .text                                    0x0800345a   Section        0  uldiv.o(.text)
    .text                                    0x080034bc   Section        0  iusefp.o(.text)
    .text                                    0x080034bc   Section        0  dadd.o(.text)
    .text                                    0x0800360a   Section        0  dmul.o(.text)
    .text                                    0x080036ee   Section        0  ddiv.o(.text)
    .text                                    0x080037cc   Section        0  dfixul.o(.text)
    .text                                    0x080037fc   Section       40  cdrcmple.o(.text)
    .text                                    0x08003824   Section       36  init.o(.text)
    .text                                    0x08003848   Section        0  llshl.o(.text)
    .text                                    0x08003866   Section        0  llushr.o(.text)
    .text                                    0x08003886   Section        0  llsshr.o(.text)
    .text                                    0x080038aa   Section        0  depilogue.o(.text)
    i.__0vsprintf                            0x08003960   Section        0  printfa.o(i.__0vsprintf)
    i.__scatterload_copy                     0x08003984   Section       14  handlers.o(i.__scatterload_copy)
    i.__scatterload_null                     0x08003992   Section        2  handlers.o(i.__scatterload_null)
    i.__scatterload_zeroinit                 0x08003994   Section       14  handlers.o(i.__scatterload_zeroinit)
    i._fp_digits                             0x080039a4   Section        0  printfa.o(i._fp_digits)
    _fp_digits                               0x080039a5   Thumb Code   334  printfa.o(i._fp_digits)
    i._printf_core                           0x08003b08   Section        0  printfa.o(i._printf_core)
    _printf_core                             0x08003b09   Thumb Code  1744  printfa.o(i._printf_core)
    i._printf_post_padding                   0x080041e4   Section        0  printfa.o(i._printf_post_padding)
    _printf_post_padding                     0x080041e5   Thumb Code    36  printfa.o(i._printf_post_padding)
    i._printf_pre_padding                    0x08004208   Section        0  printfa.o(i._printf_pre_padding)
    _printf_pre_padding                      0x08004209   Thumb Code    46  printfa.o(i._printf_pre_padding)
    i._sputc                                 0x08004236   Section        0  printfa.o(i._sputc)
    _sputc                                   0x08004237   Thumb Code    10  printfa.o(i._sputc)
    .constdata                               0x08004240   Section      180  freertos_cli.o(.constdata)
    xHelpCommand                             0x08004240   Data          16  freertos_cli.o(.constdata)
    log1                                     0x08004250   Data          86  freertos_cli.o(.constdata)
    log2                                     0x080042a6   Data          78  freertos_cli.o(.constdata)
    .constdata                               0x080042f4   Section        8  uartcommandconsole.o(.constdata)
    pcEndOfOutputMessage                     0x080042f4   Data           4  uartcommandconsole.o(.constdata)
    pcNewLine                                0x080042f8   Data           4  uartcommandconsole.o(.constdata)
    .constdata                               0x080042fc   Section       16  cli-commands.o(.constdata)
    xHelloCommand                            0x080042fc   Data          16  cli-commands.o(.constdata)
    .conststring                             0x0800430c   Section       53  freertos_cli.o(.conststring)
    .conststring                             0x08004344   Section       61  uartcommandconsole.o(.conststring)
    .conststring                             0x08004384   Section       31  cli-commands.o(.conststring)
    .data                                    0x20000000   Section        8  serial.o(.data)
    xRxedChars                               0x20000000   Data           4  serial.o(.data)
    .data                                    0x20000008   Section        8  uarttest.o(.data)
    xPort                                    0x20000008   Data           4  uarttest.o(.data)
    uxRxLoops                                0x2000000c   Data           4  uarttest.o(.data)
    .data                                    0x20000010   Section       16  freertos_cli.o(.data)
    xRegisteredCommands                      0x20000010   Data           8  freertos_cli.o(.data)
    pxLastCommandInList                      0x20000018   Data           4  freertos_cli.o(.data)
    pxCommand                                0x2000001c   Data           4  freertos_cli.o(.data)
    .data                                    0x20000020   Section        8  uartcommandconsole.o(.data)
    xTxMutex                                 0x20000020   Data           4  uartcommandconsole.o(.data)
    xPort                                    0x20000024   Data           4  uartcommandconsole.o(.data)
    .data                                    0x20000028   Section       16  stm32f2xx_rcc.o(.data)
    APBAHBPrescTable                         0x20000028   Data          16  stm32f2xx_rcc.o(.data)
    .data                                    0x20000038   Section       20  system_stm32f2xx.o(.data)
    .data                                    0x2000004c   Section       60  tasks.o(.data)
    pxDelayedTaskList                        0x20000050   Data           4  tasks.o(.data)
    pxOverflowDelayedTaskList                0x20000054   Data           4  tasks.o(.data)
    uxDeletedTasksWaitingCleanUp             0x20000058   Data           4  tasks.o(.data)
    uxCurrentNumberOfTasks                   0x2000005c   Data           4  tasks.o(.data)
    xTickCount                               0x20000060   Data           4  tasks.o(.data)
    uxTopReadyPriority                       0x20000064   Data           4  tasks.o(.data)
    xSchedulerRunning                        0x20000068   Data           4  tasks.o(.data)
    uxPendedTicks                            0x2000006c   Data           4  tasks.o(.data)
    xYieldPending                            0x20000070   Data           4  tasks.o(.data)
    xNumOfOverflows                          0x20000074   Data           4  tasks.o(.data)
    uxTaskNumber                             0x20000078   Data           4  tasks.o(.data)
    xNextTaskUnblockTime                     0x2000007c   Data           4  tasks.o(.data)
    xIdleTaskHandle                          0x20000080   Data           4  tasks.o(.data)
    uxSchedulerSuspended                     0x20000084   Data           4  tasks.o(.data)
    .data                                    0x20000088   Section        4  port.o(.data)
    uxCriticalNesting                        0x20000088   Data           4  port.o(.data)
    .data                                    0x2000008c   Section       24  heap_2.o(.data)
    xStart                                   0x2000008c   Data           8  heap_2.o(.data)
    xEnd                                     0x20000094   Data           8  heap_2.o(.data)
    xFreeBytesRemaining                      0x2000009c   Data           4  heap_2.o(.data)
    xHeapHasBeenInitialised                  0x200000a0   Data           4  heap_2.o(.data)
    .bss                                     0x200000a4   Section      256  freertos_cli.o(.bss)
    cOutputBuffer                            0x200000a4   Data         256  freertos_cli.o(.bss)
    .bss                                     0x200001a4   Section      512  uartcommandconsole.o(.bss)
    cInputString                             0x200001a4   Data         256  uartcommandconsole.o(.bss)
    cLastInputString                         0x200002a4   Data         256  uartcommandconsole.o(.bss)
    .bss                                     0x200003a4   Section      200  tasks.o(.bss)
    pxReadyTasksLists                        0x200003a4   Data         100  tasks.o(.bss)
    xDelayedTaskList1                        0x20000408   Data          20  tasks.o(.bss)
    xDelayedTaskList2                        0x2000041c   Data          20  tasks.o(.bss)
    xPendingReadyList                        0x20000430   Data          20  tasks.o(.bss)
    xTasksWaitingTermination                 0x20000444   Data          20  tasks.o(.bss)
    xSuspendedTaskList                       0x20000458   Data          20  tasks.o(.bss)
    .bss                                     0x2000046c   Section    17408  heap_2.o(.bss)
    ucHeap                                   0x2000046c   Data       17408  heap_2.o(.bss)
    STACK                                    0x20004870   Section     1024  cstartup.o(STACK)

    Global Symbols

    Symbol Name                              Value     Ov Type        Size  Object(Section)

    BuildAttributes$$THM_ISAv4$P$D$K$B$S$PE$A:L22UL41UL21$X:L11$S22US41US21$IEEE1$IW$USESV6$~STKCKD$USESV7$~SHL$OSPACE$ROPI$EBA8$MICROLIB$REQ8$PRES8$EABIv2 0x00000000   Number         0  anon$$obj.o ABSOLUTE
    __ARM_use_no_argv                        0x00000000   Number         0  main.o ABSOLUTE
    __cpp_initialize__aeabi_                  - Undefined Weak Reference
    __cxa_finalize                            - Undefined Weak Reference
    __decompress                              - Undefined Weak Reference
    _clock_init                               - Undefined Weak Reference
    _microlib_exit                            - Undefined Weak Reference
    __Vectors_Size                           0x00000184   Number         0  cstartup.o ABSOLUTE
    __Vectors                                0x08000000   Data           4  cstartup.o(RESET)
    __Vectors_End                            0x08000184   Data           0  cstartup.o(RESET)
    __main                                   0x08000185   Thumb Code     0  entry.o(.ARM.Collect$$$$00000000)
    _main_stk                                0x08000185   Thumb Code     0  entry2.o(.ARM.Collect$$$$00000001)
    _main_scatterload                        0x08000189   Thumb Code     0  entry5.o(.ARM.Collect$$$$00000004)
    __main_after_scatterload                 0x0800018d   Thumb Code     0  entry5.o(.ARM.Collect$$$$00000004)
    _main_clock                              0x0800018d   Thumb Code     0  entry7b.o(.ARM.Collect$$$$00000008)
    _main_cpp_init                           0x0800018d   Thumb Code     0  entry8b.o(.ARM.Collect$$$$0000000A)
    _main_init                               0x0800018d   Thumb Code     0  entry9a.o(.ARM.Collect$$$$0000000B)
    __rt_final_cpp                           0x08000195   Thumb Code     0  entry10a.o(.ARM.Collect$$$$0000000D)
    __rt_final_exit                          0x08000195   Thumb Code     0  entry11a.o(.ARM.Collect$$$$0000000F)
    vPortSVCHandler                          0x08000199   Thumb Code    32  port.o(.emb_text)
    __asm___6_port_c_39a90d8d__prvStartFirstTask 0x080001bd   Thumb Code    28  port.o(.emb_text)
    xPortPendSVHandler                       0x080001dd   Thumb Code    72  port.o(.emb_text)
    vPortGetIPSR                             0x08000229   Thumb Code     6  port.o(.emb_text)
    main                                     0x08000231   Thumb Code    62  main.o(.text)
    xSerialPortInitMinimal                   0x0800027d   Thumb Code   218  serial.o(.text)
    xSerialGetChar                           0x08000357   Thumb Code    32  serial.o(.text)
    xSerialPutChar                           0x08000377   Thumb Code    34  serial.o(.text)
    vSerialPutString                         0x08000399   Thumb Code    38  serial.o(.text)
    vSerialClose                             0x080003bf   Thumb Code     2  serial.o(.text)
    USART1_IRQHandler                        0x080003c1   Thumb Code    66  serial.o(.text)
    BSP_LED_Init                             0x08000419   Thumb Code   130  app_led.o(.text)
    vLed1Task                                0x0800049b   Thumb Code    50  app_led.o(.text)
    vLed2Task                                0x080004cd   Thumb Code    52  app_led.o(.text)
    vLed3Task                                0x08000501   Thumb Code    48  app_led.o(.text)
    vLed4Task                                0x08000531   Thumb Code    46  app_led.o(.text)
    vAltStartComTestTasks                    0x08000593   Thumb Code    28  uarttest.o(.text)
    dbg_string                               0x080005af   Thumb Code    42  uarttest.o(.text)
    xAreComTestTasksStillRunning             0x08000611   Thumb Code    20  uarttest.o(.text)
    FreeRTOS_CLIRegisterCommand              0x0800064d   Thumb Code    46  freertos_cli.o(.text)
    FreeRTOS_CLIProcessCommand               0x080006a9   Thumb Code   196  freertos_cli.o(.text)
    FreeRTOS_CLIGetOutputBuffer              0x0800076d   Thumb Code     4  freertos_cli.o(.text)
    FreeRTOS_CLIGetParameter                 0x08000771   Thumb Code    92  freertos_cli.o(.text)
    vUARTCommandConsoleStart                 0x0800094f   Thumb Code    36  uartcommandconsole.o(.text)
    vOutputString                            0x08000973   Thumb Code    60  uartcommandconsole.o(.text)
    vRegisterCLICommands                     0x080009d1   Thumb Code    10  cli-commands.o(.text)
    NVIC_PriorityGroupConfig                 0x08000a11   Thumb Code    10  misc.o(.text)
    NVIC_Init                                0x08000a1b   Thumb Code   106  misc.o(.text)
    NVIC_SetVectorTable                      0x08000a85   Thumb Code    14  misc.o(.text)
    NVIC_SystemLPConfig                      0x08000a93   Thumb Code    34  misc.o(.text)
    SysTick_CLKSourceConfig                  0x08000ab5   Thumb Code    40  misc.o(.text)
    GPIO_DeInit                              0x08000af1   Thumb Code   220  stm32f2xx_gpio.o(.text)
    GPIO_Init                                0x08000bcd   Thumb Code   144  stm32f2xx_gpio.o(.text)
    GPIO_StructInit                          0x08000c5d   Thumb Code    18  stm32f2xx_gpio.o(.text)
    GPIO_PinLockConfig                       0x08000c6f   Thumb Code    34  stm32f2xx_gpio.o(.text)
    GPIO_ReadInputDataBit                    0x08000c91   Thumb Code    18  stm32f2xx_gpio.o(.text)
    GPIO_ReadInputData                       0x08000ca3   Thumb Code     8  stm32f2xx_gpio.o(.text)
    GPIO_ReadOutputDataBit                   0x08000cab   Thumb Code    18  stm32f2xx_gpio.o(.text)
    GPIO_ReadOutputData                      0x08000cbd   Thumb Code     8  stm32f2xx_gpio.o(.text)
    GPIO_SetBits                             0x08000cc5   Thumb Code     4  stm32f2xx_gpio.o(.text)
    GPIO_ResetBits                           0x08000cc9   Thumb Code     4  stm32f2xx_gpio.o(.text)
    GPIO_WriteBit                            0x08000ccd   Thumb Code    10  stm32f2xx_gpio.o(.text)
    GPIO_Write                               0x08000cd7   Thumb Code     4  stm32f2xx_gpio.o(.text)
    GPIO_ToggleBits                          0x08000cdb   Thumb Code     8  stm32f2xx_gpio.o(.text)
    GPIO_PinAFConfig                         0x08000ce3   Thumb Code    70  stm32f2xx_gpio.o(.text)
    NMI_Handler                              0x08000d4d   Thumb Code     2  stm32f2xx_it.o(.text)
    HardFault_Handler                        0x08000d4f   Thumb Code     4  stm32f2xx_it.o(.text)
    MemManage_Handler                        0x08000d53   Thumb Code     4  stm32f2xx_it.o(.text)
    BusFault_Handler                         0x08000d57   Thumb Code     4  stm32f2xx_it.o(.text)
    UsageFault_Handler                       0x08000d5b   Thumb Code     4  stm32f2xx_it.o(.text)
    SVC_Handler                              0x08000d5f   Thumb Code     2  stm32f2xx_it.o(.text)
    DebugMon_Handler                         0x08000d61   Thumb Code     2  stm32f2xx_it.o(.text)
    PendSV_Handler                           0x08000d63   Thumb Code     2  stm32f2xx_it.o(.text)
    SysTick_Handler                          0x08000d65   Thumb Code     2  stm32f2xx_it.o(.text)
    RCC_DeInit                               0x08000d69   Thumb Code    60  stm32f2xx_rcc.o(.text)
    RCC_HSEConfig                            0x08000da5   Thumb Code    14  stm32f2xx_rcc.o(.text)
    RCC_GetFlagStatus                        0x08000db3   Thumb Code    60  stm32f2xx_rcc.o(.text)
    RCC_WaitForHSEStartUp                    0x08000def   Thumb Code    56  stm32f2xx_rcc.o(.text)
    RCC_AdjustHSICalibrationValue            0x08000e27   Thumb Code    20  stm32f2xx_rcc.o(.text)
    RCC_HSICmd                               0x08000e3b   Thumb Code     6  stm32f2xx_rcc.o(.text)
    RCC_LSEConfig                            0x08000e41   Thumb Code    46  stm32f2xx_rcc.o(.text)
    RCC_LSICmd                               0x08000e6f   Thumb Code     6  stm32f2xx_rcc.o(.text)
    RCC_PLLConfig                            0x08000e75   Thumb Code    32  stm32f2xx_rcc.o(.text)
    RCC_PLLCmd                               0x08000e95   Thumb Code     6  stm32f2xx_rcc.o(.text)
    RCC_PLLI2SConfig                         0x08000e9b   Thumb Code    14  stm32f2xx_rcc.o(.text)
    RCC_PLLI2SCmd                            0x08000ea9   Thumb Code     6  stm32f2xx_rcc.o(.text)
    RCC_ClockSecuritySystemCmd               0x08000eaf   Thumb Code     6  stm32f2xx_rcc.o(.text)
    RCC_MCO1Config                           0x08000eb5   Thumb Code    28  stm32f2xx_rcc.o(.text)
    RCC_MCO2Config                           0x08000ed1   Thumb Code    28  stm32f2xx_rcc.o(.text)
    RCC_SYSCLKConfig                         0x08000eed   Thumb Code    20  stm32f2xx_rcc.o(.text)
    RCC_GetSYSCLKSource                      0x08000f01   Thumb Code    12  stm32f2xx_rcc.o(.text)
    RCC_HCLKConfig                           0x08000f0d   Thumb Code    20  stm32f2xx_rcc.o(.text)
    RCC_PCLK1Config                          0x08000f21   Thumb Code    20  stm32f2xx_rcc.o(.text)
    RCC_PCLK2Config                          0x08000f35   Thumb Code    22  stm32f2xx_rcc.o(.text)
    RCC_GetClocksFreq                        0x08000f4b   Thumb Code   222  stm32f2xx_rcc.o(.text)
    RCC_RTCCLKConfig                         0x08001029   Thumb Code    54  stm32f2xx_rcc.o(.text)
    RCC_RTCCLKCmd                            0x0800105f   Thumb Code     8  stm32f2xx_rcc.o(.text)
    RCC_BackupResetCmd                       0x08001067   Thumb Code     8  stm32f2xx_rcc.o(.text)
    RCC_I2SCLKConfig                         0x0800106f   Thumb Code     6  stm32f2xx_rcc.o(.text)
    RCC_AHB1PeriphClockCmd                   0x08001075   Thumb Code    34  stm32f2xx_rcc.o(.text)
    RCC_AHB2PeriphClockCmd                   0x08001097   Thumb Code    34  stm32f2xx_rcc.o(.text)
    RCC_AHB3PeriphClockCmd                   0x080010b9   Thumb Code    34  stm32f2xx_rcc.o(.text)
    RCC_APB1PeriphClockCmd                   0x080010db   Thumb Code    34  stm32f2xx_rcc.o(.text)
    RCC_APB2PeriphClockCmd                   0x080010fd   Thumb Code    34  stm32f2xx_rcc.o(.text)
    RCC_AHB1PeriphResetCmd                   0x0800111f   Thumb Code    34  stm32f2xx_rcc.o(.text)
    RCC_AHB2PeriphResetCmd                   0x08001141   Thumb Code    72  stm32f2xx_rcc.o(.text)
    RCC_AHB3PeriphResetCmd                   0x08001189   Thumb Code    34  stm32f2xx_rcc.o(.text)
    RCC_APB1PeriphResetCmd                   0x080011ab   Thumb Code    34  stm32f2xx_rcc.o(.text)
    RCC_APB2PeriphResetCmd                   0x080011cd   Thumb Code    34  stm32f2xx_rcc.o(.text)
    RCC_AHB1PeriphClockLPModeCmd             0x080011ef   Thumb Code    34  stm32f2xx_rcc.o(.text)
    RCC_AHB2PeriphClockLPModeCmd             0x08001211   Thumb Code    34  stm32f2xx_rcc.o(.text)
    RCC_AHB3PeriphClockLPModeCmd             0x08001233   Thumb Code    34  stm32f2xx_rcc.o(.text)
    RCC_APB1PeriphClockLPModeCmd             0x08001255   Thumb Code    34  stm32f2xx_rcc.o(.text)
    RCC_APB2PeriphClockLPModeCmd             0x08001277   Thumb Code    34  stm32f2xx_rcc.o(.text)
    RCC_ITConfig                             0x08001299   Thumb Code    34  stm32f2xx_rcc.o(.text)
    RCC_ClearFlag                            0x080012bb   Thumb Code    18  stm32f2xx_rcc.o(.text)
    RCC_GetITStatus                          0x080012cd   Thumb Code    22  stm32f2xx_rcc.o(.text)
    RCC_ClearITPendingBit                    0x080012e3   Thumb Code     8  stm32f2xx_rcc.o(.text)
    Reset_Handler                            0x080012f1   Thumb Code     4  cstartup.o(.text)
    ADC_IRQHandler                           0x08001307   Thumb Code     0  cstartup.o(.text)
    CAN1_RX0_IRQHandler                      0x08001307   Thumb Code     0  cstartup.o(.text)
    CAN1_RX1_IRQHandler                      0x08001307   Thumb Code     0  cstartup.o(.text)
    CAN1_SCE_IRQHandler                      0x08001307   Thumb Code     0  cstartup.o(.text)
    CAN1_TX_IRQHandler                       0x08001307   Thumb Code     0  cstartup.o(.text)
    CAN2_RX0_IRQHandler                      0x08001307   Thumb Code     0  cstartup.o(.text)
    CAN2_RX1_IRQHandler                      0x08001307   Thumb Code     0  cstartup.o(.text)
    CAN2_SCE_IRQHandler                      0x08001307   Thumb Code     0  cstartup.o(.text)
    CAN2_TX_IRQHandler                       0x08001307   Thumb Code     0  cstartup.o(.text)
    CRYP_IRQHandler                          0x08001307   Thumb Code     0  cstartup.o(.text)
    DCMI_IRQHandler                          0x08001307   Thumb Code     0  cstartup.o(.text)
    DMA1_Stream0_IRQHandler                  0x08001307   Thumb Code     0  cstartup.o(.text)
    DMA1_Stream1_IRQHandler                  0x08001307   Thumb Code     0  cstartup.o(.text)
    DMA1_Stream2_IRQHandler                  0x08001307   Thumb Code     0  cstartup.o(.text)
    DMA1_Stream3_IRQHandler                  0x08001307   Thumb Code     0  cstartup.o(.text)
    DMA1_Stream4_IRQHandler                  0x08001307   Thumb Code     0  cstartup.o(.text)
    DMA1_Stream5_IRQHandler                  0x08001307   Thumb Code     0  cstartup.o(.text)
    DMA1_Stream6_IRQHandler                  0x08001307   Thumb Code     0  cstartup.o(.text)
    DMA1_Stream7_IRQHandler                  0x08001307   Thumb Code     0  cstartup.o(.text)
    DMA2_Stream0_IRQHandler                  0x08001307   Thumb Code     0  cstartup.o(.text)
    DMA2_Stream1_IRQHandler                  0x08001307   Thumb Code     0  cstartup.o(.text)
    DMA2_Stream2_IRQHandler                  0x08001307   Thumb Code     0  cstartup.o(.text)
    DMA2_Stream3_IRQHandler                  0x08001307   Thumb Code     0  cstartup.o(.text)
    DMA2_Stream4_IRQHandler                  0x08001307   Thumb Code     0  cstartup.o(.text)
    DMA2_Stream5_IRQHandler                  0x08001307   Thumb Code     0  cstartup.o(.text)
    DMA2_Stream6_IRQHandler                  0x08001307   Thumb Code     0  cstartup.o(.text)
    DMA2_Stream7_IRQHandler                  0x08001307   Thumb Code     0  cstartup.o(.text)
    ETH_IRQHandler                           0x08001307   Thumb Code     0  cstartup.o(.text)
    ETH_WKUP_IRQHandler                      0x08001307   Thumb Code     0  cstartup.o(.text)
    EXTI0_IRQHandler                         0x08001307   Thumb Code     0  cstartup.o(.text)
    EXTI15_10_IRQHandler                     0x08001307   Thumb Code     0  cstartup.o(.text)
    EXTI1_IRQHandler                         0x08001307   Thumb Code     0  cstartup.o(.text)
    EXTI2_IRQHandler                         0x08001307   Thumb Code     0  cstartup.o(.text)
    EXTI3_IRQHandler                         0x08001307   Thumb Code     0  cstartup.o(.text)
    EXTI4_IRQHandler                         0x08001307   Thumb Code     0  cstartup.o(.text)
    EXTI9_5_IRQHandler                       0x08001307   Thumb Code     0  cstartup.o(.text)
    FLASH_IRQHandler                         0x08001307   Thumb Code     0  cstartup.o(.text)
    FSMC_IRQHandler                          0x08001307   Thumb Code     0  cstartup.o(.text)
    HASH_RNG_IRQHandler                      0x08001307   Thumb Code     0  cstartup.o(.text)
    I2C1_ER_IRQHandler                       0x08001307   Thumb Code     0  cstartup.o(.text)
    I2C1_EV_IRQHandler                       0x08001307   Thumb Code     0  cstartup.o(.text)
    I2C2_ER_IRQHandler                       0x08001307   Thumb Code     0  cstartup.o(.text)
    I2C2_EV_IRQHandler                       0x08001307   Thumb Code     0  cstartup.o(.text)
    I2C3_ER_IRQHandler                       0x08001307   Thumb Code     0  cstartup.o(.text)
    I2C3_EV_IRQHandler                       0x08001307   Thumb Code     0  cstartup.o(.text)
    OTG_FS_IRQHandler                        0x08001307   Thumb Code     0  cstartup.o(.text)
    OTG_FS_WKUP_IRQHandler                   0x08001307   Thumb Code     0  cstartup.o(.text)
    OTG_HS_EP1_IN_IRQHandler                 0x08001307   Thumb Code     0  cstartup.o(.text)
    OTG_HS_EP1_OUT_IRQHandler                0x08001307   Thumb Code     0  cstartup.o(.text)
    OTG_HS_IRQHandler                        0x08001307   Thumb Code     0  cstartup.o(.text)
    OTG_HS_WKUP_IRQHandler                   0x08001307   Thumb Code     0  cstartup.o(.text)
    PVD_IRQHandler                           0x08001307   Thumb Code     0  cstartup.o(.text)
    RCC_IRQHandler                           0x08001307   Thumb Code     0  cstartup.o(.text)
    RTC_Alarm_IRQHandler                     0x08001307   Thumb Code     0  cstartup.o(.text)
    RTC_WKUP_IRQHandler                      0x08001307   Thumb Code     0  cstartup.o(.text)
    SDIO_IRQHandler                          0x08001307   Thumb Code     0  cstartup.o(.text)
    SPI1_IRQHandler                          0x08001307   Thumb Code     0  cstartup.o(.text)
    SPI2_IRQHandler                          0x08001307   Thumb Code     0  cstartup.o(.text)
    SPI3_IRQHandler                          0x08001307   Thumb Code     0  cstartup.o(.text)
    TAMP_STAMP_IRQHandler                    0x08001307   Thumb Code     0  cstartup.o(.text)
    TIM1_BRK_TIM9_IRQHandler                 0x08001307   Thumb Code     0  cstartup.o(.text)
    TIM1_CC_IRQHandler                       0x08001307   Thumb Code     0  cstartup.o(.text)
    TIM1_TRG_COM_TIM11_IRQHandler            0x08001307   Thumb Code     0  cstartup.o(.text)
    TIM1_UP_TIM10_IRQHandler                 0x08001307   Thumb Code     0  cstartup.o(.text)
    TIM2_IRQHandler                          0x08001307   Thumb Code     0  cstartup.o(.text)
    TIM3_IRQHandler                          0x08001307   Thumb Code     0  cstartup.o(.text)
    TIM4_IRQHandler                          0x08001307   Thumb Code     0  cstartup.o(.text)
    TIM5_IRQHandler                          0x08001307   Thumb Code     0  cstartup.o(.text)
    TIM6_DAC_IRQHandler                      0x08001307   Thumb Code     0  cstartup.o(.text)
    TIM7_IRQHandler                          0x08001307   Thumb Code     0  cstartup.o(.text)
    TIM8_BRK_TIM12_IRQHandler                0x08001307   Thumb Code     0  cstartup.o(.text)
    TIM8_CC_IRQHandler                       0x08001307   Thumb Code     0  cstartup.o(.text)
    TIM8_TRG_COM_TIM14_IRQHandler            0x08001307   Thumb Code     0  cstartup.o(.text)
    TIM8_UP_TIM13_IRQHandler                 0x08001307   Thumb Code     0  cstartup.o(.text)
    UART4_IRQHandler                         0x08001307   Thumb Code     0  cstartup.o(.text)
    UART5_IRQHandler                         0x08001307   Thumb Code     0  cstartup.o(.text)
    USART2_IRQHandler                        0x08001307   Thumb Code     0  cstartup.o(.text)
    USART3_IRQHandler                        0x08001307   Thumb Code     0  cstartup.o(.text)
    USART6_IRQHandler                        0x08001307   Thumb Code     0  cstartup.o(.text)
    WWDG_IRQHandler                          0x08001307   Thumb Code     0  cstartup.o(.text)
    SystemInit                               0x080013cd   Thumb Code    74  system_stm32f2xx.o(.text)
    SystemCoreClockUpdate                    0x08001417   Thumb Code   174  system_stm32f2xx.o(.text)
    USART_DeInit                             0x080014ed   Thumb Code   156  stm32f2xx_usart.o(.text)
    USART_Init                               0x08001589   Thumb Code   204  stm32f2xx_usart.o(.text)
    USART_StructInit                         0x08001655   Thumb Code    24  stm32f2xx_usart.o(.text)
    USART_ClockInit                          0x0800166d   Thumb Code    32  stm32f2xx_usart.o(.text)
    USART_ClockStructInit                    0x0800168d   Thumb Code    12  stm32f2xx_usart.o(.text)
    USART_Cmd                                0x08001699   Thumb Code    24  stm32f2xx_usart.o(.text)
    USART_SetPrescaler                       0x080016b1   Thumb Code    16  stm32f2xx_usart.o(.text)
    USART_OverSampling8Cmd                   0x080016c1   Thumb Code    22  stm32f2xx_usart.o(.text)
    USART_OneBitMethodCmd                    0x080016d7   Thumb Code    24  stm32f2xx_usart.o(.text)
    USART_SendData                           0x080016ef   Thumb Code     8  stm32f2xx_usart.o(.text)
    USART_ReceiveData                        0x080016f7   Thumb Code    10  stm32f2xx_usart.o(.text)
    USART_SetAddress                         0x08001701   Thumb Code    18  stm32f2xx_usart.o(.text)
    USART_ReceiverWakeUpCmd                  0x08001713   Thumb Code    24  stm32f2xx_usart.o(.text)
    USART_WakeUpConfig                       0x0800172b   Thumb Code    18  stm32f2xx_usart.o(.text)
    USART_LINBreakDetectLengthConfig         0x0800173d   Thumb Code    18  stm32f2xx_usart.o(.text)
    USART_LINCmd                             0x0800174f   Thumb Code    24  stm32f2xx_usart.o(.text)
    USART_SendBreak                          0x08001767   Thumb Code    10  stm32f2xx_usart.o(.text)
    USART_HalfDuplexCmd                      0x08001771   Thumb Code    24  stm32f2xx_usart.o(.text)
    USART_SetGuardTime                       0x08001789   Thumb Code    16  stm32f2xx_usart.o(.text)
    USART_SmartCardCmd                       0x08001799   Thumb Code    24  stm32f2xx_usart.o(.text)
    USART_SmartCardNACKCmd                   0x080017b1   Thumb Code    24  stm32f2xx_usart.o(.text)
    USART_IrDAConfig                         0x080017c9   Thumb Code    18  stm32f2xx_usart.o(.text)
    USART_IrDACmd                            0x080017db   Thumb Code    24  stm32f2xx_usart.o(.text)
    USART_DMACmd                             0x080017f3   Thumb Code    18  stm32f2xx_usart.o(.text)
    USART_ITConfig                           0x08001805   Thumb Code    74  stm32f2xx_usart.o(.text)
    USART_GetFlagStatus                      0x0800184f   Thumb Code    26  stm32f2xx_usart.o(.text)
    USART_ClearFlag                          0x08001869   Thumb Code    18  stm32f2xx_usart.o(.text)
    USART_GetITStatus                        0x0800187b   Thumb Code   110  stm32f2xx_usart.o(.text)
    USART_ClearITPendingBit                  0x080018e9   Thumb Code    30  stm32f2xx_usart.o(.text)
    vListInitialise                          0x08001907   Thumb Code    26  list.o(.text)
    vListInitialiseItem                      0x08001921   Thumb Code     6  list.o(.text)
    vListInsertEnd                           0x08001927   Thumb Code    24  list.o(.text)
    vListInsert                              0x0800193f   Thumb Code    52  list.o(.text)
    uxListRemove                             0x08001973   Thumb Code    40  list.o(.text)
    xQueueGenericReset                       0x0800199d   Thumb Code   122  queue.o(.text)
    xQueueGenericCreate                      0x08001a3d   Thumb Code    56  queue.o(.text)
    xQueueGenericSend                        0x08001b8d   Thumb Code   276  queue.o(.text)
    xQueueCreateMutex                        0x08001cbd   Thumb Code    34  queue.o(.text)
    xQueueGenericSendFromISR                 0x08001cdf   Thumb Code   134  queue.o(.text)
    xQueueGiveFromISR                        0x08001d65   Thumb Code   124  queue.o(.text)
    xQueueGenericReceive                     0x08001e25   Thumb Code   342  queue.o(.text)
    xQueueReceiveFromISR                     0x08001f7b   Thumb Code   130  queue.o(.text)
    xQueuePeekFromISR                        0x08001ffd   Thumb Code    74  queue.o(.text)
    uxQueueMessagesWaiting                   0x08002047   Thumb Code    18  queue.o(.text)
    uxQueueSpacesAvailable                   0x08002059   Thumb Code    24  queue.o(.text)
    uxQueueMessagesWaitingFromISR            0x08002071   Thumb Code     6  queue.o(.text)
    vQueueDelete                             0x08002077   Thumb Code    14  queue.o(.text)
    xQueueIsQueueEmptyFromISR                0x08002085   Thumb Code    14  queue.o(.text)
    xQueueIsQueueFullFromISR                 0x08002093   Thumb Code    18  queue.o(.text)
    xTaskCreate                              0x0800220b   Thumb Code    92  tasks.o(.text)
    vTaskDelete                              0x080022a3   Thumb Code   176  tasks.o(.text)
    xTaskIncrementTick                       0x08002353   Thumb Code   238  tasks.o(.text)
    xTaskResumeAll                           0x08002441   Thumb Code   282  tasks.o(.text)
    vTaskSuspendAll                          0x080025d7   Thumb Code    12  tasks.o(.text)
    vTaskDelayUntil                          0x080025e3   Thumb Code   106  tasks.o(.text)
    vTaskDelay                               0x0800264d   Thumb Code    46  tasks.o(.text)
    uxTaskPriorityGet                        0x0800267b   Thumb Code    30  tasks.o(.text)
    uxTaskPriorityGetFromISR                 0x08002699   Thumb Code    52  tasks.o(.text)
    vTaskPrioritySet                         0x080026cd   Thumb Code   226  tasks.o(.text)
    vTaskSwitchContext                       0x080027af   Thumb Code    76  tasks.o(.text)
    vTaskSuspend                             0x080027fb   Thumb Code   160  tasks.o(.text)
    vTaskResume                              0x080028d3   Thumb Code   172  tasks.o(.text)
    xTaskResumeFromISR                       0x0800297f   Thumb Code   130  tasks.o(.text)
    vTaskStartScheduler                      0x08002a77   Thumb Code    74  tasks.o(.text)
    vTaskEndScheduler                        0x08002ac1   Thumb Code    32  tasks.o(.text)
    xTaskGetTickCount                        0x08002ae1   Thumb Code     6  tasks.o(.text)
    xTaskGetTickCountFromISR                 0x08002ae7   Thumb Code     8  tasks.o(.text)
    uxTaskGetNumberOfTasks                   0x08002aef   Thumb Code     6  tasks.o(.text)
    pcTaskGetName                            0x08002af5   Thumb Code    20  tasks.o(.text)
    vTaskPlaceOnEventList                    0x08002b09   Thumb Code    28  tasks.o(.text)
    vTaskPlaceOnUnorderedEventList           0x08002b25   Thumb Code    40  tasks.o(.text)
    xTaskRemoveFromEventList                 0x08002b4d   Thumb Code   104  tasks.o(.text)
    xTaskRemoveFromUnorderedEventList        0x08002bb5   Thumb Code    94  tasks.o(.text)
    vTaskSetTimeOutState                     0x08002c13   Thumb Code    14  tasks.o(.text)
    xTaskCheckForTimeOut                     0x08002c21   Thumb Code    84  tasks.o(.text)
    vTaskMissedYield                         0x08002c75   Thumb Code     8  tasks.o(.text)
    xTaskGetCurrentTaskHandle                0x08002c7d   Thumb Code     6  tasks.o(.text)
    vTaskPriorityInherit                     0x08002c83   Thumb Code   240  tasks.o(.text)
    xTaskPriorityDisinherit                  0x08002d73   Thumb Code   122  tasks.o(.text)
    uxTaskResetEventItemValue                0x08002ded   Thumb Code    24  tasks.o(.text)
    pvTaskIncrementMutexHeldCount            0x08002e05   Thumb Code    26  tasks.o(.text)
    ulTaskNotifyTake                         0x08002e1f   Thumb Code   108  tasks.o(.text)
    xTaskNotifyWait                          0x08002e8b   Thumb Code   150  tasks.o(.text)
    xTaskGenericNotify                       0x08002f21   Thumb Code   178  tasks.o(.text)
    xTaskGenericNotifyFromISR                0x08002fd3   Thumb Code   228  tasks.o(.text)
    vTaskNotifyGiveFromISR                   0x080030b7   Thumb Code   182  tasks.o(.text)
    xTaskNotifyStateClear                    0x0800316d   Thumb Code    48  tasks.o(.text)
    pxPortInitialiseStack                    0x080031b7   Thumb Code    26  port.o(.text)
    vPortSetupTimerInterrupt                 0x080031d1   Thumb Code    14  port.o(.text)
    xPortStartScheduler                      0x080031df   Thumb Code    42  port.o(.text)
    vPortEndScheduler                        0x08003209   Thumb Code     2  port.o(.text)
    vPortEnterCritical                       0x0800320b   Thumb Code    30  port.o(.text)
    vPortExitCritical                        0x08003229   Thumb Code    28  port.o(.text)
    xPortSysTickHandler                      0x08003245   Thumb Code    48  port.o(.text)
    pvPortMalloc                             0x080032af   Thumb Code   166  heap_2.o(.text)
    vPortFree                                0x08003355   Thumb Code    56  heap_2.o(.text)
    xPortGetFreeHeapSize                     0x0800338d   Thumb Code     6  heap_2.o(.text)
    vPortInitialiseBlocks                    0x08003393   Thumb Code     2  heap_2.o(.text)
    __aeabi_memcpy                           0x080033a9   Thumb Code    36  memcpya.o(.text)
    __aeabi_memcpy4                          0x080033a9   Thumb Code     0  memcpya.o(.text)
    __aeabi_memcpy8                          0x080033a9   Thumb Code     0  memcpya.o(.text)
    __aeabi_memset                           0x080033cd   Thumb Code    14  memseta.o(.text)
    __aeabi_memset4                          0x080033cd   Thumb Code     0  memseta.o(.text)
    __aeabi_memset8                          0x080033cd   Thumb Code     0  memseta.o(.text)
    __aeabi_memclr                           0x080033db   Thumb Code     4  memseta.o(.text)
    __aeabi_memclr4                          0x080033db   Thumb Code     0  memseta.o(.text)
    __aeabi_memclr8                          0x080033db   Thumb Code     0  memseta.o(.text)
    _memset$wrapper                          0x080033df   Thumb Code    18  memseta.o(.text)
    strlen                                   0x080033f1   Thumb Code    14  strlen.o(.text)
    strcpy                                   0x080033ff   Thumb Code    18  strcpy.o(.text)
    strncmp                                  0x08003411   Thumb Code    30  strncmp.o(.text)
    __aeabi_uidiv                            0x0800342f   Thumb Code     0  uidiv.o(.text)
    __aeabi_uidivmod                         0x0800342f   Thumb Code    44  uidiv.o(.text)
    __aeabi_uldivmod                         0x0800345b   Thumb Code    98  uldiv.o(.text)
    __I$use$fp                               0x080034bd   Thumb Code     0  iusefp.o(.text)
    __aeabi_dadd                             0x080034bd   Thumb Code   322  dadd.o(.text)
    __aeabi_dsub                             0x080035ff   Thumb Code     6  dadd.o(.text)
    __aeabi_drsub                            0x08003605   Thumb Code     6  dadd.o(.text)
    __aeabi_dmul                             0x0800360b   Thumb Code   228  dmul.o(.text)
    __aeabi_ddiv                             0x080036ef   Thumb Code   222  ddiv.o(.text)
    __aeabi_d2ulz                            0x080037cd   Thumb Code    48  dfixul.o(.text)
    __aeabi_cdrcmple                         0x080037fd   Thumb Code    38  cdrcmple.o(.text)
    __scatterload                            0x08003825   Thumb Code    28  init.o(.text)
    __scatterload_rt2                        0x08003825   Thumb Code     0  init.o(.text)
    __aeabi_llsl                             0x08003849   Thumb Code    30  llshl.o(.text)
    _ll_shift_l                              0x08003849   Thumb Code     0  llshl.o(.text)
    __aeabi_llsr                             0x08003867   Thumb Code    32  llushr.o(.text)
    _ll_ushift_r                             0x08003867   Thumb Code     0  llushr.o(.text)
    __aeabi_lasr                             0x08003887   Thumb Code    36  llsshr.o(.text)
    _ll_sshift_r                             0x08003887   Thumb Code     0  llsshr.o(.text)
    _double_round                            0x080038ab   Thumb Code    26  depilogue.o(.text)
    _double_epilogue                         0x080038c5   Thumb Code   156  depilogue.o(.text)
    __0vsprintf                              0x08003961   Thumb Code    30  printfa.o(i.__0vsprintf)
    __1vsprintf                              0x08003961   Thumb Code     0  printfa.o(i.__0vsprintf)
    __2vsprintf                              0x08003961   Thumb Code     0  printfa.o(i.__0vsprintf)
    __c89vsprintf                            0x08003961   Thumb Code     0  printfa.o(i.__0vsprintf)
    vsprintf                                 0x08003961   Thumb Code     0  printfa.o(i.__0vsprintf)
    __scatterload_copy                       0x08003985   Thumb Code    14  handlers.o(i.__scatterload_copy)
    __scatterload_null                       0x08003993   Thumb Code     2  handlers.o(i.__scatterload_null)
    __scatterload_zeroinit                   0x08003995   Thumb Code    14  handlers.o(i.__scatterload_zeroinit)
    Region$$Table$$Base                      0x080043a4   Number         0  anon$$obj.o(Region$$Table)
    Region$$Table$$Limit                     0x080043c4   Number         0  anon$$obj.o(Region$$Table)
    xCharsForTx                              0x20000004   Data           4  serial.o(.data)
    SystemCoreClock                          0x20000038   Data           4  system_stm32f2xx.o(.data)
    AHBPrescTable                            0x2000003c   Data          16  system_stm32f2xx.o(.data)
    pxCurrentTCB                             0x2000004c   Data           4  tasks.o(.data)
    __initial_sp                             0x20004c70   Data           0  cstartup.o(STACK)



==============================================================================

Memory Map of the image

  Image Entry point : 0x08000185

  Load Region LR_IROM1 (Base: 0x08000000, Size: 0x00004468, Max: 0x00100000, ABSOLUTE)

    Execution Region ER_IROM1 (Base: 0x08000000, Size: 0x000043c4, Max: 0x00100000, ABSOLUTE)

    Base Addr    Size         Type   Attr      Idx    E Section Name        Object

    0x08000000   0x00000184   Data   RO          426    RESET               cstartup.o
    0x08000184   0x00000000   Code   RO          622  * .ARM.Collect$$$$00000000  mc_w.l(entry.o)
    0x08000184   0x00000004   Code   RO          665    .ARM.Collect$$$$00000001  mc_w.l(entry2.o)
    0x08000188   0x00000004   Code   RO          668    .ARM.Collect$$$$00000004  mc_w.l(entry5.o)
    0x0800018c   0x00000000   Code   RO          670    .ARM.Collect$$$$00000008  mc_w.l(entry7b.o)
    0x0800018c   0x00000000   Code   RO          672    .ARM.Collect$$$$0000000A  mc_w.l(entry8b.o)
    0x0800018c   0x00000008   Code   RO          673    .ARM.Collect$$$$0000000B  mc_w.l(entry9a.o)
    0x08000194   0x00000000   Code   RO          675    .ARM.Collect$$$$0000000D  mc_w.l(entry10a.o)
    0x08000194   0x00000000   Code   RO          677    .ARM.Collect$$$$0000000F  mc_w.l(entry11a.o)
    0x08000194   0x00000004   Code   RO          666    .ARM.Collect$$$$00002712  mc_w.l(entry2.o)
    0x08000198   0x00000096   Code   RO          577    .emb_text           port.o
    0x0800022e   0x00000002   PAD
    0x08000230   0x0000004c   Code   RO            3    .text               main.o
    0x0800027c   0x0000019c   Code   RO          180    .text               serial.o
    0x08000418   0x00000150   Code   RO          215    .text               app_led.o
    0x08000568   0x000000e4   Code   RO          235    .text               uarttest.o
    0x0800064c   0x000001e4   Code   RO          274    .text               freertos_cli.o
    0x08000830   0x000001a0   Code   RO          303    .text               uartcommandconsole.o
    0x080009d0   0x00000040   Code   RO          324    .text               cli-commands.o
    0x08000a10   0x000000e0   Code   RO          341    .text               misc.o
    0x08000af0   0x0000025c   Code   RO          361    .text               stm32f2xx_gpio.o
    0x08000d4c   0x0000001a   Code   RO          381    .text               stm32f2xx_it.o
    0x08000d66   0x00000002   PAD
    0x08000d68   0x00000588   Code   RO          404    .text               stm32f2xx_rcc.o
    0x080012f0   0x0000001c   Code   RO          427    .text               cstartup.o
    0x0800130c   0x000001e0   Code   RO          433    .text               system_stm32f2xx.o
    0x080014ec   0x0000041a   Code   RO          459    .text               stm32f2xx_usart.o
    0x08001906   0x00000094   Code   RO          516    .text               list.o
    0x0800199a   0x00000002   PAD
    0x0800199c   0x0000070c   Code   RO          528    .text               queue.o
    0x080020a8   0x000010f8   Code   RO          540    .text               tasks.o
    0x080031a0   0x000000e4   Code   RO          578    .text               port.o
    0x08003284   0x00000124   Code   RO          607    .text               heap_2.o
    0x080033a8   0x00000024   Code   RO          625    .text               mc_w.l(memcpya.o)
    0x080033cc   0x00000024   Code   RO          627    .text               mc_w.l(memseta.o)
    0x080033f0   0x0000000e   Code   RO          629    .text               mc_w.l(strlen.o)
    0x080033fe   0x00000012   Code   RO          631    .text               mc_w.l(strcpy.o)
    0x08003410   0x0000001e   Code   RO          633    .text               mc_w.l(strncmp.o)
    0x0800342e   0x0000002c   Code   RO          682    .text               mc_w.l(uidiv.o)
    0x0800345a   0x00000062   Code   RO          684    .text               mc_w.l(uldiv.o)
    0x080034bc   0x00000000   Code   RO          686    .text               mc_w.l(iusefp.o)
    0x080034bc   0x0000014e   Code   RO          687    .text               mf_w.l(dadd.o)
    0x0800360a   0x000000e4   Code   RO          689    .text               mf_w.l(dmul.o)
    0x080036ee   0x000000de   Code   RO          691    .text               mf_w.l(ddiv.o)
    0x080037cc   0x00000030   Code   RO          693    .text               mf_w.l(dfixul.o)
    0x080037fc   0x00000028   Code   RO          695    .text               mf_w.l(cdrcmple.o)
    0x08003824   0x00000024   Code   RO          697    .text               mc_w.l(init.o)
    0x08003848   0x0000001e   Code   RO          700    .text               mc_w.l(llshl.o)
    0x08003866   0x00000020   Code   RO          702    .text               mc_w.l(llushr.o)
    0x08003886   0x00000024   Code   RO          704    .text               mc_w.l(llsshr.o)
    0x080038aa   0x000000b6   Code   RO          707    .text               mf_w.l(depilogue.o)
    0x08003960   0x00000024   Code   RO          644    i.__0vsprintf       mc_w.l(printfa.o)
    0x08003984   0x0000000e   Code   RO          711    i.__scatterload_copy  mc_w.l(handlers.o)
    0x08003992   0x00000002   Code   RO          712    i.__scatterload_null  mc_w.l(handlers.o)
    0x08003994   0x0000000e   Code   RO          713    i.__scatterload_zeroinit  mc_w.l(handlers.o)
    0x080039a2   0x00000002   PAD
    0x080039a4   0x00000164   Code   RO          645    i._fp_digits        mc_w.l(printfa.o)
    0x08003b08   0x000006dc   Code   RO          646    i._printf_core      mc_w.l(printfa.o)
    0x080041e4   0x00000024   Code   RO          647    i._printf_post_padding  mc_w.l(printfa.o)
    0x08004208   0x0000002e   Code   RO          648    i._printf_pre_padding  mc_w.l(printfa.o)
    0x08004236   0x0000000a   Code   RO          650    i._sputc            mc_w.l(printfa.o)
    0x08004240   0x000000b4   Data   RO          276    .constdata          freertos_cli.o
    0x080042f4   0x00000008   Data   RO          305    .constdata          uartcommandconsole.o
    0x080042fc   0x00000010   Data   RO          325    .constdata          cli-commands.o
    0x0800430c   0x00000035   Data   RO          277    .conststring        freertos_cli.o
    0x08004341   0x00000003   PAD
    0x08004344   0x0000003d   Data   RO          306    .conststring        uartcommandconsole.o
    0x08004381   0x00000003   PAD
    0x08004384   0x0000001f   Data   RO          326    .conststring        cli-commands.o
    0x080043a3   0x00000001   PAD
    0x080043a4   0x00000020   Data   RO          709    Region$$Table       anon$$obj.o


    Execution Region RW_IRAM1 (Base: 0x20000000, Size: 0x00004c70, Max: 0x00020000, ABSOLUTE)

    Base Addr    Size         Type   Attr      Idx    E Section Name        Object

    0x20000000   0x00000008   Data   RW          181    .data               serial.o
    0x20000008   0x00000008   Data   RW          236    .data               uarttest.o
    0x20000010   0x00000010   Data   RW          278    .data               freertos_cli.o
    0x20000020   0x00000008   Data   RW          307    .data               uartcommandconsole.o
    0x20000028   0x00000010   Data   RW          405    .data               stm32f2xx_rcc.o
    0x20000038   0x00000014   Data   RW          434    .data               system_stm32f2xx.o
    0x2000004c   0x0000003c   Data   RW          542    .data               tasks.o
    0x20000088   0x00000004   Data   RW          579    .data               port.o
    0x2000008c   0x00000018   Data   RW          609    .data               heap_2.o
    0x200000a4   0x00000100   Zero   RW          275    .bss                freertos_cli.o
    0x200001a4   0x00000200   Zero   RW          304    .bss                uartcommandconsole.o
    0x200003a4   0x000000c8   Zero   RW          541    .bss                tasks.o
    0x2000046c   0x00004400   Zero   RW          608    .bss                heap_2.o
    0x2000486c   0x00000004   PAD
    0x20004870   0x00000400   Zero   RW          424    STACK               cstartup.o


==============================================================================

Image component sizes


      Code (inc. data)   RO Data    RW Data    ZI Data      Debug   Object Name

       336         10          0          0          0       1239   app_led.o
        64         28         47          0          0       1467   cli-commands.o
        28          4        388          0       1024        776   cstartup.o
         0          0          0          0          0       8092   event_groups.o
       484         74        233         16        256       4466   freertos_cli.o
       292         20          0         24      17408       3108   heap_2.o
       148          0          0          0          0       1794   list.o
        76         14          0          0          0     248181   main.o
       224         20          0          0          0       1737   misc.o
       378         28          0          4          0       6948   port.o
      1804          8          0          0          0      10548   queue.o
       412         22          0          8          0       5313   serial.o
       604         36          0          0          0       3833   stm32f2xx_gpio.o
        26          0          0          0          0       1210   stm32f2xx_it.o
      1416         48          0         16          0      10775   stm32f2xx_rcc.o
      1050         26          0          0          0       7544   stm32f2xx_usart.o
       480         40          0         20          0       1707   system_stm32f2xx.o
      4344        262          0         60        200      27056   tasks.o
       416         34         69          8        512       1629   uartcommandconsole.o
       228         40          0          8          0       4496   uarttest.o

    ----------------------------------------------------------------------
     12816        714        776        164      19404     351919   Object Totals
         0          0         32          0          0          0   (incl. Generated)
         6          0          7          0          4          0   (incl. Padding)

    ----------------------------------------------------------------------

      Code (inc. data)   RO Data    RW Data    ZI Data      Debug   Library Member Name

         0          0          0          0          0          0   entry.o
         0          0          0          0          0          0   entry10a.o
         0          0          0          0          0          0   entry11a.o
         8          4          0          0          0          0   entry2.o
         4          0          0          0          0          0   entry5.o
         0          0          0          0          0          0   entry7b.o
         0          0          0          0          0          0   entry8b.o
         8          4          0          0          0          0   entry9a.o
        30          0          0          0          0          0   handlers.o
        36          8          0          0          0         68   init.o
         0          0          0          0          0          0   iusefp.o
        30          0          0          0          0         68   llshl.o
        36          0          0          0          0         68   llsshr.o
        32          0          0          0          0         68   llushr.o
        36          0          0          0          0         68   memcpya.o
        36          0          0          0          0        108   memseta.o
      2240         86          0          0          0        508   printfa.o
        18          0          0          0          0         68   strcpy.o
        14          0          0          0          0         68   strlen.o
        30          0          0          0          0         80   strncmp.o
        44          0          0          0          0         80   uidiv.o
        98          0          0          0          0         92   uldiv.o
        40          2          0          0          0         68   cdrcmple.o
       334          0          0          0          0        148   dadd.o
       222          0          0          0          0        100   ddiv.o
       182          0          0          0          0        176   depilogue.o
        48          0          0          0          0         68   dfixul.o
       228          0          0          0          0         96   dmul.o

    ----------------------------------------------------------------------
      3756        104          0          0          0       2000   Library Totals
         2          0          0          0          0          0   (incl. Padding)

    ----------------------------------------------------------------------

      Code (inc. data)   RO Data    RW Data    ZI Data      Debug   Library Name

      2700        102          0          0          0       1344   mc_w.l
      1054          2          0          0          0        656   mf_w.l

    ----------------------------------------------------------------------
      3756        104          0          0          0       2000   Library Totals

    ----------------------------------------------------------------------

==============================================================================


      Code (inc. data)   RO Data    RW Data    ZI Data      Debug   

     16572        818        776        164      19404     351159   Grand Totals
     16572        818        776        164      19404     351159   ELF Image Totals
     16572        818        776        164          0          0   ROM Totals

==============================================================================

    Total RO  Size (Code + RO Data)                17348 (  16.94kB)
    Total RW  Size (RW Data + ZI Data)             19568 (  19.11kB)
    Total ROM Size (Code + RO Data + RW Data)      17512 (  17.10kB)

==============================================================================

